Archive member included to satisfy reference by file (symbol)

C:/ST/STM32CubeIDE_1.16.0/STM32CubeIDE/plugins/com.st.stm32cube.ide.mcu.externaltools.gnu-tools-for-stm32.12.3.rel1.win32_1.0.200.202406191623/tools/bin/../lib/gcc/arm-none-eabi/12.3.1/../../../../arm-none-eabi/lib/thumb/v6-m/nofp\libc.a(libc_a-atof.o)
                              BOS\BOS_CLI.o (atof)
C:/ST/STM32CubeIDE_1.16.0/STM32CubeIDE/plugins/com.st.stm32cube.ide.mcu.externaltools.gnu-tools-for-stm32.12.3.rel1.win32_1.0.200.202406191623/tools/bin/../lib/gcc/arm-none-eabi/12.3.1/../../../../arm-none-eabi/lib/thumb/v6-m/nofp\libc.a(libc_a-atoi.o)
                              BOS\BOS_CLIcommands.o (atoi)
C:/ST/STM32CubeIDE_1.16.0/STM32CubeIDE/plugins/com.st.stm32cube.ide.mcu.externaltools.gnu-tools-for-stm32.12.3.rel1.win32_1.0.200.202406191623/tools/bin/../lib/gcc/arm-none-eabi/12.3.1/../../../../arm-none-eabi/lib/thumb/v6-m/nofp\libc.a(libc_a-atol.o)
                              BOS\BOS.o (atol)
C:/ST/STM32CubeIDE_1.16.0/STM32CubeIDE/plugins/com.st.stm32cube.ide.mcu.externaltools.gnu-tools-for-stm32.12.3.rel1.win32_1.0.200.202406191623/tools/bin/../lib/gcc/arm-none-eabi/12.3.1/../../../../arm-none-eabi/lib/thumb/v6-m/nofp\libc.a(libc_a-exit.o)
                              C:/ST/STM32CubeIDE_1.16.0/STM32CubeIDE/plugins/com.st.stm32cube.ide.mcu.externaltools.gnu-tools-for-stm32.12.3.rel1.win32_1.0.200.202406191623/tools/bin/../lib/gcc/arm-none-eabi/12.3.1/../../../../arm-none-eabi/lib/thumb/v6-m/nofp/crt0.o (exit)
C:/ST/STM32CubeIDE_1.16.0/STM32CubeIDE/plugins/com.st.stm32cube.ide.mcu.externaltools.gnu-tools-for-stm32.12.3.rel1.win32_1.0.200.202406191623/tools/bin/../lib/gcc/arm-none-eabi/12.3.1/../../../../arm-none-eabi/lib/thumb/v6-m/nofp\libc.a(libc_a-malloc.o)
                              BOS\BOS.o (malloc)
C:/ST/STM32CubeIDE_1.16.0/STM32CubeIDE/plugins/com.st.stm32cube.ide.mcu.externaltools.gnu-tools-for-stm32.12.3.rel1.win32_1.0.200.202406191623/tools/bin/../lib/gcc/arm-none-eabi/12.3.1/../../../../arm-none-eabi/lib/thumb/v6-m/nofp\libc.a(libc_a-mallocr.o)
                              C:/ST/STM32CubeIDE_1.16.0/STM32CubeIDE/plugins/com.st.stm32cube.ide.mcu.externaltools.gnu-tools-for-stm32.12.3.rel1.win32_1.0.200.202406191623/tools/bin/../lib/gcc/arm-none-eabi/12.3.1/../../../../arm-none-eabi/lib/thumb/v6-m/nofp\libc.a(libc_a-malloc.o) (_malloc_r)
C:/ST/STM32CubeIDE_1.16.0/STM32CubeIDE/plugins/com.st.stm32cube.ide.mcu.externaltools.gnu-tools-for-stm32.12.3.rel1.win32_1.0.200.202406191623/tools/bin/../lib/gcc/arm-none-eabi/12.3.1/../../../../arm-none-eabi/lib/thumb/v6-m/nofp\libc.a(libc_a-mlock.o)
                              C:/ST/STM32CubeIDE_1.16.0/STM32CubeIDE/plugins/com.st.stm32cube.ide.mcu.externaltools.gnu-tools-for-stm32.12.3.rel1.win32_1.0.200.202406191623/tools/bin/../lib/gcc/arm-none-eabi/12.3.1/../../../../arm-none-eabi/lib/thumb/v6-m/nofp\libc.a(libc_a-mallocr.o) (__malloc_lock)
C:/ST/STM32CubeIDE_1.16.0/STM32CubeIDE/plugins/com.st.stm32cube.ide.mcu.externaltools.gnu-tools-for-stm32.12.3.rel1.win32_1.0.200.202406191623/tools/bin/../lib/gcc/arm-none-eabi/12.3.1/../../../../arm-none-eabi/lib/thumb/v6-m/nofp\libc.a(libc_a-rand.o)
                              BOS\BOS_CLIcommands.o (rand)
C:/ST/STM32CubeIDE_1.16.0/STM32CubeIDE/plugins/com.st.stm32cube.ide.mcu.externaltools.gnu-tools-for-stm32.12.3.rel1.win32_1.0.200.202406191623/tools/bin/../lib/gcc/arm-none-eabi/12.3.1/../../../../arm-none-eabi/lib/thumb/v6-m/nofp\libc.a(libc_a-realloc.o)
                              BOS\BOS_CLI.o (realloc)
C:/ST/STM32CubeIDE_1.16.0/STM32CubeIDE/plugins/com.st.stm32cube.ide.mcu.externaltools.gnu-tools-for-stm32.12.3.rel1.win32_1.0.200.202406191623/tools/bin/../lib/gcc/arm-none-eabi/12.3.1/../../../../arm-none-eabi/lib/thumb/v6-m/nofp\libc.a(libc_a-reallocr.o)
                              C:/ST/STM32CubeIDE_1.16.0/STM32CubeIDE/plugins/com.st.stm32cube.ide.mcu.externaltools.gnu-tools-for-stm32.12.3.rel1.win32_1.0.200.202406191623/tools/bin/../lib/gcc/arm-none-eabi/12.3.1/../../../../arm-none-eabi/lib/thumb/v6-m/nofp\libc.a(libc_a-realloc.o) (_realloc_r)
C:/ST/STM32CubeIDE_1.16.0/STM32CubeIDE/plugins/com.st.stm32cube.ide.mcu.externaltools.gnu-tools-for-stm32.12.3.rel1.win32_1.0.200.202406191623/tools/bin/../lib/gcc/arm-none-eabi/12.3.1/../../../../arm-none-eabi/lib/thumb/v6-m/nofp\libc.a(libc_a-strtod.o)
                              C:/ST/STM32CubeIDE_1.16.0/STM32CubeIDE/plugins/com.st.stm32cube.ide.mcu.externaltools.gnu-tools-for-stm32.12.3.rel1.win32_1.0.200.202406191623/tools/bin/../lib/gcc/arm-none-eabi/12.3.1/../../../../arm-none-eabi/lib/thumb/v6-m/nofp\libc.a(libc_a-atof.o) (strtod)
C:/ST/STM32CubeIDE_1.16.0/STM32CubeIDE/plugins/com.st.stm32cube.ide.mcu.externaltools.gnu-tools-for-stm32.12.3.rel1.win32_1.0.200.202406191623/tools/bin/../lib/gcc/arm-none-eabi/12.3.1/../../../../arm-none-eabi/lib/thumb/v6-m/nofp\libc.a(libc_a-strtol.o)
[...]
Memory Configuration

Name             Origin             Length             Attributes
RAM              0x20000000         0x00024000         xrw
FLASH            0x08000000         0x00080000         xr
*default*        0x00000000         0xffffffff

Linker script and memory map

LOAD C:/ST/STM32CubeIDE_1.16.0/STM32CubeIDE/plugins/com.st.stm32cube.ide.mcu.externaltools.gnu-tools-for-stm32.12.3.rel1.win32_1.0.200.202406191623/tools/bin/../lib/gcc/arm-none-eabi/12.3.1/thumb/v6-m/nofp/crti.o
LOAD C:/ST/STM32CubeIDE_1.16.0/STM32CubeIDE/plugins/com.st.stm32cube.ide.mcu.externaltools.gnu-tools-for-stm32.12.3.rel1.win32_1.0.200.202406191623/tools/bin/../lib/gcc/arm-none-eabi/12.3.1/thumb/v6-m/nofp/crtbegin.o
LOAD C:/ST/STM32CubeIDE_1.16.0/STM32CubeIDE/plugins/com.st.stm32cube.ide.mcu.externaltools.gnu-tools-for-stm32.12.3.rel1.win32_1.0.200.202406191623/tools/bin/../lib/gcc/arm-none-eabi/12.3.1/../../../../arm-none-eabi/lib/thumb/v6-m/nofp/crt0.o
LOAD BOS\BOS.o
LOAD BOS\BOS_CLI.o
LOAD BOS\BOS_CLIcommands.o
LOAD BOS\BOS_dma.o
LOAD BOS\BOS_freertos.o
LOAD BOS\BOS_messaging.o
LOAD BOS\BOS_msgparser.o
LOAD H08R7\H08R7.o
LOAD H08R7\H08R7_dma.o
LOAD H08R7\H08R7_eeprom.o
LOAD H08R7\H08R7_gpio.o
LOAD H08R7\H08R7_i2c.o
LOAD H08R7\H08R7_inputs.o
LOAD H08R7\H08R7_it.o
LOAD H08R7\H08R7_rtc.o
LOAD H08R7\H08R7_timers.o
LOAD H08R7\H08R7_uart.o
LOAD H08R7\startup_stm32g0b1ceuxn.o
LOAD Thirdparty\CMSIS\STM32G0xx\Device\ST\STM32G0xx\Source\Templates\system_stm32g0xx.o
LOAD Thirdparty\EEPROM_Emul\Core\eeprom_emul.o
LOAD Thirdparty\EEPROM_Emul\Porting\STM32G0\flash_interface.o
LOAD Thirdparty\Middleware\STM32G0xx\FreeRTOS\Source\CMSIS_RTOS\cmsis_os.o
LOAD Thirdparty\Middleware\STM32G0xx\FreeRTOS\Source\FreeRTOS_CLI.o
LOAD Thirdparty\Middleware\STM32G0xx\FreeRTOS\Source\croutine.o
LOAD Thirdparty\Middleware\STM32G0xx\FreeRTOS\Source\event_groups.o
LOAD Thirdparty\Middleware\STM32G0xx\FreeRTOS\Source\list.o
LOAD Thirdparty\Middleware\STM32G0xx\FreeRTOS\Source\portable\GCC\ARM_CM0\port.o
LOAD Thirdparty\Middleware\STM32G0xx\FreeRTOS\Source\portable\MemMang\heap_4.o
LOAD Thirdparty\Middleware\STM32G0xx\FreeRTOS\Source\queue.o
LOAD Thirdparty\Middleware\STM32G0xx\FreeRTOS\Source\stream_buffer.o
LOAD Thirdparty\Middleware\STM32G0xx\FreeRTOS\Source\tasks.o
LOAD Thirdparty\Middleware\STM32G0xx\FreeRTOS\Source\timers.o
LOAD Thirdparty\STM32G0xx_HAL_Driver\Src\stm32g0xx_hal.o
LOAD Thirdparty\STM32G0xx_HAL_Driver\Src\stm32g0xx_hal_adc.o
LOAD Thirdparty\STM32G0xx_HAL_Driver\Src\stm32g0xx_hal_adc_ex.o
LOAD Thirdparty\STM32G0xx_HAL_Driver\Src\stm32g0xx_hal_cec.o
LOAD Thirdparty\STM32G0xx_HAL_Driver\Src\stm32g0xx_hal_comp.o
LOAD Thirdparty\STM32G0xx_HAL_Driver\Src\stm32g0xx_hal_cortex.o
LOAD Thirdparty\STM32G0xx_HAL_Driver\Src\stm32g0xx_hal_crc.o
LOAD Thirdparty\STM32G0xx_HAL_Driver\Src\stm32g0xx_hal_crc_ex.o
LOAD Thirdparty\STM32G0xx_HAL_Driver\Src\stm32g0xx_hal_cryp.o
LOAD Thirdparty\STM32G0xx_HAL_Driver\Src\stm32g0xx_hal_cryp_ex.o
LOAD Thirdparty\STM32G0xx_HAL_Driver\Src\stm32g0xx_hal_dac.o
LOAD Thirdparty\STM32G0xx_HAL_Driver\Src\stm32g0xx_hal_dac_ex.o
LOAD Thirdparty\STM32G0xx_HAL_Driver\Src\stm32g0xx_hal_dma.o
LOAD Thirdparty\STM32G0xx_HAL_Driver\Src\stm32g0xx_hal_dma_ex.o
LOAD Thirdparty\STM32G0xx_HAL_Driver\Src\stm32g0xx_hal_exti.o
LOAD Thirdparty\STM32G0xx_HAL_Driver\Src\stm32g0xx_hal_fdcan.o
LOAD Thirdparty\STM32G0xx_HAL_Driver\Src\stm32g0xx_hal_flash.o
LOAD Thirdparty\STM32G0xx_HAL_Driver\Src\stm32g0xx_hal_flash_ex.o
LOAD Thirdparty\STM32G0xx_HAL_Driver\Src\stm32g0xx_hal_gpio.o
LOAD Thirdparty\STM32G0xx_HAL_Driver\Src\stm32g0xx_hal_hcd.o
LOAD Thirdparty\STM32G0xx_HAL_Driver\Src\stm32g0xx_hal_i2c.o
LOAD Thirdparty\STM32G0xx_HAL_Driver\Src\stm32g0xx_hal_i2c_ex.o
LOAD Thirdparty\STM32G0xx_HAL_Driver\Src\stm32g0xx_hal_i2s.o
LOAD Thirdparty\STM32G0xx_HAL_Driver\Src\stm32g0xx_hal_irda.o
LOAD Thirdparty\STM32G0xx_HAL_Driver\Src\stm32g0xx_hal_iwdg.o
LOAD Thirdparty\STM32G0xx_HAL_Driver\Src\stm32g0xx_hal_lptim.o
LOAD Thirdparty\STM32G0xx_HAL_Driver\Src\stm32g0xx_hal_msp_template.o
LOAD Thirdparty\STM32G0xx_HAL_Driver\Src\stm32g0xx_hal_pcd.o
LOAD Thirdparty\STM32G0xx_HAL_Driver\Src\stm32g0xx_hal_pcd_ex.o
LOAD Thirdparty\STM32G0xx_HAL_Driver\Src\stm32g0xx_hal_pwr.o
LOAD Thirdparty\STM32G0xx_HAL_Driver\Src\stm32g0xx_hal_pwr_ex.o
LOAD Thirdparty\STM32G0xx_HAL_Driver\Src\stm32g0xx_hal_rcc.o
LOAD Thirdparty\STM32G0xx_HAL_Driver\Src\stm32g0xx_hal_rcc_ex.o
LOAD Thirdparty\STM32G0xx_HAL_Driver\Src\stm32g0xx_hal_rng.o
LOAD Thirdparty\STM32G0xx_HAL_Driver\Src\stm32g0xx_hal_rtc.o
LOAD Thirdparty\STM32G0xx_HAL_Driver\Src\stm32g0xx_hal_rtc_ex.o
LOAD Thirdparty\STM32G0xx_HAL_Driver\Src\stm32g0xx_hal_smartcard.o
LOAD Thirdparty\STM32G0xx_HAL_Driver\Src\stm32g0xx_hal_smartcard_ex.o
LOAD Thirdparty\STM32G0xx_HAL_Driver\Src\stm32g0xx_hal_smbus.o
LOAD Thirdparty\STM32G0xx_HAL_Driver\Src\stm32g0xx_hal_smbus_ex.o
LOAD Thirdparty\STM32G0xx_HAL_Driver\Src\stm32g0xx_hal_spi.o
LOAD Thirdparty\STM32G0xx_HAL_Driver\Src\stm32g0xx_hal_spi_ex.o
LOAD Thirdparty\STM32G0xx_HAL_Driver\Src\stm32g0xx_hal_tim.o
LOAD Thirdparty\STM32G0xx_HAL_Driver\Src\stm32g0xx_hal_tim_ex.o
LOAD Thirdparty\STM32G0xx_HAL_Driver\Src\stm32g0xx_hal_uart.o
LOAD Thirdparty\STM32G0xx_HAL_Driver\Src\stm32g0xx_hal_uart_ex.o
LOAD Thirdparty\STM32G0xx_HAL_Driver\Src\stm32g0xx_hal_usart.o
LOAD Thirdparty\STM32G0xx_HAL_Driver\Src\stm32g0xx_hal_usart_ex.o
LOAD Thirdparty\STM32G0xx_HAL_Driver\Src\stm32g0xx_hal_wwdg.o
LOAD Thirdparty\STM32G0xx_HAL_Driver\Src\stm32g0xx_ll_adc.o
LOAD Thirdparty\STM32G0xx_HAL_Driver\Src\stm32g0xx_ll_comp.o
LOAD Thirdparty\STM32G0xx_HAL_Driver\Src\stm32g0xx_ll_crc.o
LOAD Thirdparty\STM32G0xx_HAL_Driver\Src\stm32g0xx_ll_crs.o
LOAD Thirdparty\STM32G0xx_HAL_Driver\Src\stm32g0xx_ll_dac.o
LOAD Thirdparty\STM32G0xx_HAL_Driver\Src\stm32g0xx_ll_dma.o
LOAD Thirdparty\STM32G0xx_HAL_Driver\Src\stm32g0xx_ll_exti.o
LOAD Thirdparty\STM32G0xx_HAL_Driver\Src\stm32g0xx_ll_gpio.o
LOAD Thirdparty\STM32G0xx_HAL_Driver\Src\stm32g0xx_ll_i2c.o
LOAD Thirdparty\STM32G0xx_HAL_Driver\Src\stm32g0xx_ll_lptim.o
LOAD Thirdparty\STM32G0xx_HAL_Driver\Src\stm32g0xx_ll_lpuart.o
LOAD Thirdparty\STM32G0xx_HAL_Driver\Src\stm32g0xx_ll_pwr.o
LOAD Thirdparty\STM32G0xx_HAL_Driver\Src\stm32g0xx_ll_rcc.o
LOAD Thirdparty\STM32G0xx_HAL_Driver\Src\stm32g0xx_ll_rng.o
LOAD Thirdparty\STM32G0xx_HAL_Driver\Src\stm32g0xx_ll_rtc.o
LOAD Thirdparty\STM32G0xx_HAL_Driver\Src\stm32g0xx_ll_spi.o
LOAD Thirdparty\STM32G0xx_HAL_Driver\Src\stm32g0xx_ll_tim.o
LOAD Thirdparty\STM32G0xx_HAL_Driver\Src\stm32g0xx_ll_ucpd.o
LOAD Thirdparty\STM32G0xx_HAL_Driver\Src\stm32g0xx_ll_usart.o
LOAD Thirdparty\STM32G0xx_HAL_Driver\Src\stm32g0xx_ll_usb.o
LOAD Thirdparty\STM32G0xx_HAL_Driver\Src\stm32g0xx_ll_utils.o
LOAD Thirdparty\VL53L1\Application_VL53L1.o
LOAD Thirdparty\VL53L1\vl53l1_Driver\Src\vl53l1_platform.o
LOAD Thirdparty\VL53L1\vl53l1_Driver\Src\vl53l1_platform_init.o
LOAD Thirdparty\VL53L1\vl53l1_Driver\Src\vl53l1_platform_ipp.o
LOAD Thirdparty\VL53L1\vl53l1_Driver\Src\vl53l1_platform_log.o
LOAD Thirdparty\VL53L1\vl53l1_Driver\vl53l1\vl53l1_api.o
LOAD Thirdparty\VL53L1\vl53l1_Driver\vl53l1\vl53l1_api_calibration.o
LOAD Thirdparty\VL53L1\vl53l1_Driver\vl53l1\vl53l1_api_core.o
LOAD Thirdparty\VL53L1\vl53l1_Driver\vl53l1\vl53l1_api_debug.o
LOAD Thirdparty\VL53L1\vl53l1_Driver\vl53l1\vl53l1_api_preset_modes.o
LOAD Thirdparty\VL53L1\vl53l1_Driver\vl53l1\vl53l1_api_strings.o
LOAD Thirdparty\VL53L1\vl53l1_Driver\vl53l1\vl53l1_core.o
LOAD Thirdparty\VL53L1\vl53l1_Driver\vl53l1\vl53l1_core_support.o
LOAD Thirdparty\VL53L1\vl53l1_Driver\vl53l1\vl53l1_dmax.o
LOAD Thirdparty\VL53L1\vl53l1_Driver\vl53l1\vl53l1_error_strings.o
LOAD Thirdparty\VL53L1\vl53l1_Driver\vl53l1\vl53l1_hist_algos_gen3.o
LOAD Thirdparty\VL53L1\vl53l1_Driver\vl53l1\vl53l1_hist_algos_gen4.o
LOAD Thirdparty\VL53L1\vl53l1_Driver\vl53l1\vl53l1_hist_char.o
LOAD Thirdparty\VL53L1\vl53l1_Driver\vl53l1\vl53l1_hist_core.o
LOAD Thirdparty\VL53L1\vl53l1_Driver\vl53l1\vl53l1_hist_funcs.o
LOAD Thirdparty\VL53L1\vl53l1_Driver\vl53l1\vl53l1_nvm.o
LOAD Thirdparty\VL53L1\vl53l1_Driver\vl53l1\vl53l1_nvm_debug.o
LOAD Thirdparty\VL53L1\vl53l1_Driver\vl53l1\vl53l1_register_funcs.o
LOAD Thirdparty\VL53L1\vl53l1_Driver\vl53l1\vl53l1_sigma_estimate.o
LOAD Thirdparty\VL53L1\vl53l1_Driver\vl53l1\vl53l1_silicon_core.o
LOAD Thirdparty\VL53L1\vl53l1_Driver\vl53l1\vl53l1_wait.o
LOAD Thirdparty\VL53L1\vl53l1_Driver\vl53l1\vl53l1_xtalk.o
LOAD Thirdparty\VL53L1\vl53l1_Driver\vl53l1\vl53l1_zone_presets.o
LOAD User\main.o
LOAD syscalls.o
START GROUP
LOAD C:/ST/STM32CubeIDE_1.16.0/STM32CubeIDE/plugins/com.st.stm32cube.ide.mcu.externaltools.gnu-tools-for-stm32.12.3.rel1.win32_1.0.200.202406191623/tools/bin/../lib/gcc/arm-none-eabi/12.3.1/../../../../arm-none-eabi/lib/thumb/v6-m/nofp\libc.a
LOAD C:/ST/STM32CubeIDE_1.16.0/STM32CubeIDE/plugins/com.st.stm32cube.ide.mcu.externaltools.gnu-tools-for-stm32.12.3.rel1.win32_1.0.200.202406191623/tools/bin/../lib/gcc/arm-none-eabi/12.3.1/../../../../arm-none-eabi/lib/thumb/v6-m/nofp\libm.a
END GROUP
START GROUP
LOAD C:/ST/STM32CubeIDE_1.16.0/STM32CubeIDE/plugins/com.st.stm32cube.ide.mcu.externaltools.gnu-tools-for-stm32.12.3.rel1.win32_1.0.200.202406191623/tools/bin/../lib/gcc/arm-none-eabi/12.3.1/thumb/v6-m/nofp\libgcc.a
LOAD C:/ST/STM32CubeIDE_1.16.0/STM32CubeIDE/plugins/com.st.stm32cube.ide.mcu.externaltools.gnu-tools-for-stm32.12.3.rel1.win32_1.0.200.202406191623/tools/bin/../lib/gcc/arm-none-eabi/12.3.1/../../../../arm-none-eabi/lib/thumb/v6-m/nofp\libc.a
END GROUP
START GROUP
LOAD C:/ST/STM32CubeIDE_1.16.0/STM32CubeIDE/plugins/com.st.stm32cube.ide.mcu.externaltools.gnu-tools-for-stm32.12.3.rel1.win32_1.0.200.202406191623/tools/bin/../lib/gcc/arm-none-eabi/12.3.1/thumb/v6-m/nofp\libgcc.a
LOAD C:/ST/STM32CubeIDE_1.16.0/STM32CubeIDE/plugins/com.st.stm32cube.ide.mcu.externaltools.gnu-tools-for-stm32.12.3.rel1.win32_1.0.200.202406191623/tools/bin/../lib/gcc/arm-none-eabi/12.3.1/../../../../arm-none-eabi/lib/thumb/v6-m/nofp\libc.a
LOAD C:/ST/STM32CubeIDE_1.16.0/STM32CubeIDE/plugins/com.st.stm32cube.ide.mcu.externaltools.gnu-tools-for-stm32.12.3.rel1.win32_1.0.200.202406191623/tools/bin/../lib/gcc/arm-none-eabi/12.3.1/../../../../arm-none-eabi/lib/thumb/v6-m/nofp\libnosys.a
END GROUP
LOAD C:/ST/STM32CubeIDE_1.16.0/STM32CubeIDE/plugins/com.st.stm32cube.ide.mcu.externaltools.gnu-tools-for-stm32.12.3.rel1.win32_1.0.200.202406191623/tools/bin/../lib/gcc/arm-none-eabi/12.3.1/thumb/v6-m/nofp/crtend.o
LOAD C:/ST/STM32CubeIDE_1.16.0/STM32CubeIDE/plugins/com.st.stm32cube.ide.mcu.externaltools.gnu-tools-for-stm32.12.3.rel1.win32_1.0.200.202406191623/tools/bin/../lib/gcc/arm-none-eabi/12.3.1/thumb/v6-m/nofp/crtn.o
                0x20024000                        _estack = (ORIGIN (RAM) + LENGTH (RAM))
                0x00000200                        _Min_Heap_Size = 0x200
                0x00000400                        _Min_Stack_Size = 0x400

.isr_vector     0x08000000       0xbc
                0x08000000                        . = ALIGN (0x4)
 *(.isr_vector)
 .isr_vector    0x08000000       0xbc H08R7\startup_stm32g0b1ceuxn.o
                0x08000000                g_pfnVectors
                0x080000bc                        . = ALIGN (0x4)

.text           0x080000c0    0x41840
                0x080000c0                        . = ALIGN (0x4)
 *(.text)
 .text          0x080000c0       0x48 C:/ST/STM32CubeIDE_1.16.0/STM32CubeIDE/plugins/com.st.stm32cube.ide.mcu.externaltools.gnu-tools-for-stm32.12.3.rel1.win32_1.0.200.202406191623/tools/bin/../lib/gcc/arm-none-eabi/12.3.1/thumb/v6-m/nofp/crtbegin.o
 .text          0x08000108       0x14 C:/ST/STM32CubeIDE_1.16.0/STM32CubeIDE/plugins/com.st.stm32cube.ide.mcu.externaltools.gnu-tools-for-stm32.12.3.rel1.win32_1.0.200.202406191623/tools/bin/../lib/gcc/arm-none-eabi/12.3.1/../../../../arm-none-eabi/lib/thumb/v6-m/nofp\libc.a(libc_a-strcmp.o)
                0x08000108                strcmp
 .text          0x0800011c        0xe C:/ST/STM32CubeIDE_1.16.0/STM32CubeIDE/plugins/com.st.stm32cube.ide.mcu.externaltools.gnu-tools-for-stm32.12.3.rel1.win32_1.0.200.202406191623/tools/bin/../lib/gcc/arm-none-eabi/12.3.1/../../../../arm-none-eabi/lib/thumb/v6-m/nofp\libc.a(libc_a-strlen.o)
                0x0800011c                strlen
 *fill*         0x0800012a        0x2 
 .text          0x0800012c       0x14 C:/ST/STM32CubeIDE_1.16.0/STM32CubeIDE/plugins/com.st.stm32cube.ide.mcu.externaltools.gnu-tools-for-stm32.12.3.rel1.win32_1.0.200.202406191623/tools/bin/../lib/gcc/arm-none-eabi/12.3.1/thumb/v6-m/nofp\libgcc.a(_thumb1_case_uqi.o)
                0x0800012c                __gnu_thumb1_case_uqi
 .text          0x08000140       0x14 C:/ST/STM32CubeIDE_1.16.0/STM32CubeIDE/plugins/com.st.stm32cube.ide.mcu.externaltools.gnu-tools-for-stm32.12.3.rel1.win32_1.0.200.202406191623/tools/bin/../lib/gcc/arm-none-eabi/12.3.1/thumb/v6-m/nofp\libgcc.a(_thumb1_case_uhi.o)
                0x08000140                __gnu_thumb1_case_uhi
 .text          0x08000154      0x114 C:/ST/STM32CubeIDE_1.16.0/STM32CubeIDE/plugins/com.st.stm32cube.ide.mcu.externaltools.gnu-tools-for-stm32.12.3.rel1.win32_1.0.200.202406191623/tools/bin/../lib/gcc/arm-none-eabi/12.3.1/thumb/v6-m/nofp\libgcc.a(_udivsi3.o)
                0x08000154                __aeabi_uidiv
                0x08000154                __udivsi3
                0x08000260                __aeabi_uidivmod
 .text          0x08000268      0x1d4 C:/ST/STM32CubeIDE_1.16.0/STM32CubeIDE/plugins/com.st.stm32cube.ide.mcu.externaltools.gnu-tools-for-stm32.12.3.rel1.win32_1.0.200.202406191623/tools/bin/../lib/gcc/arm-none-eabi/12.3.1/thumb/v6-m/nofp\libgcc.a(_divsi3.o)
                0x08000268                __divsi3
                0x08000268                __aeabi_idiv
                0x08000434                __aeabi_idivmod
 .text          0x0800043c        0x4 C:/ST/STM32CubeIDE_1.16.0/STM32CubeIDE/plugins/com.st.stm32cube.ide.mcu.externaltools.gnu-tools-for-stm32.12.3.rel1.win32_1.0.200.202406191623/tools/bin/../lib/gcc/arm-none-eabi/12.3.1/thumb/v6-m/nofp\libgcc.a(_dvmd_tls.o)
                0x0800043c                __aeabi_idiv0
                0x0800043c                __aeabi_ldiv0
 .text          0x08000440       0x7c C:/ST/STM32CubeIDE_1.16.0/STM32CubeIDE/plugins/com.st.stm32cube.ide.mcu.externaltools.gnu-tools-for-stm32.12.3.rel1.win32_1.0.200.202406191623/tools/bin/../lib/gcc/arm-none-eabi/12.3.1/thumb/v6-m/nofp\libgcc.a(_arm_cmpdf2.o)
                0x08000440                __aeabi_cdrcmple
                0x08000450                __aeabi_cdcmple
                0x08000450                __aeabi_cdcmpeq
                0x08000460                __aeabi_dcmpeq
                0x0800046c                __aeabi_dcmplt
                0x08000480                __aeabi_dcmple
                0x08000494                __aeabi_dcmpgt
                0x080004a8                __aeabi_dcmpge
 .text          0x080004bc       0x74 C:/ST/STM32CubeIDE_1.16.0/STM32CubeIDE/plugins/com.st.stm32cube.ide.mcu.externaltools.gnu-tools-for-stm32.12.3.rel1.win32_1.0.200.202406191623/tools/bin/../lib/gcc/arm-none-eabi/12.3.1/thumb/v6-m/nofp\libgcc.a(_arm_cmpsf2.o)
                0x080004bc                __aeabi_cfrcmple
                0x080004c4                __aeabi_cfcmpeq
                0x080004c4                __aeabi_cfcmple
                0x080004d4                __aeabi_fcmpeq
                0x080004e0                __aeabi_fcmplt
                0x080004f4                __aeabi_fcmple
                0x08000508                __aeabi_fcmpgt
                0x0800051c                __aeabi_fcmpge
 .text          0x08000530       0x48 C:/ST/STM32CubeIDE_1.16.0/STM32CubeIDE/plugins/com.st.stm32cube.ide.mcu.externaltools.gnu-tools-for-stm32.12.3.rel1.win32_1.0.200.202406191623/tools/bin/../lib/gcc/arm-none-eabi/12.3.1/thumb/v6-m/nofp\libgcc.a(_aeabi_ldivmod.o)
                0x08000530                __aeabi_ldivmod
 .text          0x08000578       0x40 C:/ST/STM32CubeIDE_1.16.0/STM32CubeIDE/plugins/com.st.stm32cube.ide.mcu.externaltools.gnu-tools-for-stm32.12.3.rel1.win32_1.0.200.202406191623/tools/bin/../lib/gcc/arm-none-eabi/12.3.1/thumb/v6-m/nofp\libgcc.a(_aeabi_uldivmod.o)
                0x08000578                __aeabi_uldivmod
 .text          0x080005b8       0x5c C:/ST/STM32CubeIDE_1.16.0/STM32CubeIDE/plugins/com.st.stm32cube.ide.mcu.externaltools.gnu-tools-for-stm32.12.3.rel1.win32_1.0.200.202406191623/tools/bin/../lib/gcc/arm-none-eabi/12.3.1/thumb/v6-m/nofp\libgcc.a(_muldi3.o)
                0x080005b8                __muldi3
                0x080005b8                __aeabi_lmul
 .text          0x08000614       0x30 C:/ST/STM32CubeIDE_1.16.0/STM32CubeIDE/plugins/com.st.stm32cube.ide.mcu.externaltools.gnu-tools-for-stm32.12.3.rel1.win32_1.0.200.202406191623/tools/bin/../lib/gcc/arm-none-eabi/12.3.1/thumb/v6-m/nofp\libgcc.a(_fixunssfsi.o)
                0x08000614                __fixunssfsi
                0x08000614                __aeabi_f2uiz
 .text          0x08000644       0x3c C:/ST/STM32CubeIDE_1.16.0/STM32CubeIDE/plugins/com.st.stm32cube.ide.mcu.externaltools.gnu-tools-for-stm32.12.3.rel1.win32_1.0.200.202406191623/tools/bin/../lib/gcc/arm-none-eabi/12.3.1/thumb/v6-m/nofp\libgcc.a(_fixunsdfsi.o)
                0x08000644                __aeabi_d2uiz
                0x08000644                __fixunsdfsi
 .text          0x08000680       0x38 C:/ST/STM32CubeIDE_1.16.0/STM32CubeIDE/plugins/com.st.stm32cube.ide.mcu.externaltools.gnu-tools-for-stm32.12.3.rel1.win32_1.0.200.202406191623/tools/bin/../lib/gcc/arm-none-eabi/12.3.1/thumb/v6-m/nofp\libgcc.a(_fixdfdi.o)
                0x08000680                __fixdfdi
                0x08000680                __aeabi_d2lz
 .text          0x080006b8       0x3c C:/ST/STM32CubeIDE_1.16.0/STM32CubeIDE/plugins/com.st.stm32cube.ide.mcu.externaltools.gnu-tools-for-stm32.12.3.rel1.win32_1.0.200.202406191623/tools/bin/../lib/gcc/arm-none-eabi/12.3.1/thumb/v6-m/nofp\libgcc.a(_fixunsdfdi.o)
                0x080006b8                __fixunsdfdi
                0x080006b8                __aeabi_d2ulz
 .text          0x080006f4       0x2c C:/ST/STM32CubeIDE_1.16.0/STM32CubeIDE/plugins/com.st.stm32cube.ide.mcu.externaltools.gnu-tools-for-stm32.12.3.rel1.win32_1.0.200.202406191623/tools/bin/../lib/gcc/arm-none-eabi/12.3.1/thumb/v6-m/nofp\libgcc.a(_floatdidf.o)
                0x080006f4                __aeabi_l2d
                0x080006f4                __floatdidf
 .text          0x08000720      0x198 C:/ST/STM32CubeIDE_1.16.0/STM32CubeIDE/plugins/com.st.stm32cube.ide.mcu.externaltools.gnu-tools-for-stm32.12.3.rel1.win32_1.0.200.202406191623/tools/bin/../lib/gcc/arm-none-eabi/12.3.1/thumb/v6-m/nofp\libgcc.a(_udivmoddi4.o)
                0x08000720                __udivmoddi4
 .text          0x080008b8       0x3c C:/ST/STM32CubeIDE_1.16.0/STM32CubeIDE/plugins/com.st.stm32cube.ide.mcu.externaltools.gnu-tools-for-stm32.12.3.rel1.win32_1.0.200.202406191623/tools/bin/../lib/gcc/arm-none-eabi/12.3.1/thumb/v6-m/nofp\libgcc.a(bpabi.o)
                0x080008b8                __gnu_ldivmod_helper
 .text          0x080008f4       0x50 C:/ST/STM32CubeIDE_1.16.0/STM32CubeIDE/plugins/com.st.stm32cube.ide.mcu.externaltools.gnu-tools-for-stm32.12.3.rel1.win32_1.0.200.202406191623/tools/bin/../lib/gcc/arm-none-eabi/12.3.1/thumb/v6-m/nofp\libgcc.a(eqsf2.o)
                0x080008f4                __eqsf2
                0x080008f4                __nesf2
 .text          0x08000944       0xa0 C:/ST/STM32CubeIDE_1.16.0/STM32CubeIDE/plugins/com.st.stm32cube.ide.mcu.externaltools.gnu-tools-for-stm32.12.3.rel1.win32_1.0.200.202406191623/tools/bin/../lib/gcc/arm-none-eabi/12.3.1/thumb/v6-m/nofp\libgcc.a(gesf2.o)
                0x08000944                __gesf2
                0x08000944                __gtsf2
 .text          0x080009e4       0x9c C:/ST/STM32CubeIDE_1.16.0/STM32CubeIDE/plugins/com.st.stm32cube.ide.mcu.externaltools.gnu-tools-for-stm32.12.3.rel1.win32_1.0.200.202406191623/tools/bin/../lib/gcc/arm-none-eabi/12.3.1/thumb/v6-m/nofp\libgcc.a(lesf2.o)
                0x080009e4                __ltsf2
                0x080009e4                __lesf2
 .text          0x08000a80      0x27c C:/ST/STM32CubeIDE_1.16.0/STM32CubeIDE/plugins/com.st.stm32cube.ide.mcu.externaltools.gnu-tools-for-stm32.12.3.rel1.win32_1.0.200.202406191623/tools/bin/../lib/gcc/arm-none-eabi/12.3.1/thumb/v6-m/nofp\libgcc.a(mulsf3.o)
                0x08000a80                __aeabi_fmul
 .text          0x08000cfc      0x348 C:/ST/STM32CubeIDE_1.16.0/STM32CubeIDE/plugins/com.st.stm32cube.ide.mcu.externaltools.gnu-tools-for-stm32.12.3.rel1.win32_1.0.200.202406191623/tools/bin/../lib/gcc/arm-none-eabi/12.3.1/thumb/v6-m/nofp\libgcc.a(subsf3.o)
                0x08000cfc                __aeabi_fsub
 .text          0x08001044       0x40 C:/ST/STM32CubeIDE_1.16.0/STM32CubeIDE/plugins/com.st.stm32cube.ide.mcu.externaltools.gnu-tools-for-stm32.12.3.rel1.win32_1.0.200.202406191623/tools/bin/../lib/gcc/arm-none-eabi/12.3.1/thumb/v6-m/nofp\libgcc.a(fixsfsi.o)
                0x08001044                __aeabi_f2iz
 .text          0x08001084       0x84 C:/ST/STM32CubeIDE_1.16.0/STM32CubeIDE/plugins/com.st.stm32cube.ide.mcu.externaltools.gnu-tools-for-stm32.12.3.rel1.win32_1.0.200.202406191623/tools/bin/../lib/gcc/arm-none-eabi/12.3.1/thumb/v6-m/nofp\libgcc.a(floatunsisf.o)
                0x08001084                __aeabi_ui2f
 .text          0x08001108      0x6c8 C:/ST/STM32CubeIDE_1.16.0/STM32CubeIDE/plugins/com.st.stm32cube.ide.mcu.externaltools.gnu-tools-for-stm32.12.3.rel1.win32_1.0.200.202406191623/tools/bin/../lib/gcc/arm-none-eabi/12.3.1/thumb/v6-m/nofp\libgcc.a(adddf3.o)
                0x08001108                __aeabi_dadd
 .text          0x080017d0      0x634 C:/ST/STM32CubeIDE_1.16.0/STM32CubeIDE/plugins/com.st.stm32cube.ide.mcu.externaltools.gnu-tools-for-stm32.12.3.rel1.win32_1.0.200.202406191623/tools/bin/../lib/gcc/arm-none-eabi/12.3.1/thumb/v6-m/nofp\libgcc.a(divdf3.o)
                0x080017d0                __aeabi_ddiv
 .text          0x08001e04       0x88 C:/ST/STM32CubeIDE_1.16.0/STM32CubeIDE/plugins/com.st.stm32cube.ide.mcu.externaltools.gnu-tools-for-stm32.12.3.rel1.win32_1.0.200.202406191623/tools/bin/../lib/gcc/arm-none-eabi/12.3.1/thumb/v6-m/nofp\libgcc.a(eqdf2.o)
                0x08001e04                __nedf2
                0x08001e04                __eqdf2
 .text          0x08001e8c       0xe8 C:/ST/STM32CubeIDE_1.16.0/STM32CubeIDE/plugins/com.st.stm32cube.ide.mcu.externaltools.gnu-tools-for-stm32.12.3.rel1.win32_1.0.200.202406191623/tools/bin/../lib/gcc/arm-none-eabi/12.3.1/thumb/v6-m/nofp\libgcc.a(gedf2.o)
                0x08001e8c                __gedf2
                0x08001e8c                __gtdf2
 .text          0x08001f74       0xe4 C:/ST/STM32CubeIDE_1.16.0/STM32CubeIDE/plugins/com.st.stm32cube.ide.mcu.externaltools.gnu-tools-for-stm32.12.3.rel1.win32_1.0.200.202406191623/tools/bin/../lib/gcc/arm-none-eabi/12.3.1/thumb/v6-m/nofp\libgcc.a(ledf2.o)
                0x08001f74                __ledf2
                0x08001f74                __ltdf2
 .text          0x08002058      0x590 C:/ST/STM32CubeIDE_1.16.0/STM32CubeIDE/plugins/com.st.stm32cube.ide.mcu.externaltools.gnu-tools-for-stm32.12.3.rel1.win32_1.0.200.202406191623/tools/bin/../lib/gcc/arm-none-eabi/12.3.1/thumb/v6-m/nofp\libgcc.a(muldf3.o)
                0x08002058                __aeabi_dmul
 .text          0x080025e8      0x738 C:/ST/STM32CubeIDE_1.16.0/STM32CubeIDE/plugins/com.st.stm32cube.ide.mcu.externaltools.gnu-tools-for-stm32.12.3.rel1.win32_1.0.200.202406191623/tools/bin/../lib/gcc/arm-none-eabi/12.3.1/thumb/v6-m/nofp\libgcc.a(subdf3.o)
                0x080025e8                __aeabi_dsub
 .text          0x08002d20       0x44 C:/ST/STM32CubeIDE_1.16.0/STM32CubeIDE/plugins/com.st.stm32cube.ide.mcu.externaltools.gnu-tools-for-stm32.12.3.rel1.win32_1.0.200.202406191623/tools/bin/../lib/gcc/arm-none-eabi/12.3.1/thumb/v6-m/nofp\libgcc.a(unorddf2.o)
                0x08002d20                __aeabi_dcmpun
 .text          0x08002d64       0x78 C:/ST/STM32CubeIDE_1.16.0/STM32CubeIDE/plugins/com.st.stm32cube.ide.mcu.externaltools.gnu-tools-for-stm32.12.3.rel1.win32_1.0.200.202406191623/tools/bin/../lib/gcc/arm-none-eabi/12.3.1/thumb/v6-m/nofp\libgcc.a(fixdfsi.o)
                0x08002d64                __aeabi_d2iz
 .text          0x08002ddc       0x5c C:/ST/STM32CubeIDE_1.16.0/STM32CubeIDE/plugins/com.st.stm32cube.ide.mcu.externaltools.gnu-tools-for-stm32.12.3.rel1.win32_1.0.200.202406191623/tools/bin/../lib/gcc/arm-none-eabi/12.3.1/thumb/v6-m/nofp\libgcc.a(floatsidf.o)
                0x08002ddc                __aeabi_i2d
 .text          0x08002e38       0x48 C:/ST/STM32CubeIDE_1.16.0/STM32CubeIDE/plugins/com.st.stm32cube.ide.mcu.externaltools.gnu-tools-for-stm32.12.3.rel1.win32_1.0.200.202406191623/tools/bin/../lib/gcc/arm-none-eabi/12.3.1/thumb/v6-m/nofp\libgcc.a(floatunsidf.o)
                0x08002e38                __aeabi_ui2d
 .text          0x08002e80       0x90 C:/ST/STM32CubeIDE_1.16.0/STM32CubeIDE/plugins/com.st.stm32cube.ide.mcu.externaltools.gnu-tools-for-stm32.12.3.rel1.win32_1.0.200.202406191623/tools/bin/../lib/gcc/arm-none-eabi/12.3.1/thumb/v6-m/nofp\libgcc.a(extendsfdf2.o)
                0x08002e80                __aeabi_f2d
 .text          0x08002f10      0x108 C:/ST/STM32CubeIDE_1.16.0/STM32CubeIDE/plugins/com.st.stm32cube.ide.mcu.externaltools.gnu-tools-for-stm32.12.3.rel1.win32_1.0.200.202406191623/tools/bin/../lib/gcc/arm-none-eabi/12.3.1/thumb/v6-m/nofp\libgcc.a(truncdfsf2.o)
                0x08002f10                __aeabi_d2f
 .text          0x08003018       0x3c C:/ST/STM32CubeIDE_1.16.0/STM32CubeIDE/plugins/com.st.stm32cube.ide.mcu.externaltools.gnu-tools-for-stm32.12.3.rel1.win32_1.0.200.202406191623/tools/bin/../lib/gcc/arm-none-eabi/12.3.1/thumb/v6-m/nofp\libgcc.a(_clzsi2.o)
                0x08003018                __clzsi2
 .text          0x08003054       0x18 C:/ST/STM32CubeIDE_1.16.0/STM32CubeIDE/plugins/com.st.stm32cube.ide.mcu.externaltools.gnu-tools-for-stm32.12.3.rel1.win32_1.0.200.202406191623/tools/bin/../lib/gcc/arm-none-eabi/12.3.1/thumb/v6-m/nofp\libgcc.a(_clzdi2.o)
                0x08003054                __clzdi2
 .text          0x0800306c      0x1e4 C:/ST/STM32CubeIDE_1.16.0/STM32CubeIDE/plugins/com.st.stm32cube.ide.mcu.externaltools.gnu-tools-for-stm32.12.3.rel1.win32_1.0.200.202406191623/tools/bin/../lib/gcc/arm-none-eabi/12.3.1/thumb/v6-m/nofp\libgcc.a(_divdi3.o)
                0x0800306c                __divdi3
 *(.text*)
 .text.__NVIC_SystemReset
                0x08003250       0x24 BOS\BOS.o
 .text.LoadEEvars
                0x08003274       0x2a BOS\BOS.o
                0x08003274                LoadEEvars
 *fill*         0x0800329e        0x2 
 .text.LoadROtopology
                0x080032a0       0xfc BOS\BOS.o
                0x080032a0                LoadROtopology
 .text.LoadEEportsDir
                0x0800339c       0x68 BOS\BOS.o
                0x0800339c                LoadEEportsDir
 .text.LoadEEalias
                0x08003404       0xd8 BOS\BOS.o
                0x08003404                LoadEEalias
 .text.LoadEEgroup
                0x080034dc      0x120 BOS\BOS.o
                0x080034dc                LoadEEgroup
 .text.LoadEEstreams
                0x080035fc      0x228 BOS\BOS.o
                0x080035fc                LoadEEstreams
 .text.LoadEEparams
                0x08003824      0x2e4 BOS\BOS.o
                0x08003824                LoadEEparams
 .text.LoadEEbuttons
                0x08003b08      0x124 BOS\BOS.o
                0x08003b08                LoadEEbuttons
 .text.LoadROsnippets
                0x08003c2c      0x1d8 BOS\BOS.o
                0x08003c2c                LoadROsnippets
 .text.SaveEEportsDir
                0x08003e04       0x78 BOS\BOS.o
                0x08003e04                SaveEEportsDir
 .text.SaveEEalias
                0x08003e7c       0xd0 BOS\BOS.o
                0x08003e7c                SaveEEalias
 .text.SaveEEstreams
                0x08003f4c       0xdc BOS\BOS.o
                0x08003f4c                SaveEEstreams
 .text.SaveEEparams
                0x08004028       0xb4 BOS\BOS.o
                0x08004028                SaveEEparams
 .text.ClearEEportsDir
                0x080040dc       0x84 BOS\BOS.o
                0x080040dc                ClearEEportsDir
 .text.IsLowerCLIbaud
                0x08004160       0xe8 BOS\BOS.o
                0x08004160                IsLowerCLIbaud
 .text.IsModuleParameter
                0x08004248       0x64 BOS\BOS.o
                0x08004248                IsModuleParameter
 .text.IsMathOperator
                0x080042ac       0xc4 BOS\BOS.o
                0x080042ac                IsMathOperator
 .text.BOS_Init
                0x08004370      0x130 BOS\BOS.o
                0x08004370                BOS_Init
 .text.Module_Init
                0x080044a0       0x1e BOS\BOS.o
                0x080044a0                Module_Init
 *fill*         0x080044be        0x2 
 .text.Explore  0x080044c0      0xa14 BOS\BOS.o
                0x080044c0                Explore
 .text.ExploreNeighbors
                0x08004ed4       0x90 BOS\BOS.o
                0x08004ed4                ExploreNeighbors
 .text.FindBroadcastRoutes
                0x08004f64      0x3b0 BOS\BOS.o
                0x08004f64                FindBroadcastRoutes
 .text.FindRoute
                0x08005314      0x2d8 BOS\BOS.o
                0x08005314                FindRoute
 .text.minArr   0x080055ec       0x88 BOS\BOS.o
                0x080055ec                minArr
 .text.QnotEmpty
                0x08005674       0x50 BOS\BOS.o
                0x08005674                QnotEmpty
 .text.DisplayTopology
                0x080056c4      0x258 BOS\BOS.o
                0x080056c4                DisplayTopology
 .text.DisplayPortsDir
                0x0800591c      0x118 BOS\BOS.o
                0x0800591c                DisplayPortsDir
 .text.DisplayModuleStatus
                0x08005a34      0x3b4 BOS\BOS.o
                0x08005a34                DisplayModuleStatus
 .text.GetID    0x08005de8      0x15c BOS\BOS.o
                0x08005de8                GetID
 .text.NameModule
                0x08005f44      0x140 BOS\BOS.o
                0x08005f44                NameModule
 .text.AddModuleToGroup
                0x08006084      0x1b8 BOS\BOS.o
                0x08006084                AddModuleToGroup
 .text.WriteToRemote
                0x0800623c      0x418 BOS\BOS.o
                0x0800623c                WriteToRemote
 .text.GetDateString
                0x08006654       0x5c BOS\BOS.o
                0x08006654                GetDateString
 .text.Bridge   0x080066b0       0x4c BOS\BOS.o
                0x080066b0                Bridge
 .text.Unbridge
                0x080066fc       0xbc BOS\BOS.o
                0x080066fc                Unbridge
 .text.prvCLITask
                0x080067b8      0x254 BOS\BOS_CLI.o
                0x080067b8                prvCLITask
 .text.CLI_CommandParser
                0x08006a0c      0x57c BOS\BOS_CLI.o
                0x08006a0c                CLI_CommandParser
 .text.StringToLowerCase
                0x08006f88       0x6c BOS\BOS_CLI.o
                0x08006f88                StringToLowerCase
 .text.AddSnippet
                0x08006ff4      0x118 BOS\BOS_CLI.o
                0x08006ff4                AddSnippet
 .text.ParseSnippetCondition
                0x0800710c      0x298 BOS\BOS_CLI.o
                0x0800710c                ParseSnippetCondition
 .text.CheckSnippetCondition
                0x080073a4      0x1cc BOS\BOS_CLI.o
                0x080073a4                CheckSnippetCondition
 .text.ExecuteSnippet
                0x08007570       0xdc BOS\BOS_CLI.o
                0x08007570                ExecuteSnippet
 .text.ParseSnippetCommand
                0x0800764c       0xe0 BOS\BOS_CLI.o
                0x0800764c                ParseSnippetCommand
 .text.__NVIC_SystemReset
                0x0800772c       0x24 BOS\BOS_CLIcommands.o
 .text.RegisterUserCLICommands
                0x08007750        0xa BOS\BOS_CLIcommands.o
                0x08007750                RegisterUserCLICommands
 *fill*         0x0800775a        0x2 
 .text.vRegisterCLICommands
                0x0800775c      0x1a4 BOS\BOS_CLIcommands.o
                0x0800775c                vRegisterCLICommands
 .text.prvTaskStatsCommand
                0x08007900       0x40 BOS\BOS_CLIcommands.o
 .text.prvRunTimeStatsCommand
                0x08007940       0x40 BOS\BOS_CLIcommands.o
 .text.pingCommand
                0x08007980       0x98 BOS\BOS_CLIcommands.o
 .text.bootloaderUpdateCommand
                0x08007a18      0x200 BOS\BOS_CLIcommands.o
 .text.exploreCommand
                0x08007c18       0xf8 BOS\BOS_CLIcommands.o
 .text.resetCommand
                0x08007d10       0x10 BOS\BOS_CLIcommands.o
 .text.nameCommand
                0x08007d20       0xe8 BOS\BOS_CLIcommands.o
 .text.groupCommand
                0x08007e08      0x2fc BOS\BOS_CLIcommands.o
 .text.statusCommand
                0x08008104       0x1c BOS\BOS_CLIcommands.o
 .text.infoCommand
                0x08008120       0xfc BOS\BOS_CLIcommands.o
 .text.addbuttonCommand
                0x0800821c      0x150 BOS\BOS_CLIcommands.o
 .text.removebuttonCommand
                0x0800836c       0x94 BOS\BOS_CLIcommands.o
 .text.setCommand
                0x08008400      0xba8 BOS\BOS_CLIcommands.o
 .text.getCommand
                0x08008fa8      0x39c BOS\BOS_CLIcommands.o
 .text.defaultCommand
                0x08009344       0xf8 BOS\BOS_CLIcommands.o
 .text.timeCommand
                0x0800943c       0xd8 BOS\BOS_CLIcommands.o
 .text.dateCommand
                0x08009514       0x34 BOS\BOS_CLIcommands.o
 .text.setBaudrateCommand
                0x08009548       0xc0 BOS\BOS_CLIcommands.o
 .text.uuidCommand
                0x08009608       0x90 BOS\BOS_CLIcommands.o
 .text.idcodeCommand
                0x08009698       0x7c BOS\BOS_CLIcommands.o
 .text.flashsizeCommand
                0x08009714       0x34 BOS\BOS_CLIcommands.o
 .text.snipCommand
                0x08009748      0x2dc BOS\BOS_CLIcommands.o
 .text.actSnipCommand
                0x08009a24       0xb8 BOS\BOS_CLIcommands.o
 .text.pauseSnipCommand
                0x08009adc       0xb8 BOS\BOS_CLIcommands.o
 .text.delSnipCommand
                0x08009b94      0x1d4 BOS\BOS_CLIcommands.o
 .text.bridgeCommand
                0x08009d68      0x11c BOS\BOS_CLIcommands.o
 .text.unbridgeCommand
                0x08009e84      0x11c BOS\BOS_CLIcommands.o
 .text.testportCommand
                0x08009fa0      0x2d8 BOS\BOS_CLIcommands.o
 .text.ADCReadCommand
                0x0800a278      0x134 BOS\BOS_CLIcommands.o
 .text.ReadTempCommand
                0x0800a3ac       0x54 BOS\BOS_CLIcommands.o
 .text.ReadVrefCommand
                0x0800a400       0x54 BOS\BOS_CLIcommands.o
 .text.GetReadPrecentageCommand
                0x0800a454       0x98 BOS\BOS_CLIcommands.o
 .text.StartDMAstream
                0x0800a4ec       0xb0 BOS\BOS_dma.o
                0x0800a4ec                StartDMAstream
 .text.DMA_IRQHandler
                0x0800a59c      0x118 BOS\BOS_dma.o
                0x0800a59c                DMA_IRQHandler
 .text.ResetUartORE
                0x0800a6b4        0xa BOS\BOS_dma.o
                0x0800a6b4                ResetUartORE
 *fill*         0x0800a6be        0x2 
 .text.MX_FREERTOS_Init
                0x0800a6c0      0x260 BOS\BOS_freertos.o
                0x0800a6c0                MX_FREERTOS_Init
 .text.StartDefaultTask
                0x0800a920       0xf8 BOS\BOS_freertos.o
                0x0800a920                StartDefaultTask
 .text.vMainConfigureTimerForRunTimeStats
                0x0800aa18       0x2c BOS\BOS_freertos.o
                0x0800aa18                vMainConfigureTimerForRunTimeStats
 .text.ulMainGetRunTimeCounterValue
                0x0800aa44       0x9c BOS\BOS_freertos.o
                0x0800aa44                ulMainGetRunTimeCounterValue
 .text.SetupDMAStreams
                0x0800aae0      0x3c8 BOS\BOS_messaging.o
                0x0800aae0                SetupDMAStreams
 .text.StreamTimerCallback
                0x0800aea8       0xa4 BOS\BOS_messaging.o
                0x0800aea8                StreamTimerCallback
 .text.ForwardReceivedMessage
                0x0800af4c       0x8c BOS\BOS_messaging.o
                0x0800af4c                ForwardReceivedMessage
 .text.BroadcastReceivedMessage
                0x0800afd8       0x70 BOS\BOS_messaging.o
                0x0800afd8                BroadcastReceivedMessage
 .text.NotifyMessagingTask
                0x0800b048       0xa4 BOS\BOS_messaging.o
                0x0800b048                NotifyMessagingTask
 .text.BroadcastMessage
                0x0800b0ec       0x94 BOS\BOS_messaging.o
                0x0800b0ec                BroadcastMessage
 .text.SendMessageToModule
                0x0800b180       0xa4 BOS\BOS_messaging.o
                0x0800b180                SendMessageToModule
 .text.SendLargeMessageToModule
                0x0800b224      0x10c BOS\BOS_messaging.o
                0x0800b224                SendLargeMessageToModule
 .text.SendMessageFromPort
                0x0800b330      0x4e0 BOS\BOS_messaging.o
                0x0800b330                SendMessageFromPort
 .text.StartScastDMAStream
                0x0800b810      0x314 BOS\BOS_messaging.o
                0x0800b810                StartScastDMAStream
 .text.__NVIC_SystemReset
                0x0800bb24       0x24 BOS\BOS_msgparser.o
 .text.BackEndTask
                0x0800bb48      0xbb8 BOS\BOS_msgparser.o
                0x0800bb48                BackEndTask
 .text.PxMessagingTask
                0x0800c700     0x48dc BOS\BOS_msgparser.o
                0x0800c700                PxMessagingTask
 .text.User_MessagingParser
                0x08010fdc       0x3a BOS\BOS_msgparser.o
                0x08010fdc                User_MessagingParser
 .text.SystemClock_Config
                0x08011016       0xb4 H08R7\H08R7.o
                0x08011016                SystemClock_Config
 *fill*         0x080110ca        0x2 
 .text.EnableStopModebyUARTx
                0x080110cc       0xb8 H08R7\H08R7.o
                0x080110cc                EnableStopModebyUARTx
 .text.EnableStandbyModebyWakeupPinx
                0x08011184       0x64 H08R7\H08R7.o
                0x08011184                EnableStandbyModebyWakeupPinx
 .text.DisableStandbyModeWakeupPinx
                0x080111e8       0x98 H08R7\H08R7.o
                0x080111e8                DisableStandbyModeWakeupPinx
 .text.RemoteBootloaderUpdate
                0x08011280      0x178 H08R7\H08R7.o
                0x08011280                RemoteBootloaderUpdate
 .text.SetupPortForRemoteBootloaderUpdate
                0x080113f8       0x52 H08R7\H08R7.o
                0x080113f8                SetupPortForRemoteBootloaderUpdate
 *fill*         0x0801144a        0x2 
 .text.Module_Peripheral_Init
                0x0801144c      0x184 H08R7\H08R7.o
                0x0801144c                Module_Peripheral_Init
 .text.SaveTopologyToRO
                0x080115d0      0x1bc H08R7\H08R7.o
                0x080115d0                SaveTopologyToRO
 .text.SaveSnippetsToRO
                0x0801178c      0x1f8 H08R7\H08R7.o
                0x0801178c                SaveSnippetsToRO
 .text.ClearROtopology
                0x08011984       0x38 H08R7\H08R7.o
                0x08011984                ClearROtopology
 .text.Module_MessagingTask
                0x080119bc      0x1e8 H08R7\H08R7.o
                0x080119bc                Module_MessagingTask
 .text.RegisterModuleCLICommands
                0x08011ba4       0x3c H08R7\H08R7.o
                0x08011ba4                RegisterModuleCLICommands
 .text.GetPort  0x08011be0       0x80 H08R7\H08R7.o
                0x08011be0                GetPort
 .text.GetModuleParameter
                0x08011c60       0x6a H08R7\H08R7.o
                0x08011c60                GetModuleParameter
 *fill*         0x08011cca        0x2 
 .text.ToFTask  0x08011ccc       0xc8 H08R7\H08R7.o
                0x08011ccc                ToFTask
 .text.StreamTimeCallback
                0x08011d94       0xc8 H08R7\H08R7.o
                0x08011d94                StreamTimeCallback
 .text.Vl53l1xInit
                0x08011e5c       0x48 H08R7\H08R7.o
                0x08011e5c                Vl53l1xInit
 .text.SampleDistanceToPort
                0x08011ea4       0xb4 H08R7\H08R7.o
                0x08011ea4                SampleDistanceToPort
 .text.StreamMemsToCLI
                0x08011f58      0x178 H08R7\H08R7.o
                0x08011f58                StreamMemsToCLI
 .text.SampleDistanceToStringCLI
                0x080120d0       0x40 H08R7\H08R7.o
                0x080120d0                SampleDistanceToStringCLI
 .text.StreamDistanceToCLI
                0x08012110       0x24 H08R7\H08R7.o
                0x08012110                StreamDistanceToCLI
 .text.PollingSleepCLISafe
                0x08012134      0x108 H08R7\H08R7.o
 .text.SampleToTerminal
                0x0801223c       0x72 H08R7\H08R7.o
                0x0801223c                SampleToTerminal
 *fill*         0x080122ae        0x2 
 .text.Sample_ToF
                0x080122b0       0x30 H08R7\H08R7.o
                0x080122b0                Sample_ToF
 .text.SampleToPort
                0x080122e0       0xf8 H08R7\H08R7.o
                0x080122e0                SampleToPort
 .text.StreamToPort
                0x080123d8       0xf0 H08R7\H08R7.o
                0x080123d8                StreamToPort
 .text.StreamToTerminal
                0x080124c8       0xe4 H08R7\H08R7.o
                0x080124c8                StreamToTerminal
 .text.Vl53l1xSampleCommand
                0x080125ac       0x26 H08R7\H08R7.o
 *fill*         0x080125d2        0x2 
 .text.Vl53l1xStreamcliCommand
                0x080125d4       0x80 H08R7\H08R7.o
 .text.Vl53l1xStreamportCommand
                0x08012654       0xb0 H08R7\H08R7.o
 .text.Vl53l1xSampleportportCommand
                0x08012704       0x58 H08R7\H08R7.o
 .text.DMA_Init
                0x0801275c       0x74 H08R7\H08R7_dma.o
                0x0801275c                DMA_Init
 .text.SetupMessagingRxDMAs
                0x080127d0      0x11c H08R7\H08R7_dma.o
                0x080127d0                SetupMessagingRxDMAs
 .text.DMA_MSG_RX_Setup
                0x080128ec       0x68 H08R7\H08R7_dma.o
                0x080128ec                DMA_MSG_RX_Setup
 .text.DMA_STREAM_Setup
                0x08012954       0xf0 H08R7\H08R7_dma.o
                0x08012954                DMA_STREAM_Setup
 .text.StopDMA  0x08012a44       0x98 H08R7\H08R7_dma.o
                0x08012a44                StopDMA
 .text.SwitchMsgDMAToStream
                0x08012adc       0x52 H08R7\H08R7_dma.o
                0x08012adc                SwitchMsgDMAToStream
 *fill*         0x08012b2e        0x2 
 .text.SwitchStreamDMAToMsg
                0x08012b30       0xc8 H08R7\H08R7_dma.o
                0x08012b30                SwitchStreamDMAToMsg
 .text.CRC_Init
                0x08012bf8       0x44 H08R7\H08R7_dma.o
                0x08012bf8                CRC_Init
 .text.HAL_CRC_MspInit
                0x08012c3c       0x30 H08R7\H08R7_dma.o
                0x08012c3c                HAL_CRC_MspInit
 .text.CalculateCRC8
                0x08012c6c      0x154 H08R7\H08R7_dma.o
                0x08012c6c                CalculateCRC8
 .text.__NVIC_SystemReset
                0x08012dc0       0x24 H08R7\H08R7_eeprom.o
 .text.EE_Init  0x08012de4       0x56 H08R7\H08R7_eeprom.o
                0x08012de4                EE_Init
 .text.EE_ReadVariable
                0x08012e3a       0x42 H08R7\H08R7_eeprom.o
                0x08012e3a                EE_ReadVariable
 .text.EE_WriteVariable
                0x08012e7c       0x72 H08R7\H08R7_eeprom.o
                0x08012e7c                EE_WriteVariable
 .text.EE_Format
                0x08012eee       0x3a H08R7\H08R7_eeprom.o
                0x08012eee                EE_Format
 .text.EE_FormatForFactoryReset
                0x08012f28       0x2c H08R7\H08R7_eeprom.o
                0x08012f28                EE_FormatForFactoryReset
 .text.GPIO_Init
                0x08012f54       0xdc H08R7\H08R7_gpio.o
                0x08012f54                GPIO_Init
 .text.IND_LED_Init
                0x08013030       0x38 H08R7\H08R7_gpio.o
                0x08013030                IND_LED_Init
 .text.IsFactoryReset
                0x08013068      0x15c H08R7\H08R7_gpio.o
                0x08013068                IsFactoryReset
 .text.GetPortGPIOs
                0x080131c4      0x144 H08R7\H08R7_gpio.o
                0x080131c4                GetPortGPIOs
 .text.MX_I2C_Init
                0x08013308       0x90 H08R7\H08R7_i2c.o
                0x08013308                MX_I2C_Init
 .text.MX_I2C2_Init
                0x08013398       0x68 H08R7\H08R7_i2c.o
                0x08013398                MX_I2C2_Init
 .text.HAL_I2C_MspInit
                0x08013400       0xbc H08R7\H08R7_i2c.o
                0x08013400                HAL_I2C_MspInit
 .text.CheckAttachedButtons
                0x080134bc      0x580 H08R7\H08R7_inputs.o
                0x080134bc                CheckAttachedButtons
 .text.AddPortButton
                0x08013a3c      0x268 H08R7\H08R7_inputs.o
                0x08013a3c                AddPortButton
 .text.RemovePortButton
                0x08013ca4      0x19c H08R7\H08R7_inputs.o
                0x08013ca4                RemovePortButton
 .text.SetButtonEvents
                0x08013e40      0x174 H08R7\H08R7_inputs.o
                0x08013e40                SetButtonEvents
 .text.MX_ADC_Init
                0x08013fb4       0x88 H08R7\H08R7_inputs.o
                0x08013fb4                MX_ADC_Init
 .text.HAL_ADC_MspInit
                0x0801403c       0xa8 H08R7\H08R7_inputs.o
                0x0801403c                HAL_ADC_MspInit
 .text.ADCSelectChannel
                0x080140e4       0xac H08R7\H08R7_inputs.o
                0x080140e4                ADCSelectChannel
 .text.ReadADCChannel
                0x08014190      0x10c H08R7\H08R7_inputs.o
                0x08014190                ReadADCChannel
 .text.ReadTempAndVref
                0x0801429c      0x1f0 H08R7\H08R7_inputs.o
                0x0801429c                ReadTempAndVref
 .text.GetReadPrecentage
                0x0801448c      0x21c H08R7\H08R7_inputs.o
                0x0801448c                GetReadPrecentage
 .text.Get_channel
                0x080146a8       0xac H08R7\H08R7_inputs.o
                0x080146a8                Get_channel
 .text.Error_Handler
                0x08014754       0x10 H08R7\H08R7_inputs.o
                0x08014754                Error_Handler
 .text.Get_Rank
                0x08014764       0xa4 H08R7\H08R7_inputs.o
                0x08014764                Get_Rank
 .text.buttonReleasedCallback
                0x08014808       0x14 H08R7\H08R7_inputs.o
                0x08014808                buttonReleasedCallback
 .text.buttonClickedCallback
                0x0801481c       0x14 H08R7\H08R7_inputs.o
                0x0801481c                buttonClickedCallback
 .text.buttonDblClickedCallback
                0x08014830       0x14 H08R7\H08R7_inputs.o
                0x08014830                buttonDblClickedCallback
 .text.__NVIC_SystemReset
                0x08014844       0x24 H08R7\H08R7_it.o
 .text.SysTick_Handler
                0x08014868       0x12 H08R7\H08R7_it.o
                0x08014868                SysTick_Handler
 *fill*         0x0801487a        0x2 
 .text.HardFault_Handler
                0x0801487c       0x40 H08R7\H08R7_it.o
                0x0801487c                HardFault_Handler
 .text.HAL_UARTEx_RxEventCallback
                0x080148bc       0x74 H08R7\H08R7_it.o
                0x080148bc                HAL_UARTEx_RxEventCallback
 .text.USART1_IRQHandler
                0x08014930       0xac H08R7\H08R7_it.o
                0x08014930                USART1_IRQHandler
 .text.USART2_LPUART2_IRQHandler
                0x080149dc       0xac H08R7\H08R7_it.o
                0x080149dc                USART2_LPUART2_IRQHandler
 .text.USART3_4_5_6_LPUART1_IRQHandler
                0x08014a88      0x258 H08R7\H08R7_it.o
                0x08014a88                USART3_4_5_6_LPUART1_IRQHandler
 .text.DMA1_Channel1_IRQHandler
                0x08014ce0       0x20 H08R7\H08R7_it.o
                0x08014ce0                DMA1_Channel1_IRQHandler
 .text.DMA1_Channel2_3_IRQHandler
                0x08014d00       0x58 H08R7\H08R7_it.o
                0x08014d00                DMA1_Channel2_3_IRQHandler
 .text.DMA1_Ch4_7_DMA2_Ch1_5_DMAMUX1_OVR_IRQHandler
                0x08014d58       0x84 H08R7\H08R7_it.o
                0x08014d58                DMA1_Ch4_7_DMA2_Ch1_5_DMAMUX1_OVR_IRQHandler
 .text.HAL_UART_TxCpltCallback
                0x08014ddc       0x38 H08R7\H08R7_it.o
                0x08014ddc                HAL_UART_TxCpltCallback
 .text.HAL_UART_ErrorCallback
                0x08014e14       0xd4 H08R7\H08R7_it.o
                0x08014e14                HAL_UART_ErrorCallback
 .text.HAL_UARTEx_WakeupCallback
                0x08014ee8       0x5c H08R7\H08R7_it.o
                0x08014ee8                HAL_UARTEx_WakeupCallback
 .text.HAL_UART_RxCpltCallback
                0x08014f44       0x10 H08R7\H08R7_it.o
                0x08014f44                HAL_UART_RxCpltCallback
 .text.vApplicationStackOverflowHook
                0x08014f54       0x44 H08R7\H08R7_it.o
                0x08014f54                vApplicationStackOverflowHook
 .text.vApplicationMallocFailedHook
                0x08014f98       0x40 H08R7\H08R7_it.o
                0x08014f98                vApplicationMallocFailedHook
 .text.EXTI0_1_IRQHandler
                0x08014fd8       0x10 H08R7\H08R7_it.o
                0x08014fd8                EXTI0_1_IRQHandler
 .text.RTC_Init
                0x08014fe8       0xd8 H08R7\H08R7_rtc.o
                0x08014fe8                RTC_Init
 .text.RTC_CalendarConfig
                0x080150c0      0x18c H08R7\H08R7_rtc.o
                0x080150c0                RTC_CalendarConfig
 .text.BOS_CalendarConfig
                0x0801524c      0x194 H08R7\H08R7_rtc.o
                0x0801524c                BOS_CalendarConfig
 .text.GetTimeDate
                0x080153e0       0x90 H08R7\H08R7_rtc.o
                0x080153e0                GetTimeDate
 .text.HAL_RTC_MspInit
                0x08015470       0x74 H08R7\H08R7_rtc.o
                0x08015470                HAL_RTC_MspInit
 .text.HAL_RTC_MspDeInit
                0x080154e4       0x44 H08R7\H08R7_rtc.o
                0x080154e4                HAL_RTC_MspDeInit
 .text.TIM_USEC_Init
                0x08015528       0x74 H08R7\H08R7_timers.o
                0x08015528                TIM_USEC_Init
 .text.TIM_MSEC_Init
                0x0801559c       0x78 H08R7\H08R7_timers.o
                0x0801559c                TIM_MSEC_Init
 .text.StartMicroDelay
                0x08015614       0x48 H08R7\H08R7_timers.o
                0x08015614                StartMicroDelay
 .text.StartMilliDelay
                0x0801565c       0x48 H08R7\H08R7_timers.o
                0x0801565c                StartMilliDelay
 .text.MX_USART1_UART_Init
                0x080156a4       0x7c H08R7\H08R7_uart.o
                0x080156a4                MX_USART1_UART_Init
 .text.MX_USART2_UART_Init
                0x08015720       0x7c H08R7\H08R7_uart.o
                0x08015720                MX_USART2_UART_Init
 .text.MX_USART3_UART_Init
                0x0801579c       0x7c H08R7\H08R7_uart.o
                0x0801579c                MX_USART3_UART_Init
 .text.MX_USART4_UART_Init
                0x08015818       0x60 H08R7\H08R7_uart.o
                0x08015818                MX_USART4_UART_Init
 .text.MX_USART5_UART_Init
                0x08015878       0x60 H08R7\H08R7_uart.o
                0x08015878                MX_USART5_UART_Init
 .text.MX_USART6_UART_Init
                0x080158d8       0x60 H08R7\H08R7_uart.o
                0x080158d8                MX_USART6_UART_Init
 .text.HAL_UART_MspInit
                0x08015938      0x66c H08R7\H08R7_uart.o
                0x08015938                HAL_UART_MspInit
 .text.writePxMutex
                0x08015fa4       0xac H08R7\H08R7_uart.o
                0x08015fa4                writePxMutex
 .text.writePxITMutex
                0x08016050       0x80 H08R7\H08R7_uart.o
                0x08016050                writePxITMutex
 .text.UpdateBaudrate
                0x080160d0       0x3e H08R7\H08R7_uart.o
                0x080160d0                UpdateBaudrate
 *fill*         0x0801610e        0x2 
 .text.GetUart  0x08016110       0x5c H08R7\H08R7_uart.o
                0x08016110                GetUart
 .text.SwapUartPins
                0x0801616c      0x118 H08R7\H08R7_uart.o
                0x0801616c                SwapUartPins
 .text.ReadPortsDir
                0x08016284       0xa8 H08R7\H08R7_uart.o
                0x08016284                ReadPortsDir
 .text.ReadPortsDirMSG
                0x0801632c       0x80 H08R7\H08R7_uart.o
                0x0801632c                ReadPortsDirMSG
 .text.UpdateMyPortsDir
                0x080163ac       0x84 H08R7\H08R7_uart.o
                0x080163ac                UpdateMyPortsDir
 .text.Reset_Handler
                0x08016430       0x90 H08R7\startup_stm32g0b1ceuxn.o
                0x08016430                Reset_Handler
 .text.Default_Handler
                0x080164c0        0x2 H08R7\startup_stm32g0b1ceuxn.o
                0x080164c0                I2C2_3_IRQHandler
                0x080164c0                TIM1_CC_IRQHandler
                0x080164c0                ADC1_COMP_IRQHandler
                0x080164c0                NMI_Handler
                0x080164c0                I2C1_IRQHandler
                0x080164c0                TIM7_LPTIM2_IRQHandler
                0x080164c0                TIM17_FDCAN_IT1_IRQHandler
                0x080164c0                RCC_CRS_IRQHandler
                0x080164c0                RTC_TAMP_IRQHandler
                0x080164c0                SPI1_IRQHandler
                0x080164c0                USB_UCPD1_2_IRQHandler
                0x080164c0                EXTI2_3_IRQHandler
                0x080164c0                PVD_VDDIO2_IRQHandler
                0x080164c0                EXTI4_15_IRQHandler
                0x080164c0                Default_Handler
                0x080164c0                CEC_IRQHandler
                0x080164c0                TIM14_IRQHandler
                0x080164c0                TIM15_IRQHandler
                0x080164c0                TIM3_TIM4_IRQHandler
                0x080164c0                SPI2_3_IRQHandler
                0x080164c0                TIM6_DAC_LPTIM1_IRQHandler
                0x080164c0                WWDG_IRQHandler
                0x080164c0                TIM2_IRQHandler
                0x080164c0                FLASH_IRQHandler
                0x080164c0                TIM16_FDCAN_IT0_IRQHandler
                0x080164c0                TIM1_BRK_UP_TRG_COM_IRQHandler
 .text.SystemInit
                0x080164c2        0xa Thirdparty\CMSIS\STM32G0xx\Device\ST\STM32G0xx\Source\Templates\system_stm32g0xx.o
                0x080164c2                SystemInit
 .text.LL_CRC_ResetCRCCalculationUnit
                0x080164cc       0x1c Thirdparty\EEPROM_Emul\Core\eeprom_emul.o
 .text.LL_CRC_SetPolynomialSize
                0x080164e8       0x24 Thirdparty\EEPROM_Emul\Core\eeprom_emul.o
 .text.LL_CRC_SetPolynomialCoef
                0x0801650c       0x18 Thirdparty\EEPROM_Emul\Core\eeprom_emul.o
 .text.LL_CRC_FeedData32
                0x08016524       0x18 Thirdparty\EEPROM_Emul\Core\eeprom_emul.o
 .text.LL_CRC_FeedData16
                0x0801653c       0x22 Thirdparty\EEPROM_Emul\Core\eeprom_emul.o
 .text.LL_CRC_ReadData16
                0x0801655e       0x16 Thirdparty\EEPROM_Emul\Core\eeprom_emul.o
 .text.LL_AHB1_GRP1_EnableClock
                0x08016574       0x2c Thirdparty\EEPROM_Emul\Core\eeprom_emul.o
 .text.EEPROM_Init
                0x080165a0     0x1874 Thirdparty\EEPROM_Emul\Core\eeprom_emul.o
                0x080165a0                EEPROM_Init
 .text.EEPROM_Format
                0x08017e14      0x2a8 Thirdparty\EEPROM_Emul\Core\eeprom_emul.o
                0x08017e14                EEPROM_Format
 .text.EE_ReadVariable16bits
                0x080180bc       0x60 Thirdparty\EEPROM_Emul\Core\eeprom_emul.o
                0x080180bc                EE_ReadVariable16bits
 .text.EE_WriteVariable16bits
                0x0801811c       0x48 Thirdparty\EEPROM_Emul\Core\eeprom_emul.o
                0x0801811c                EE_WriteVariable16bits
 .text.EE_CleanUp
                0x08018164      0x2a4 Thirdparty\EEPROM_Emul\Core\eeprom_emul.o
                0x08018164                EE_CleanUp
 .text.ReadVariable
                0x08018408      0x340 Thirdparty\EEPROM_Emul\Core\eeprom_emul.o
 .text.WriteVariable
                0x08018748       0x52 Thirdparty\EEPROM_Emul\Core\eeprom_emul.o
 .text.VerifyPageFullyErased
                0x0801879a       0x4e Thirdparty\EEPROM_Emul\Core\eeprom_emul.o
 .text.FindPage
                0x080187e8      0x444 Thirdparty\EEPROM_Emul\Core\eeprom_emul.o
 .text.PagesTransfer
                0x08018c2c      0x8ec Thirdparty\EEPROM_Emul\Core\eeprom_emul.o
 .text.VerifyPagesFullWriteVariable
                0x08019518      0x1ac Thirdparty\EEPROM_Emul\Core\eeprom_emul.o
 .text.SetPageState
                0x080196c4      0x364 Thirdparty\EEPROM_Emul\Core\eeprom_emul.o
 .text.GetPageState
                0x08019a28       0xa0 Thirdparty\EEPROM_Emul\Core\eeprom_emul.o
 .text.ConfigureCrc
                0x08019ac8       0x34 Thirdparty\EEPROM_Emul\Core\eeprom_emul.o
                0x08019ac8                ConfigureCrc
 .text.CalculateCrc
                0x08019afc       0x48 Thirdparty\EEPROM_Emul\Core\eeprom_emul.o
                0x08019afc                CalculateCrc
 .text.FI_WriteDoubleWord
                0x08019b44       0x22 Thirdparty\EEPROM_Emul\Porting\STM32G0\flash_interface.o
                0x08019b44                FI_WriteDoubleWord
 *fill*         0x08019b66        0x2 
 .text.FI_PageErase
                0x08019b68      0x120 Thirdparty\EEPROM_Emul\Porting\STM32G0\flash_interface.o
                0x08019b68                FI_PageErase
 .text.FI_CacheFlush
                0x08019c88        0xa Thirdparty\EEPROM_Emul\Porting\STM32G0\flash_interface.o
                0x08019c88                FI_CacheFlush
 *fill*         0x08019c92        0x2 
 .text.GetBankNumber
                0x08019c94       0x90 Thirdparty\EEPROM_Emul\Porting\STM32G0\flash_interface.o
 .text.FI_CheckBankConfig
                0x08019d24       0x18 Thirdparty\EEPROM_Emul\Porting\STM32G0\flash_interface.o
                0x08019d24                FI_CheckBankConfig
 .text.inHandlerMode
                0x08019d3c       0x1c Thirdparty\Middleware\STM32G0xx\FreeRTOS\Source\CMSIS_RTOS\cmsis_os.o
 .text.osKernelStart
                0x08019d58       0x10 Thirdparty\Middleware\STM32G0xx\FreeRTOS\Source\CMSIS_RTOS\cmsis_os.o
                0x08019d58                osKernelStart
 .text.osDelay  0x08019d68       0x28 Thirdparty\Middleware\STM32G0xx\FreeRTOS\Source\CMSIS_RTOS\cmsis_os.o
                0x08019d68                osDelay
 .text.osSemaphoreCreate
                0x08019d90       0x4a Thirdparty\Middleware\STM32G0xx\FreeRTOS\Source\CMSIS_RTOS\cmsis_os.o
                0x08019d90                osSemaphoreCreate
 *fill*         0x08019dda        0x2 
 .text.osSemaphoreWait
                0x08019ddc       0x94 Thirdparty\Middleware\STM32G0xx\FreeRTOS\Source\CMSIS_RTOS\cmsis_os.o
                0x08019ddc                osSemaphoreWait
 .text.osSemaphoreRelease
                0x08019e70       0x64 Thirdparty\Middleware\STM32G0xx\FreeRTOS\Source\CMSIS_RTOS\cmsis_os.o
                0x08019e70                osSemaphoreRelease
 .text.osSystickHandler
                0x08019ed4       0x18 Thirdparty\Middleware\STM32G0xx\FreeRTOS\Source\CMSIS_RTOS\cmsis_os.o
                0x08019ed4                osSystickHandler
 .text.FreeRTOS_CLIRegisterCommand
                0x08019eec       0x50 Thirdparty\Middleware\STM32G0xx\FreeRTOS\Source\FreeRTOS_CLI.o
                0x08019eec                FreeRTOS_CLIRegisterCommand
 .text.FreeRTOS_CLIProcessCommand
                0x08019f3c      0x11c Thirdparty\Middleware\STM32G0xx\FreeRTOS\Source\FreeRTOS_CLI.o
                0x08019f3c                FreeRTOS_CLIProcessCommand
 .text.FreeRTOS_CLIGetOutputBuffer
                0x0801a058       0x10 Thirdparty\Middleware\STM32G0xx\FreeRTOS\Source\FreeRTOS_CLI.o
                0x0801a058                FreeRTOS_CLIGetOutputBuffer
 .text.FreeRTOS_CLIGetParameter
                0x0801a068       0xbc Thirdparty\Middleware\STM32G0xx\FreeRTOS\Source\FreeRTOS_CLI.o
                0x0801a068                FreeRTOS_CLIGetParameter
 .text.prvHelpCommand
                0x0801a124      0x154 Thirdparty\Middleware\STM32G0xx\FreeRTOS\Source\FreeRTOS_CLI.o
 .text.prvGetNumberOfParameters
                0x0801a278       0x7a Thirdparty\Middleware\STM32G0xx\FreeRTOS\Source\FreeRTOS_CLI.o
 .text.xEventGroupCreate
                0x0801a2f2       0x30 Thirdparty\Middleware\STM32G0xx\FreeRTOS\Source\event_groups.o
                0x0801a2f2                xEventGroupCreate
 .text.vListInitialise
                0x0801a322       0x3c Thirdparty\Middleware\STM32G0xx\FreeRTOS\Source\list.o
                0x0801a322                vListInitialise
 .text.vListInitialiseItem
                0x0801a35e       0x16 Thirdparty\Middleware\STM32G0xx\FreeRTOS\Source\list.o
                0x0801a35e                vListInitialiseItem
 .text.vListInsertEnd
                0x0801a374       0x44 Thirdparty\Middleware\STM32G0xx\FreeRTOS\Source\list.o
                0x0801a374                vListInsertEnd
 .text.vListInsert
                0x0801a3b8       0x6c Thirdparty\Middleware\STM32G0xx\FreeRTOS\Source\list.o
                0x0801a3b8                vListInsert
 .text.uxListRemove
                0x0801a424       0x50 Thirdparty\Middleware\STM32G0xx\FreeRTOS\Source\list.o
                0x0801a424                uxListRemove
 .text.pxPortInitialiseStack
                0x0801a474       0x54 Thirdparty\Middleware\STM32G0xx\FreeRTOS\Source\portable\GCC\ARM_CM0\port.o
                0x0801a474                pxPortInitialiseStack
 .text.prvTaskExitError
                0x0801a4c8       0x1e Thirdparty\Middleware\STM32G0xx\FreeRTOS\Source\portable\GCC\ARM_CM0\port.o
 .text.SVC_Handler
                0x0801a4e6        0xa Thirdparty\Middleware\STM32G0xx\FreeRTOS\Source\portable\GCC\ARM_CM0\port.o
                0x0801a4e6                SVC_Handler
 .text.vPortStartFirstTask
                0x0801a4f0       0x38 Thirdparty\Middleware\STM32G0xx\FreeRTOS\Source\portable\GCC\ARM_CM0\port.o
 .text.xPortStartScheduler
                0x0801a528       0x48 Thirdparty\Middleware\STM32G0xx\FreeRTOS\Source\portable\GCC\ARM_CM0\port.o
                0x0801a528                xPortStartScheduler
 .text.vPortYield
                0x0801a570       0x20 Thirdparty\Middleware\STM32G0xx\FreeRTOS\Source\portable\GCC\ARM_CM0\port.o
                0x0801a570                vPortYield
 .text.vPortEnterCritical
                0x0801a590       0x24 Thirdparty\Middleware\STM32G0xx\FreeRTOS\Source\portable\GCC\ARM_CM0\port.o
                0x0801a590                vPortEnterCritical
 .text.vPortExitCritical
                0x0801a5b4       0x24 Thirdparty\Middleware\STM32G0xx\FreeRTOS\Source\portable\GCC\ARM_CM0\port.o
                0x0801a5b4                vPortExitCritical
 .text.ulSetInterruptMaskFromISR
                0x0801a5d8        0xc Thirdparty\Middleware\STM32G0xx\FreeRTOS\Source\portable\GCC\ARM_CM0\port.o
                0x0801a5d8                ulSetInterruptMaskFromISR
 .text.vClearInterruptMaskFromISR
                0x0801a5e4        0x8 Thirdparty\Middleware\STM32G0xx\FreeRTOS\Source\portable\GCC\ARM_CM0\port.o
                0x0801a5e4                vClearInterruptMaskFromISR
 *fill*         0x0801a5ec        0x4 
 .text.PendSV_Handler
                0x0801a5f0       0x48 Thirdparty\Middleware\STM32G0xx\FreeRTOS\Source\portable\GCC\ARM_CM0\port.o
                0x0801a5f0                PendSV_Handler
 .text.xPortSysTickHandler
                0x0801a638       0x34 Thirdparty\Middleware\STM32G0xx\FreeRTOS\Source\portable\GCC\ARM_CM0\port.o
                0x0801a638                xPortSysTickHandler
 .text.vPortSetupTimerInterrupt
                0x0801a66c       0x44 Thirdparty\Middleware\STM32G0xx\FreeRTOS\Source\portable\GCC\ARM_CM0\port.o
                0x0801a66c                vPortSetupTimerInterrupt
 .text.pvPortMalloc
                0x0801a6b0      0x140 Thirdparty\Middleware\STM32G0xx\FreeRTOS\Source\portable\MemMang\heap_4.o
                0x0801a6b0                pvPortMalloc
 .text.vPortFree
                0x0801a7f0       0x80 Thirdparty\Middleware\STM32G0xx\FreeRTOS\Source\portable\MemMang\heap_4.o
                0x0801a7f0                vPortFree
 .text.prvHeapInit
                0x0801a870       0xc0 Thirdparty\Middleware\STM32G0xx\FreeRTOS\Source\portable\MemMang\heap_4.o
 .text.prvInsertBlockIntoFreeList
                0x0801a930       0xb0 Thirdparty\Middleware\STM32G0xx\FreeRTOS\Source\portable\MemMang\heap_4.o
 .text.xQueueGenericReset
                0x0801a9e0       0x9e Thirdparty\Middleware\STM32G0xx\FreeRTOS\Source\queue.o
                0x0801a9e0                xQueueGenericReset
 .text.xQueueGenericCreate
                0x0801aa7e       0x52 Thirdparty\Middleware\STM32G0xx\FreeRTOS\Source\queue.o
                0x0801aa7e                xQueueGenericCreate
 .text.prvInitialiseNewQueue
                0x0801aad0       0x4e Thirdparty\Middleware\STM32G0xx\FreeRTOS\Source\queue.o
 .text.xQueueCreateCountingSemaphore
                0x0801ab1e       0x30 Thirdparty\Middleware\STM32G0xx\FreeRTOS\Source\queue.o
                0x0801ab1e                xQueueCreateCountingSemaphore
 .text.xQueueGenericSend
                0x0801ab4e      0x12a Thirdparty\Middleware\STM32G0xx\FreeRTOS\Source\queue.o
                0x0801ab4e                xQueueGenericSend
 .text.xQueueGenericSendFromISR
                0x0801ac78       0xa6 Thirdparty\Middleware\STM32G0xx\FreeRTOS\Source\queue.o
                0x0801ac78                xQueueGenericSendFromISR
 .text.xQueueGiveFromISR
                0x0801ad1e       0x96 Thirdparty\Middleware\STM32G0xx\FreeRTOS\Source\queue.o
                0x0801ad1e                xQueueGiveFromISR
 .text.xQueueReceive
                0x0801adb4      0x128 Thirdparty\Middleware\STM32G0xx\FreeRTOS\Source\queue.o
                0x0801adb4                xQueueReceive
 .text.xQueueSemaphoreTake
                0x0801aedc      0x178 Thirdparty\Middleware\STM32G0xx\FreeRTOS\Source\queue.o
                0x0801aedc                xQueueSemaphoreTake
 .text.xQueueReceiveFromISR
                0x0801b054       0xa0 Thirdparty\Middleware\STM32G0xx\FreeRTOS\Source\queue.o
                0x0801b054                xQueueReceiveFromISR
 .text.prvGetDisinheritPriorityAfterTimeout
                0x0801b0f4       0x2c Thirdparty\Middleware\STM32G0xx\FreeRTOS\Source\queue.o
 .text.prvCopyDataToQueue
                0x0801b120       0xd6 Thirdparty\Middleware\STM32G0xx\FreeRTOS\Source\queue.o
 .text.prvCopyDataFromQueue
                0x0801b1f6       0x4c Thirdparty\Middleware\STM32G0xx\FreeRTOS\Source\queue.o
 .text.prvUnlockQueue
                0x0801b242       0xbc Thirdparty\Middleware\STM32G0xx\FreeRTOS\Source\queue.o
 .text.prvIsQueueEmpty
                0x0801b2fe       0x2c Thirdparty\Middleware\STM32G0xx\FreeRTOS\Source\queue.o
 .text.prvIsQueueFull
                0x0801b32a       0x30 Thirdparty\Middleware\STM32G0xx\FreeRTOS\Source\queue.o
 *fill*         0x0801b35a        0x2 
 .text.vQueueAddToRegistry
                0x0801b35c       0x50 Thirdparty\Middleware\STM32G0xx\FreeRTOS\Source\queue.o
                0x0801b35c                vQueueAddToRegistry
 .text.vQueueWaitForMessageRestricted
                0x0801b3ac       0x66 Thirdparty\Middleware\STM32G0xx\FreeRTOS\Source\queue.o
                0x0801b3ac                vQueueWaitForMessageRestricted
 .text.xTaskCreate
                0x0801b412       0x90 Thirdparty\Middleware\STM32G0xx\FreeRTOS\Source\tasks.o
                0x0801b412                xTaskCreate
 *fill*         0x0801b4a2        0x2 
 .text.prvInitialiseNewTask
                0x0801b4a4      0x10c Thirdparty\Middleware\STM32G0xx\FreeRTOS\Source\tasks.o
 .text.prvAddNewTaskToReadyList
                0x0801b5b0       0xd0 Thirdparty\Middleware\STM32G0xx\FreeRTOS\Source\tasks.o
 .text.vTaskDelay
                0x0801b680       0x3a Thirdparty\Middleware\STM32G0xx\FreeRTOS\Source\tasks.o
                0x0801b680                vTaskDelay
 *fill*         0x0801b6ba        0x2 
 .text.eTaskGetState
                0x0801b6bc       0xd0 Thirdparty\Middleware\STM32G0xx\FreeRTOS\Source\tasks.o
                0x0801b6bc                eTaskGetState
 .text.uxTaskPriorityGet
                0x0801b78c       0x34 Thirdparty\Middleware\STM32G0xx\FreeRTOS\Source\tasks.o
                0x0801b78c                uxTaskPriorityGet
 .text.vTaskPrioritySet
                0x0801b7c0      0x110 Thirdparty\Middleware\STM32G0xx\FreeRTOS\Source\tasks.o
                0x0801b7c0                vTaskPrioritySet
 .text.vTaskStartScheduler
                0x0801b8d0       0x74 Thirdparty\Middleware\STM32G0xx\FreeRTOS\Source\tasks.o
                0x0801b8d0                vTaskStartScheduler
 .text.vTaskSuspendAll
                0x0801b944       0x18 Thirdparty\Middleware\STM32G0xx\FreeRTOS\Source\tasks.o
                0x0801b944                vTaskSuspendAll
 .text.xTaskResumeAll
                0x0801b95c      0x10c Thirdparty\Middleware\STM32G0xx\FreeRTOS\Source\tasks.o
                0x0801b95c                xTaskResumeAll
 .text.xTaskGetTickCount
                0x0801ba68       0x1c Thirdparty\Middleware\STM32G0xx\FreeRTOS\Source\tasks.o
                0x0801ba68                xTaskGetTickCount
 .text.xTaskGetTickCountFromISR
                0x0801ba84       0x20 Thirdparty\Middleware\STM32G0xx\FreeRTOS\Source\tasks.o
                0x0801ba84                xTaskGetTickCountFromISR
 .text.uxTaskGetSystemState
                0x0801baa4      0x120 Thirdparty\Middleware\STM32G0xx\FreeRTOS\Source\tasks.o
                0x0801baa4                uxTaskGetSystemState
 .text.xTaskIncrementTick
                0x0801bbc4      0x150 Thirdparty\Middleware\STM32G0xx\FreeRTOS\Source\tasks.o
                0x0801bbc4                xTaskIncrementTick
 .text.vTaskSwitchContext
                0x0801bd14      0x124 Thirdparty\Middleware\STM32G0xx\FreeRTOS\Source\tasks.o
                0x0801bd14                vTaskSwitchContext
 .text.vTaskPlaceOnEventList
                0x0801be38       0x34 Thirdparty\Middleware\STM32G0xx\FreeRTOS\Source\tasks.o
                0x0801be38                vTaskPlaceOnEventList
 .text.vTaskPlaceOnEventListRestricted
                0x0801be6c       0x44 Thirdparty\Middleware\STM32G0xx\FreeRTOS\Source\tasks.o
                0x0801be6c                vTaskPlaceOnEventListRestricted
 .text.xTaskRemoveFromEventList
                0x0801beb0       0xb0 Thirdparty\Middleware\STM32G0xx\FreeRTOS\Source\tasks.o
                0x0801beb0                xTaskRemoveFromEventList
 .text.vTaskInternalSetTimeOutState
                0x0801bf60       0x28 Thirdparty\Middleware\STM32G0xx\FreeRTOS\Source\tasks.o
                0x0801bf60                vTaskInternalSetTimeOutState
 .text.xTaskCheckForTimeOut
                0x0801bf88       0x8c Thirdparty\Middleware\STM32G0xx\FreeRTOS\Source\tasks.o
                0x0801bf88                xTaskCheckForTimeOut
 .text.vTaskMissedYield
                0x0801c014       0x14 Thirdparty\Middleware\STM32G0xx\FreeRTOS\Source\tasks.o
                0x0801c014                vTaskMissedYield
 .text.prvIdleTask
                0x0801c028       0x20 Thirdparty\Middleware\STM32G0xx\FreeRTOS\Source\tasks.o
 .text.prvInitialiseTaskLists
                0x0801c048       0x88 Thirdparty\Middleware\STM32G0xx\FreeRTOS\Source\tasks.o
 .text.prvCheckTasksWaitingTermination
                0x0801c0d0       0x5c Thirdparty\Middleware\STM32G0xx\FreeRTOS\Source\tasks.o
 .text.vTaskGetInfo
                0x0801c12c       0xd8 Thirdparty\Middleware\STM32G0xx\FreeRTOS\Source\tasks.o
                0x0801c12c                vTaskGetInfo
 .text.prvListTasksWithinSingleList
                0x0801c204       0xa6 Thirdparty\Middleware\STM32G0xx\FreeRTOS\Source\tasks.o
 .text.prvTaskCheckFreeStackSpace
                0x0801c2aa       0x34 Thirdparty\Middleware\STM32G0xx\FreeRTOS\Source\tasks.o
 .text.prvDeleteTCB
                0x0801c2de       0x22 Thirdparty\Middleware\STM32G0xx\FreeRTOS\Source\tasks.o
 .text.prvResetNextTaskUnblockTime
                0x0801c300       0x3c Thirdparty\Middleware\STM32G0xx\FreeRTOS\Source\tasks.o
 .text.xTaskGetSchedulerState
                0x0801c33c       0x38 Thirdparty\Middleware\STM32G0xx\FreeRTOS\Source\tasks.o
                0x0801c33c                xTaskGetSchedulerState
 .text.xTaskPriorityInherit
                0x0801c374       0xd0 Thirdparty\Middleware\STM32G0xx\FreeRTOS\Source\tasks.o
                0x0801c374                xTaskPriorityInherit
 .text.xTaskPriorityDisinherit
                0x0801c444       0x98 Thirdparty\Middleware\STM32G0xx\FreeRTOS\Source\tasks.o
                0x0801c444                xTaskPriorityDisinherit
 .text.vTaskPriorityDisinheritAfterTimeout
                0x0801c4dc       0xc0 Thirdparty\Middleware\STM32G0xx\FreeRTOS\Source\tasks.o
                0x0801c4dc                vTaskPriorityDisinheritAfterTimeout
 .text.prvWriteNameToBuffer
                0x0801c59c       0x52 Thirdparty\Middleware\STM32G0xx\FreeRTOS\Source\tasks.o
 *fill*         0x0801c5ee        0x2 
 .text.vTaskList
                0x0801c5f0      0x14c Thirdparty\Middleware\STM32G0xx\FreeRTOS\Source\tasks.o
                0x0801c5f0                vTaskList
 .text.vTaskGetRunTimeStats
                0x0801c73c      0x118 Thirdparty\Middleware\STM32G0xx\FreeRTOS\Source\tasks.o
                0x0801c73c                vTaskGetRunTimeStats
 .text.pvTaskIncrementMutexHeldCount
                0x0801c854       0x24 Thirdparty\Middleware\STM32G0xx\FreeRTOS\Source\tasks.o
                0x0801c854                pvTaskIncrementMutexHeldCount
 .text.ulTaskNotifyTake
                0x0801c878       0x84 Thirdparty\Middleware\STM32G0xx\FreeRTOS\Source\tasks.o
                0x0801c878                ulTaskNotifyTake
 .text.xTaskGenericNotify
                0x0801c8fc      0x104 Thirdparty\Middleware\STM32G0xx\FreeRTOS\Source\tasks.o
                0x0801c8fc                xTaskGenericNotify
 .text.xTaskGenericNotifyFromISR
                0x0801ca00      0x140 Thirdparty\Middleware\STM32G0xx\FreeRTOS\Source\tasks.o
                0x0801ca00                xTaskGenericNotifyFromISR
 .text.vTaskNotifyGiveFromISR
                0x0801cb40       0xd8 Thirdparty\Middleware\STM32G0xx\FreeRTOS\Source\tasks.o
                0x0801cb40                vTaskNotifyGiveFromISR
 .text.prvAddCurrentTaskToDelayedList
                0x0801cc18       0xa8 Thirdparty\Middleware\STM32G0xx\FreeRTOS\Source\tasks.o
 .text.xTimerCreateTimerTask
                0x0801ccc0       0x4c Thirdparty\Middleware\STM32G0xx\FreeRTOS\Source\timers.o
                0x0801ccc0                xTimerCreateTimerTask
 .text.xTimerCreate
                0x0801cd0c       0x46 Thirdparty\Middleware\STM32G0xx\FreeRTOS\Source\timers.o
                0x0801cd0c                xTimerCreate
 .text.prvInitialiseNewTimer
                0x0801cd52       0x5a Thirdparty\Middleware\STM32G0xx\FreeRTOS\Source\timers.o
 .text.xTimerGenericCommand
                0x0801cdac       0x8c Thirdparty\Middleware\STM32G0xx\FreeRTOS\Source\timers.o
                0x0801cdac                xTimerGenericCommand
 .text.prvProcessExpiredTimer
                0x0801ce38       0x80 Thirdparty\Middleware\STM32G0xx\FreeRTOS\Source\timers.o
 .text.prvTimerTask
                0x0801ceb8       0x28 Thirdparty\Middleware\STM32G0xx\FreeRTOS\Source\timers.o
 .text.prvProcessTimerOrBlockTask
                0x0801cee0       0x90 Thirdparty\Middleware\STM32G0xx\FreeRTOS\Source\timers.o
 .text.prvGetNextExpireTime
                0x0801cf70       0x44 Thirdparty\Middleware\STM32G0xx\FreeRTOS\Source\timers.o
 .text.prvSampleTimeNow
                0x0801cfb4       0x40 Thirdparty\Middleware\STM32G0xx\FreeRTOS\Source\timers.o
 .text.prvInsertTimerInActiveList
                0x0801cff4       0x84 Thirdparty\Middleware\STM32G0xx\FreeRTOS\Source\timers.o
 .text.prvProcessReceivedCommands
                0x0801d078      0x16c Thirdparty\Middleware\STM32G0xx\FreeRTOS\Source\timers.o
 .text.prvSwitchTimerLists
                0x0801d1e4       0xb0 Thirdparty\Middleware\STM32G0xx\FreeRTOS\Source\timers.o
 .text.prvCheckForValidListAndQueue
                0x0801d294       0x74 Thirdparty\Middleware\STM32G0xx\FreeRTOS\Source\timers.o
 .text.xTimerIsTimerActive
                0x0801d308       0x36 Thirdparty\Middleware\STM32G0xx\FreeRTOS\Source\timers.o
                0x0801d308                xTimerIsTimerActive
 *fill*         0x0801d33e        0x2 
 .text.HAL_Init
                0x0801d340       0x40 Thirdparty\STM32G0xx_HAL_Driver\Src\stm32g0xx_hal.o
                0x0801d340                HAL_Init
 .text.HAL_InitTick
                0x0801d380       0x94 Thirdparty\STM32G0xx_HAL_Driver\Src\stm32g0xx_hal.o
                0x0801d380                HAL_InitTick
 .text.HAL_IncTick
                0x0801d414       0x24 Thirdparty\STM32G0xx_HAL_Driver\Src\stm32g0xx_hal.o
                0x0801d414                HAL_IncTick
 .text.HAL_GetTick
                0x0801d438       0x14 Thirdparty\STM32G0xx_HAL_Driver\Src\stm32g0xx_hal.o
                0x0801d438                HAL_GetTick
 .text.HAL_Delay
                0x0801d44c       0x48 Thirdparty\STM32G0xx_HAL_Driver\Src\stm32g0xx_hal.o
                0x0801d44c                HAL_Delay
 .text.HAL_GetREVID
                0x0801d494       0x18 Thirdparty\STM32G0xx_HAL_Driver\Src\stm32g0xx_hal.o
                0x0801d494                HAL_GetREVID
 .text.HAL_GetDEVID
                0x0801d4ac       0x18 Thirdparty\STM32G0xx_HAL_Driver\Src\stm32g0xx_hal.o
                0x0801d4ac                HAL_GetDEVID
 .text.LL_ADC_SetCommonPathInternalCh
                0x0801d4c4       0x28 Thirdparty\STM32G0xx_HAL_Driver\Src\stm32g0xx_hal_adc.o
 .text.LL_ADC_GetCommonPathInternalCh
                0x0801d4ec       0x1a Thirdparty\STM32G0xx_HAL_Driver\Src\stm32g0xx_hal_adc.o
 .text.LL_ADC_SetSamplingTimeCommonChannels
                0x0801d506       0x3a Thirdparty\STM32G0xx_HAL_Driver\Src\stm32g0xx_hal_adc.o
 .text.LL_ADC_GetSamplingTimeCommonChannels
                0x0801d540       0x2e Thirdparty\STM32G0xx_HAL_Driver\Src\stm32g0xx_hal_adc.o
 .text.LL_ADC_REG_IsTriggerSourceSWStart
                0x0801d56e       0x22 Thirdparty\STM32G0xx_HAL_Driver\Src\stm32g0xx_hal_adc.o
 .text.LL_ADC_REG_SetSequencerRanks
                0x0801d590       0x40 Thirdparty\STM32G0xx_HAL_Driver\Src\stm32g0xx_hal_adc.o
 .text.LL_ADC_REG_SetSequencerChAdd
                0x0801d5d0       0x22 Thirdparty\STM32G0xx_HAL_Driver\Src\stm32g0xx_hal_adc.o
 .text.LL_ADC_REG_SetSequencerChRem
                0x0801d5f2       0x24 Thirdparty\STM32G0xx_HAL_Driver\Src\stm32g0xx_hal_adc.o
 *fill*         0x0801d616        0x2 
 .text.LL_ADC_SetChannelSamplingTime
                0x0801d618       0x38 Thirdparty\STM32G0xx_HAL_Driver\Src\stm32g0xx_hal_adc.o
 .text.LL_ADC_EnableInternalRegulator
                0x0801d650       0x28 Thirdparty\STM32G0xx_HAL_Driver\Src\stm32g0xx_hal_adc.o
 .text.LL_ADC_IsInternalRegulatorEnabled
                0x0801d678       0x28 Thirdparty\STM32G0xx_HAL_Driver\Src\stm32g0xx_hal_adc.o
 .text.LL_ADC_Enable
                0x0801d6a0       0x24 Thirdparty\STM32G0xx_HAL_Driver\Src\stm32g0xx_hal_adc.o
 .text.LL_ADC_Disable
                0x0801d6c4       0x24 Thirdparty\STM32G0xx_HAL_Driver\Src\stm32g0xx_hal_adc.o
 .text.LL_ADC_IsEnabled
                0x0801d6e8       0x22 Thirdparty\STM32G0xx_HAL_Driver\Src\stm32g0xx_hal_adc.o
 .text.LL_ADC_IsDisableOngoing
                0x0801d70a       0x22 Thirdparty\STM32G0xx_HAL_Driver\Src\stm32g0xx_hal_adc.o
 .text.LL_ADC_REG_StartConversion
                0x0801d72c       0x24 Thirdparty\STM32G0xx_HAL_Driver\Src\stm32g0xx_hal_adc.o
 .text.LL_ADC_REG_StopConversion
                0x0801d750       0x24 Thirdparty\STM32G0xx_HAL_Driver\Src\stm32g0xx_hal_adc.o
 .text.LL_ADC_REG_IsConversionOngoing
                0x0801d774       0x22 Thirdparty\STM32G0xx_HAL_Driver\Src\stm32g0xx_hal_adc.o
 *fill*         0x0801d796        0x2 
 .text.HAL_ADC_Init
                0x0801d798      0x350 Thirdparty\STM32G0xx_HAL_Driver\Src\stm32g0xx_hal_adc.o
                0x0801d798                HAL_ADC_Init
 .text.HAL_ADC_Start
                0x0801dae8       0x9c Thirdparty\STM32G0xx_HAL_Driver\Src\stm32g0xx_hal_adc.o
                0x0801dae8                HAL_ADC_Start
 .text.HAL_ADC_Stop
                0x0801db84       0x78 Thirdparty\STM32G0xx_HAL_Driver\Src\stm32g0xx_hal_adc.o
                0x0801db84                HAL_ADC_Stop
 .text.HAL_ADC_PollForConversion
                0x0801dbfc      0x128 Thirdparty\STM32G0xx_HAL_Driver\Src\stm32g0xx_hal_adc.o
                0x0801dbfc                HAL_ADC_PollForConversion
 .text.HAL_ADC_GetValue
                0x0801dd24       0x16 Thirdparty\STM32G0xx_HAL_Driver\Src\stm32g0xx_hal_adc.o
                0x0801dd24                HAL_ADC_GetValue
 *fill*         0x0801dd3a        0x2 
 .text.HAL_ADC_ConfigChannel
                0x0801dd3c      0x3b0 Thirdparty\STM32G0xx_HAL_Driver\Src\stm32g0xx_hal_adc.o
                0x0801dd3c                HAL_ADC_ConfigChannel
 .text.ADC_ConversionStop
                0x0801e0ec       0x84 Thirdparty\STM32G0xx_HAL_Driver\Src\stm32g0xx_hal_adc.o
                0x0801e0ec                ADC_ConversionStop
 .text.ADC_Enable
                0x0801e170      0x10c Thirdparty\STM32G0xx_HAL_Driver\Src\stm32g0xx_hal_adc.o
                0x0801e170                ADC_Enable
 .text.ADC_Disable
                0x0801e27c       0xbc Thirdparty\STM32G0xx_HAL_Driver\Src\stm32g0xx_hal_adc.o
                0x0801e27c                ADC_Disable
 .text.__NVIC_EnableIRQ
                0x0801e338       0x34 Thirdparty\STM32G0xx_HAL_Driver\Src\stm32g0xx_hal_cortex.o
 .text.__NVIC_SetPriority
                0x0801e36c       0xdc Thirdparty\STM32G0xx_HAL_Driver\Src\stm32g0xx_hal_cortex.o
 .text.SysTick_Config
                0x0801e448       0x48 Thirdparty\STM32G0xx_HAL_Driver\Src\stm32g0xx_hal_cortex.o
 .text.HAL_NVIC_SetPriority
                0x0801e490       0x2a Thirdparty\STM32G0xx_HAL_Driver\Src\stm32g0xx_hal_cortex.o
                0x0801e490                HAL_NVIC_SetPriority
 .text.HAL_NVIC_EnableIRQ
                0x0801e4ba       0x20 Thirdparty\STM32G0xx_HAL_Driver\Src\stm32g0xx_hal_cortex.o
                0x0801e4ba                HAL_NVIC_EnableIRQ
 .text.HAL_SYSTICK_Config
                0x0801e4da       0x1a Thirdparty\STM32G0xx_HAL_Driver\Src\stm32g0xx_hal_cortex.o
                0x0801e4da                HAL_SYSTICK_Config
 .text.HAL_CRC_Init
                0x0801e4f4       0xcc Thirdparty\STM32G0xx_HAL_Driver\Src\stm32g0xx_hal_crc.o
                0x0801e4f4                HAL_CRC_Init
 .text.HAL_CRC_Accumulate
                0x0801e5c0       0x8e Thirdparty\STM32G0xx_HAL_Driver\Src\stm32g0xx_hal_crc.o
                0x0801e5c0                HAL_CRC_Accumulate
 .text.HAL_CRC_Calculate
                0x0801e64e       0x9e Thirdparty\STM32G0xx_HAL_Driver\Src\stm32g0xx_hal_crc.o
                0x0801e64e                HAL_CRC_Calculate
 .text.CRC_Handle_8
                0x0801e6ec      0x122 Thirdparty\STM32G0xx_HAL_Driver\Src\stm32g0xx_hal_crc.o
 .text.CRC_Handle_16
                0x0801e80e       0x6e Thirdparty\STM32G0xx_HAL_Driver\Src\stm32g0xx_hal_crc.o
 .text.HAL_CRCEx_Polynomial_Set
                0x0801e87c       0xea Thirdparty\STM32G0xx_HAL_Driver\Src\stm32g0xx_hal_crc_ex.o
                0x0801e87c                HAL_CRCEx_Polynomial_Set
 *fill*         0x0801e966        0x2 
 .text.HAL_DMA_Init
                0x0801e968      0x158 Thirdparty\STM32G0xx_HAL_Driver\Src\stm32g0xx_hal_dma.o
                0x0801e968                HAL_DMA_Init
 .text.HAL_DMA_Start_IT
                0x0801eac0      0x10c Thirdparty\STM32G0xx_HAL_Driver\Src\stm32g0xx_hal_dma.o
                0x0801eac0                HAL_DMA_Start_IT
 .text.HAL_DMA_Abort
                0x0801ebcc       0xc0 Thirdparty\STM32G0xx_HAL_Driver\Src\stm32g0xx_hal_dma.o
                0x0801ebcc                HAL_DMA_Abort
 .text.HAL_DMA_Abort_IT
                0x0801ec8c       0xd0 Thirdparty\STM32G0xx_HAL_Driver\Src\stm32g0xx_hal_dma.o
                0x0801ec8c                HAL_DMA_Abort_IT
 .text.HAL_DMA_IRQHandler
                0x0801ed5c      0x188 Thirdparty\STM32G0xx_HAL_Driver\Src\stm32g0xx_hal_dma.o
                0x0801ed5c                HAL_DMA_IRQHandler
 .text.HAL_DMA_GetError
                0x0801eee4       0x14 Thirdparty\STM32G0xx_HAL_Driver\Src\stm32g0xx_hal_dma.o
                0x0801eee4                HAL_DMA_GetError
 .text.DMA_SetConfig
                0x0801eef8       0x78 Thirdparty\STM32G0xx_HAL_Driver\Src\stm32g0xx_hal_dma.o
 .text.DMA_CalcDMAMUXChannelBaseAndMask
                0x0801ef70       0x94 Thirdparty\STM32G0xx_HAL_Driver\Src\stm32g0xx_hal_dma.o
 .text.DMA_CalcDMAMUXRequestGenBaseAndMask
                0x0801f004       0x48 Thirdparty\STM32G0xx_HAL_Driver\Src\stm32g0xx_hal_dma.o
 .text.HAL_FLASH_Program
                0x0801f04c       0x9c Thirdparty\STM32G0xx_HAL_Driver\Src\stm32g0xx_hal_flash.o
                0x0801f04c                HAL_FLASH_Program
 .text.HAL_FLASH_Unlock
                0x0801f0e8       0x48 Thirdparty\STM32G0xx_HAL_Driver\Src\stm32g0xx_hal_flash.o
                0x0801f0e8                HAL_FLASH_Unlock
 .text.HAL_FLASH_Lock
                0x0801f130       0x44 Thirdparty\STM32G0xx_HAL_Driver\Src\stm32g0xx_hal_flash.o
                0x0801f130                HAL_FLASH_Lock
 .text.FLASH_WaitForLastOperation
                0x0801f174       0x9c Thirdparty\STM32G0xx_HAL_Driver\Src\stm32g0xx_hal_flash.o
                0x0801f174                FLASH_WaitForLastOperation
 .text.FLASH_Program_DoubleWord
                0x0801f210       0x40 Thirdparty\STM32G0xx_HAL_Driver\Src\stm32g0xx_hal_flash.o
 .text.HAL_FLASHEx_Erase
                0x0801f250       0xe0 Thirdparty\STM32G0xx_HAL_Driver\Src\stm32g0xx_hal_flash_ex.o
                0x0801f250                HAL_FLASHEx_Erase
 .text.FLASH_MassErase
                0x0801f330       0x28 Thirdparty\STM32G0xx_HAL_Driver\Src\stm32g0xx_hal_flash_ex.o
 .text.FLASH_PageErase
                0x0801f358       0x58 Thirdparty\STM32G0xx_HAL_Driver\Src\stm32g0xx_hal_flash_ex.o
                0x0801f358                FLASH_PageErase
 .text.HAL_GPIO_Init
                0x0801f3b0      0x2d8 Thirdparty\STM32G0xx_HAL_Driver\Src\stm32g0xx_hal_gpio.o
                0x0801f3b0                HAL_GPIO_Init
 .text.HAL_GPIO_DeInit
                0x0801f688      0x1b0 Thirdparty\STM32G0xx_HAL_Driver\Src\stm32g0xx_hal_gpio.o
                0x0801f688                HAL_GPIO_DeInit
 .text.HAL_GPIO_ReadPin
                0x0801f838       0x3a Thirdparty\STM32G0xx_HAL_Driver\Src\stm32g0xx_hal_gpio.o
                0x0801f838                HAL_GPIO_ReadPin
 .text.HAL_GPIO_WritePin
                0x0801f872       0x3a Thirdparty\STM32G0xx_HAL_Driver\Src\stm32g0xx_hal_gpio.o
                0x0801f872                HAL_GPIO_WritePin
 .text.HAL_GPIO_TogglePin
                0x0801f8ac       0x36 Thirdparty\STM32G0xx_HAL_Driver\Src\stm32g0xx_hal_gpio.o
                0x0801f8ac                HAL_GPIO_TogglePin
 *fill*         0x0801f8e2        0x2 
 .text.HAL_GPIO_EXTI_IRQHandler
                0x0801f8e4       0x54 Thirdparty\STM32G0xx_HAL_Driver\Src\stm32g0xx_hal_gpio.o
                0x0801f8e4                HAL_GPIO_EXTI_IRQHandler
 .text.HAL_GPIO_EXTI_Rising_Callback
                0x0801f938       0x14 Thirdparty\STM32G0xx_HAL_Driver\Src\stm32g0xx_hal_gpio.o
                0x0801f938                HAL_GPIO_EXTI_Rising_Callback
 .text.HAL_GPIO_EXTI_Falling_Callback
                0x0801f94c       0x14 Thirdparty\STM32G0xx_HAL_Driver\Src\stm32g0xx_hal_gpio.o
                0x0801f94c                HAL_GPIO_EXTI_Falling_Callback
 .text.HAL_I2C_Init
                0x0801f960      0x14c Thirdparty\STM32G0xx_HAL_Driver\Src\stm32g0xx_hal_i2c.o
                0x0801f960                HAL_I2C_Init
 .text.HAL_I2C_Master_Transmit
                0x0801faac      0x254 Thirdparty\STM32G0xx_HAL_Driver\Src\stm32g0xx_hal_i2c.o
                0x0801faac                HAL_I2C_Master_Transmit
 .text.HAL_I2C_Master_Receive
                0x0801fd00      0x210 Thirdparty\STM32G0xx_HAL_Driver\Src\stm32g0xx_hal_i2c.o
                0x0801fd00                HAL_I2C_Master_Receive
 .text.I2C_Flush_TXDR
                0x0801ff10       0x44 Thirdparty\STM32G0xx_HAL_Driver\Src\stm32g0xx_hal_i2c.o
 .text.I2C_WaitOnFlagUntilTimeout
                0x0801ff54       0xb0 Thirdparty\STM32G0xx_HAL_Driver\Src\stm32g0xx_hal_i2c.o
 .text.I2C_WaitOnTXISFlagUntilTimeout
                0x08020004       0x8c Thirdparty\STM32G0xx_HAL_Driver\Src\stm32g0xx_hal_i2c.o
 .text.I2C_WaitOnSTOPFlagUntilTimeout
                0x08020090       0x86 Thirdparty\STM32G0xx_HAL_Driver\Src\stm32g0xx_hal_i2c.o
 *fill*         0x08020116        0x2 
 .text.I2C_WaitOnRXNEFlagUntilTimeout
                0x08020118      0x13c Thirdparty\STM32G0xx_HAL_Driver\Src\stm32g0xx_hal_i2c.o
 .text.I2C_IsErrorOccurred
                0x08020254      0x200 Thirdparty\STM32G0xx_HAL_Driver\Src\stm32g0xx_hal_i2c.o
 .text.I2C_TransferConfig
                0x08020454       0x74 Thirdparty\STM32G0xx_HAL_Driver\Src\stm32g0xx_hal_i2c.o
 .text.HAL_I2CEx_ConfigAnalogFilter
                0x080204c8       0x98 Thirdparty\STM32G0xx_HAL_Driver\Src\stm32g0xx_hal_i2c_ex.o
                0x080204c8                HAL_I2CEx_ConfigAnalogFilter
 .text.HAL_I2CEx_ConfigDigitalFilter
                0x08020560       0x98 Thirdparty\STM32G0xx_HAL_Driver\Src\stm32g0xx_hal_i2c_ex.o
                0x08020560                HAL_I2CEx_ConfigDigitalFilter
 .text.HAL_MspInit
                0x080205f8        0xa Thirdparty\STM32G0xx_HAL_Driver\Src\stm32g0xx_hal_msp_template.o
                0x080205f8                HAL_MspInit
 *fill*         0x08020602        0x2 
 .text.HAL_PWR_EnableWakeUpPin
                0x08020604       0x40 Thirdparty\STM32G0xx_HAL_Driver\Src\stm32g0xx_hal_pwr.o
                0x08020604                HAL_PWR_EnableWakeUpPin
 .text.HAL_PWR_DisableWakeUpPin
                0x08020644       0x28 Thirdparty\STM32G0xx_HAL_Driver\Src\stm32g0xx_hal_pwr.o
                0x08020644                HAL_PWR_DisableWakeUpPin
 .text.HAL_PWR_EnterSTOPMode
                0x0802066c       0x70 Thirdparty\STM32G0xx_HAL_Driver\Src\stm32g0xx_hal_pwr.o
                0x0802066c                HAL_PWR_EnterSTOPMode
 .text.HAL_PWR_EnterSTANDBYMode
                0x080206dc       0x34 Thirdparty\STM32G0xx_HAL_Driver\Src\stm32g0xx_hal_pwr.o
                0x080206dc                HAL_PWR_EnterSTANDBYMode
 .text.HAL_PWREx_EnableSRAMRetention
                0x08020710       0x1c Thirdparty\STM32G0xx_HAL_Driver\Src\stm32g0xx_hal_pwr_ex.o
                0x08020710                HAL_PWREx_EnableSRAMRetention
 .text.HAL_PWREx_ControlVoltageScaling
                0x0802072c       0x80 Thirdparty\STM32G0xx_HAL_Driver\Src\stm32g0xx_hal_pwr_ex.o
                0x0802072c                HAL_PWREx_ControlVoltageScaling
 .text.LL_RCC_GetAPB1Prescaler
                0x080207ac       0x18 Thirdparty\STM32G0xx_HAL_Driver\Src\stm32g0xx_hal_rcc.o
 .text.HAL_RCC_OscConfig
                0x080207c4      0x6c0 Thirdparty\STM32G0xx_HAL_Driver\Src\stm32g0xx_hal_rcc.o
                0x080207c4                HAL_RCC_OscConfig
 .text.HAL_RCC_ClockConfig
                0x08020e84      0x210 Thirdparty\STM32G0xx_HAL_Driver\Src\stm32g0xx_hal_rcc.o
                0x08020e84                HAL_RCC_ClockConfig
 .text.HAL_RCC_GetSysClockFreq
                0x08021094      0x104 Thirdparty\STM32G0xx_HAL_Driver\Src\stm32g0xx_hal_rcc.o
                0x08021094                HAL_RCC_GetSysClockFreq
 .text.HAL_RCC_GetHCLKFreq
                0x08021198       0x14 Thirdparty\STM32G0xx_HAL_Driver\Src\stm32g0xx_hal_rcc.o
                0x08021198                HAL_RCC_GetHCLKFreq
 .text.HAL_RCC_GetPCLK1Freq
                0x080211ac       0x2c Thirdparty\STM32G0xx_HAL_Driver\Src\stm32g0xx_hal_rcc.o
                0x080211ac                HAL_RCC_GetPCLK1Freq
 .text.HAL_RCCEx_PeriphCLKConfig
                0x080211d8      0x478 Thirdparty\STM32G0xx_HAL_Driver\Src\stm32g0xx_hal_rcc_ex.o
                0x080211d8                HAL_RCCEx_PeriphCLKConfig
 .text.HAL_RTC_Init
                0x08021650      0x144 Thirdparty\STM32G0xx_HAL_Driver\Src\stm32g0xx_hal_rtc.o
                0x08021650                HAL_RTC_Init
 .text.HAL_RTC_DeInit
                0x08021794      0x138 Thirdparty\STM32G0xx_HAL_Driver\Src\stm32g0xx_hal_rtc.o
                0x08021794                HAL_RTC_DeInit
 .text.HAL_RTC_SetTime
                0x080218cc      0x150 Thirdparty\STM32G0xx_HAL_Driver\Src\stm32g0xx_hal_rtc.o
                0x080218cc                HAL_RTC_SetTime
 .text.HAL_RTC_GetTime
                0x08021a1c       0xb8 Thirdparty\STM32G0xx_HAL_Driver\Src\stm32g0xx_hal_rtc.o
                0x08021a1c                HAL_RTC_GetTime
 .text.HAL_RTC_SetDate
                0x08021ad4      0x124 Thirdparty\STM32G0xx_HAL_Driver\Src\stm32g0xx_hal_rtc.o
                0x08021ad4                HAL_RTC_SetDate
 .text.HAL_RTC_GetDate