Archive member included to satisfy reference by file (symbol)

C:/ST/STM32CubeIDE_1.14.1/STM32CubeIDE/plugins/com.st.stm32cube.ide.mcu.externaltools.gnu-tools-for-stm32.11.3.rel1.win32_1.1.100.202309141235/tools/bin/../lib/gcc/arm-none-eabi/11.3.1/../../../../arm-none-eabi/lib/thumb/v6-m/nofp\libc.a(libc_a-atof.o)
                              BOS\BOS_CLI.o (atof)
C:/ST/STM32CubeIDE_1.14.1/STM32CubeIDE/plugins/com.st.stm32cube.ide.mcu.externaltools.gnu-tools-for-stm32.11.3.rel1.win32_1.1.100.202309141235/tools/bin/../lib/gcc/arm-none-eabi/11.3.1/../../../../arm-none-eabi/lib/thumb/v6-m/nofp\libc.a(libc_a-atoi.o)
                              BOS\BOS_CLI.o (atoi)
C:/ST/STM32CubeIDE_1.14.1/STM32CubeIDE/plugins/com.st.stm32cube.ide.mcu.externaltools.gnu-tools-for-stm32.11.3.rel1.win32_1.1.100.202309141235/tools/bin/../lib/gcc/arm-none-eabi/11.3.1/../../../../arm-none-eabi/lib/thumb/v6-m/nofp\libc.a(libc_a-atol.o)
                              BOS\BOS.o (atol)
C:/ST/STM32CubeIDE_1.14.1/STM32CubeIDE/plugins/com.st.stm32cube.ide.mcu.externaltools.gnu-tools-for-stm32.11.3.rel1.win32_1.1.100.202309141235/tools/bin/../lib/gcc/arm-none-eabi/11.3.1/../../../../arm-none-eabi/lib/thumb/v6-m/nofp\libc.a(libc_a-exit.o)
                              C:/ST/STM32CubeIDE_1.14.1/STM32CubeIDE/plugins/com.st.stm32cube.ide.mcu.externaltools.gnu-tools-for-stm32.11.3.rel1.win32_1.1.100.202309141235/tools/bin/../lib/gcc/arm-none-eabi/11.3.1/../../../../arm-none-eabi/lib/thumb/v6-m/nofp/crt0.o (exit)
C:/ST/STM32CubeIDE_1.14.1/STM32CubeIDE/plugins/com.st.stm32cube.ide.mcu.externaltools.gnu-tools-for-stm32.11.3.rel1.win32_1.1.100.202309141235/tools/bin/../lib/gcc/arm-none-eabi/11.3.1/../../../../arm-none-eabi/lib/thumb/v6-m/nofp\libc.a(libc_a-malloc.o)
                              BOS\BOS.o (malloc)
C:/ST/STM32CubeIDE_1.14.1/STM32CubeIDE/plugins/com.st.stm32cube.ide.mcu.externaltools.gnu-tools-for-stm32.11.3.rel1.win32_1.1.100.202309141235/tools/bin/../lib/gcc/arm-none-eabi/11.3.1/../../../../arm-none-eabi/lib/thumb/v6-m/nofp\libc.a(libc_a-mallocr.o)
                              C:/ST/STM32CubeIDE_1.14.1/STM32CubeIDE/plugins/com.st.stm32cube.ide.mcu.externaltools.gnu-tools-for-stm32.11.3.rel1.win32_1.1.100.202309141235/tools/bin/../lib/gcc/arm-none-eabi/11.3.1/../../../../arm-none-eabi/lib/thumb/v6-m/nofp\libc.a(libc_a-malloc.o) (_malloc_r)
C:/ST/STM32CubeIDE_1.14.1/STM32CubeIDE/plugins/com.st.stm32cube.ide.mcu.externaltools.gnu-tools-for-stm32.11.3.rel1.win32_1.1.100.202309141235/tools/bin/../lib/gcc/arm-none-eabi/11.3.1/../../../../arm-none-eabi/lib/thumb/v6-m/nofp\libc.a(libc_a-mlock.o)
                              C:/ST/STM32CubeIDE_1.14.1/STM32CubeIDE/plugins/com.st.stm32cube.ide.mcu.externaltools.gnu-tools-for-stm32.11.3.rel1.win32_1.1.100.202309141235/tools/bin/../lib/gcc/arm-none-eabi/11.3.1/../../../../arm-none-eabi/lib/thumb/v6-m/nofp\libc.a(libc_a-mallocr.o) (__malloc_lock)
C:/ST/STM32CubeIDE_1.14.1/STM32CubeIDE/plugins/com.st.stm32cube.ide.mcu.externaltools.gnu-tools-for-stm32.11.3.rel1.win32_1.1.100.202309141235/tools/bin/../lib/gcc/arm-none-eabi/11.3.1/../../../../arm-none-eabi/lib/thumb/v6-m/nofp\libc.a(libc_a-rand.o)
                              BOS\BOS_CLIcommands.o (rand)
C:/ST/STM32CubeIDE_1.14.1/STM32CubeIDE/plugins/com.st.stm32cube.ide.mcu.externaltools.gnu-tools-for-stm32.11.3.rel1.win32_1.1.100.202309141235/tools/bin/../lib/gcc/arm-none-eabi/11.3.1/../../../../arm-none-eabi/lib/thumb/v6-m/nofp\libc.a(libc_a-realloc.o)
                              BOS\BOS_CLI.o (realloc)
C:/ST/STM32CubeIDE_1.14.1/STM32CubeIDE/plugins/com.st.stm32cube.ide.mcu.externaltools.gnu-tools-for-stm32.11.3.rel1.win32_1.1.100.202309141235/tools/bin/../lib/gcc/arm-none-eabi/11.3.1/../../../../arm-none-eabi/lib/thumb/v6-m/nofp\libc.a(libc_a-reallocr.o)
                              C:/ST/STM32CubeIDE_1.14.1/STM32CubeIDE/plugins/com.st.stm32cube.ide.mcu.externaltools.gnu-tools-for-stm32.11.3.rel1.win32_1.1.100.202309141235/tools/bin/../lib/gcc/arm-none-eabi/11.3.1/../../../../arm-none-eabi/lib/thumb/v6-m/nofp\libc.a(libc_a-realloc.o) (_realloc_r)
C:/ST/STM32CubeIDE_1.14.1/STM32CubeIDE/plugins/com.st.stm32cube.ide.mcu.externaltools.gnu-tools-for-stm32.11.3.rel1.win32_1.1.100.202309141235/tools/bin/../lib/gcc/arm-none-eabi/11.3.1/../../../../arm-none-eabi/lib/thumb/v6-m/nofp\libc.a(libc_a-strtod.o)
                              C:/ST/STM32CubeIDE_1.14.1/STM32CubeIDE/plugins/com.st.stm32cube.ide.mcu.externaltools.gnu-tools-for-stm32.11.3.rel1.win32_1.1.100.202309141235/tools/bin/../lib/gcc/arm-none-eabi/11.3.1/../../../../arm-none-eabi/lib/thumb/v6-m/nofp\libc.a(libc_a-atof.o) (strtod)
C:/ST/STM32CubeIDE_1.14.1/STM32CubeIDE/plugins/com.st.stm32cube.ide.mcu.externaltools.gnu-tools-for-stm32.11.3.rel1.win32_1.1.100.202309141235/tools/bin/../lib/gcc/arm-none-eabi/11.3.1/../../../../arm-none-eabi/lib/thumb/v6-m/nofp\libc.a(libc_a-strtol.o)
[...]
Memory Configuration

Name             Origin             Length             Attributes
RAM              0x0000000020000000 0x0000000000024000 xrw
FLASH            0x0000000008000000 0x0000000000080000 xr
*default*        0x0000000000000000 0xffffffffffffffff

Linker script and memory map

LOAD C:/ST/STM32CubeIDE_1.14.1/STM32CubeIDE/plugins/com.st.stm32cube.ide.mcu.externaltools.gnu-tools-for-stm32.11.3.rel1.win32_1.1.100.202309141235/tools/bin/../lib/gcc/arm-none-eabi/11.3.1/thumb/v6-m/nofp/crti.o
LOAD C:/ST/STM32CubeIDE_1.14.1/STM32CubeIDE/plugins/com.st.stm32cube.ide.mcu.externaltools.gnu-tools-for-stm32.11.3.rel1.win32_1.1.100.202309141235/tools/bin/../lib/gcc/arm-none-eabi/11.3.1/thumb/v6-m/nofp/crtbegin.o
LOAD C:/ST/STM32CubeIDE_1.14.1/STM32CubeIDE/plugins/com.st.stm32cube.ide.mcu.externaltools.gnu-tools-for-stm32.11.3.rel1.win32_1.1.100.202309141235/tools/bin/../lib/gcc/arm-none-eabi/11.3.1/../../../../arm-none-eabi/lib/thumb/v6-m/nofp/crt0.o
LOAD BOS\BOS.o
LOAD BOS\BOS_CLI.o
LOAD BOS\BOS_CLIcommands.o
LOAD BOS\BOS_dma.o
LOAD BOS\BOS_freertos.o
LOAD BOS\BOS_messaging.o
LOAD BOS\BOS_msgparser.o
LOAD H08R7\H08R7.o
LOAD H08R7\H08R7_dma.o
LOAD H08R7\H08R7_eeprom.o
LOAD H08R7\H08R7_gpio.o
LOAD H08R7\H08R7_i2c.o
LOAD H08R7\H08R7_inputs.o
LOAD H08R7\H08R7_it.o
LOAD H08R7\H08R7_rtc.o
LOAD H08R7\H08R7_timers.o
LOAD H08R7\H08R7_uart.o
LOAD H08R7\startup_stm32g0b1ceuxn.o
LOAD Thirdparty\CMSIS\STM32G0xx\Device\ST\STM32G0xx\Source\Templates\system_stm32g0xx.o
LOAD Thirdparty\Middleware\STM32G0xx\FreeRTOS\Source\CMSIS_RTOS\cmsis_os.o
LOAD Thirdparty\Middleware\STM32G0xx\FreeRTOS\Source\FreeRTOS_CLI.o
LOAD Thirdparty\Middleware\STM32G0xx\FreeRTOS\Source\croutine.o
LOAD Thirdparty\Middleware\STM32G0xx\FreeRTOS\Source\event_groups.o
LOAD Thirdparty\Middleware\STM32G0xx\FreeRTOS\Source\list.o
LOAD Thirdparty\Middleware\STM32G0xx\FreeRTOS\Source\portable\GCC\ARM_CM0\port.o
LOAD Thirdparty\Middleware\STM32G0xx\FreeRTOS\Source\portable\MemMang\heap_4.o
LOAD Thirdparty\Middleware\STM32G0xx\FreeRTOS\Source\queue.o
LOAD Thirdparty\Middleware\STM32G0xx\FreeRTOS\Source\stream_buffer.o
LOAD Thirdparty\Middleware\STM32G0xx\FreeRTOS\Source\tasks.o
LOAD Thirdparty\Middleware\STM32G0xx\FreeRTOS\Source\timers.o
LOAD Thirdparty\STM32G0xx_HAL_Driver\Src\stm32g0xx_hal.o
LOAD Thirdparty\STM32G0xx_HAL_Driver\Src\stm32g0xx_hal_adc.o
LOAD Thirdparty\STM32G0xx_HAL_Driver\Src\stm32g0xx_hal_adc_ex.o
LOAD Thirdparty\STM32G0xx_HAL_Driver\Src\stm32g0xx_hal_cec.o
LOAD Thirdparty\STM32G0xx_HAL_Driver\Src\stm32g0xx_hal_comp.o
LOAD Thirdparty\STM32G0xx_HAL_Driver\Src\stm32g0xx_hal_cortex.o
LOAD Thirdparty\STM32G0xx_HAL_Driver\Src\stm32g0xx_hal_crc.o
LOAD Thirdparty\STM32G0xx_HAL_Driver\Src\stm32g0xx_hal_crc_ex.o
LOAD Thirdparty\STM32G0xx_HAL_Driver\Src\stm32g0xx_hal_cryp.o
LOAD Thirdparty\STM32G0xx_HAL_Driver\Src\stm32g0xx_hal_cryp_ex.o
LOAD Thirdparty\STM32G0xx_HAL_Driver\Src\stm32g0xx_hal_dac.o
LOAD Thirdparty\STM32G0xx_HAL_Driver\Src\stm32g0xx_hal_dac_ex.o
LOAD Thirdparty\STM32G0xx_HAL_Driver\Src\stm32g0xx_hal_dma.o
LOAD Thirdparty\STM32G0xx_HAL_Driver\Src\stm32g0xx_hal_dma_ex.o
LOAD Thirdparty\STM32G0xx_HAL_Driver\Src\stm32g0xx_hal_exti.o
LOAD Thirdparty\STM32G0xx_HAL_Driver\Src\stm32g0xx_hal_fdcan.o
LOAD Thirdparty\STM32G0xx_HAL_Driver\Src\stm32g0xx_hal_flash.o
LOAD Thirdparty\STM32G0xx_HAL_Driver\Src\stm32g0xx_hal_flash_ex.o
LOAD Thirdparty\STM32G0xx_HAL_Driver\Src\stm32g0xx_hal_gpio.o
LOAD Thirdparty\STM32G0xx_HAL_Driver\Src\stm32g0xx_hal_hcd.o
LOAD Thirdparty\STM32G0xx_HAL_Driver\Src\stm32g0xx_hal_i2c.o
LOAD Thirdparty\STM32G0xx_HAL_Driver\Src\stm32g0xx_hal_i2c_ex.o
LOAD Thirdparty\STM32G0xx_HAL_Driver\Src\stm32g0xx_hal_i2s.o
LOAD Thirdparty\STM32G0xx_HAL_Driver\Src\stm32g0xx_hal_irda.o
LOAD Thirdparty\STM32G0xx_HAL_Driver\Src\stm32g0xx_hal_iwdg.o
LOAD Thirdparty\STM32G0xx_HAL_Driver\Src\stm32g0xx_hal_lptim.o
LOAD Thirdparty\STM32G0xx_HAL_Driver\Src\stm32g0xx_hal_msp_template.o
LOAD Thirdparty\STM32G0xx_HAL_Driver\Src\stm32g0xx_hal_pcd.o
LOAD Thirdparty\STM32G0xx_HAL_Driver\Src\stm32g0xx_hal_pcd_ex.o
LOAD Thirdparty\STM32G0xx_HAL_Driver\Src\stm32g0xx_hal_pwr.o
LOAD Thirdparty\STM32G0xx_HAL_Driver\Src\stm32g0xx_hal_pwr_ex.o
LOAD Thirdparty\STM32G0xx_HAL_Driver\Src\stm32g0xx_hal_rcc.o
LOAD Thirdparty\STM32G0xx_HAL_Driver\Src\stm32g0xx_hal_rcc_ex.o
LOAD Thirdparty\STM32G0xx_HAL_Driver\Src\stm32g0xx_hal_rng.o
LOAD Thirdparty\STM32G0xx_HAL_Driver\Src\stm32g0xx_hal_rtc.o
LOAD Thirdparty\STM32G0xx_HAL_Driver\Src\stm32g0xx_hal_rtc_ex.o
LOAD Thirdparty\STM32G0xx_HAL_Driver\Src\stm32g0xx_hal_smartcard.o
LOAD Thirdparty\STM32G0xx_HAL_Driver\Src\stm32g0xx_hal_smartcard_ex.o
LOAD Thirdparty\STM32G0xx_HAL_Driver\Src\stm32g0xx_hal_smbus.o
LOAD Thirdparty\STM32G0xx_HAL_Driver\Src\stm32g0xx_hal_smbus_ex.o
LOAD Thirdparty\STM32G0xx_HAL_Driver\Src\stm32g0xx_hal_spi.o
LOAD Thirdparty\STM32G0xx_HAL_Driver\Src\stm32g0xx_hal_spi_ex.o
LOAD Thirdparty\STM32G0xx_HAL_Driver\Src\stm32g0xx_hal_tim.o
LOAD Thirdparty\STM32G0xx_HAL_Driver\Src\stm32g0xx_hal_tim_ex.o
LOAD Thirdparty\STM32G0xx_HAL_Driver\Src\stm32g0xx_hal_uart.o
LOAD Thirdparty\STM32G0xx_HAL_Driver\Src\stm32g0xx_hal_uart_ex.o
LOAD Thirdparty\STM32G0xx_HAL_Driver\Src\stm32g0xx_hal_usart.o
LOAD Thirdparty\STM32G0xx_HAL_Driver\Src\stm32g0xx_hal_usart_ex.o
LOAD Thirdparty\STM32G0xx_HAL_Driver\Src\stm32g0xx_hal_wwdg.o
LOAD Thirdparty\STM32G0xx_HAL_Driver\Src\stm32g0xx_ll_adc.o
LOAD Thirdparty\STM32G0xx_HAL_Driver\Src\stm32g0xx_ll_comp.o
LOAD Thirdparty\STM32G0xx_HAL_Driver\Src\stm32g0xx_ll_crc.o
LOAD Thirdparty\STM32G0xx_HAL_Driver\Src\stm32g0xx_ll_crs.o
LOAD Thirdparty\STM32G0xx_HAL_Driver\Src\stm32g0xx_ll_dac.o
LOAD Thirdparty\STM32G0xx_HAL_Driver\Src\stm32g0xx_ll_dma.o
LOAD Thirdparty\STM32G0xx_HAL_Driver\Src\stm32g0xx_ll_exti.o
LOAD Thirdparty\STM32G0xx_HAL_Driver\Src\stm32g0xx_ll_gpio.o
LOAD Thirdparty\STM32G0xx_HAL_Driver\Src\stm32g0xx_ll_i2c.o
LOAD Thirdparty\STM32G0xx_HAL_Driver\Src\stm32g0xx_ll_lptim.o
LOAD Thirdparty\STM32G0xx_HAL_Driver\Src\stm32g0xx_ll_lpuart.o
LOAD Thirdparty\STM32G0xx_HAL_Driver\Src\stm32g0xx_ll_pwr.o
LOAD Thirdparty\STM32G0xx_HAL_Driver\Src\stm32g0xx_ll_rcc.o
LOAD Thirdparty\STM32G0xx_HAL_Driver\Src\stm32g0xx_ll_rng.o
LOAD Thirdparty\STM32G0xx_HAL_Driver\Src\stm32g0xx_ll_rtc.o
LOAD Thirdparty\STM32G0xx_HAL_Driver\Src\stm32g0xx_ll_spi.o
LOAD Thirdparty\STM32G0xx_HAL_Driver\Src\stm32g0xx_ll_tim.o
LOAD Thirdparty\STM32G0xx_HAL_Driver\Src\stm32g0xx_ll_ucpd.o
LOAD Thirdparty\STM32G0xx_HAL_Driver\Src\stm32g0xx_ll_usart.o
LOAD Thirdparty\STM32G0xx_HAL_Driver\Src\stm32g0xx_ll_usb.o
LOAD Thirdparty\STM32G0xx_HAL_Driver\Src\stm32g0xx_ll_utils.o
LOAD Thirdparty\VL53L0X_1.0.2\Api\core\src\vl53l0x_api.o
LOAD Thirdparty\VL53L0X_1.0.2\Api\core\src\vl53l0x_api_calibration.o
LOAD Thirdparty\VL53L0X_1.0.2\Api\core\src\vl53l0x_api_core.o
LOAD Thirdparty\VL53L0X_1.0.2\Api\core\src\vl53l0x_api_ranging.o
LOAD Thirdparty\VL53L0X_1.0.2\Api\core\src\vl53l0x_api_strings.o
LOAD Thirdparty\VL53L0X_1.0.2\Api\platform\src\vl53l0x_platform.o
LOAD User\main.o
LOAD VL53L1\Bracelet_IR_ToF.o
LOAD VL53L1\vl53l1_Driver\Src\vl53l1_platform.o
LOAD VL53L1\vl53l1_Driver\Src\vl53l1_platform_init.o
LOAD VL53L1\vl53l1_Driver\Src\vl53l1_platform_ipp.o
LOAD VL53L1\vl53l1_Driver\Src\vl53l1_platform_log.o
LOAD VL53L1\vl53l1_Driver\vl53l1\vl53l1_api.o
LOAD VL53L1\vl53l1_Driver\vl53l1\vl53l1_api_calibration.o
LOAD VL53L1\vl53l1_Driver\vl53l1\vl53l1_api_core.o
LOAD VL53L1\vl53l1_Driver\vl53l1\vl53l1_api_debug.o
LOAD VL53L1\vl53l1_Driver\vl53l1\vl53l1_api_preset_modes.o
LOAD VL53L1\vl53l1_Driver\vl53l1\vl53l1_api_strings.o
LOAD VL53L1\vl53l1_Driver\vl53l1\vl53l1_core.o
LOAD VL53L1\vl53l1_Driver\vl53l1\vl53l1_core_support.o
LOAD VL53L1\vl53l1_Driver\vl53l1\vl53l1_dmax.o
LOAD VL53L1\vl53l1_Driver\vl53l1\vl53l1_error_strings.o
LOAD VL53L1\vl53l1_Driver\vl53l1\vl53l1_hist_algos_gen3.o
LOAD VL53L1\vl53l1_Driver\vl53l1\vl53l1_hist_algos_gen4.o
LOAD VL53L1\vl53l1_Driver\vl53l1\vl53l1_hist_char.o
LOAD VL53L1\vl53l1_Driver\vl53l1\vl53l1_hist_core.o
LOAD VL53L1\vl53l1_Driver\vl53l1\vl53l1_hist_funcs.o
LOAD VL53L1\vl53l1_Driver\vl53l1\vl53l1_nvm.o
LOAD VL53L1\vl53l1_Driver\vl53l1\vl53l1_nvm_debug.o
LOAD VL53L1\vl53l1_Driver\vl53l1\vl53l1_register_funcs.o
LOAD VL53L1\vl53l1_Driver\vl53l1\vl53l1_sigma_estimate.o
LOAD VL53L1\vl53l1_Driver\vl53l1\vl53l1_silicon_core.o
LOAD VL53L1\vl53l1_Driver\vl53l1\vl53l1_wait.o
LOAD VL53L1\vl53l1_Driver\vl53l1\vl53l1_xtalk.o
LOAD VL53L1\vl53l1_Driver\vl53l1\vl53l1_zone_presets.o
START GROUP
LOAD C:/ST/STM32CubeIDE_1.14.1/STM32CubeIDE/plugins/com.st.stm32cube.ide.mcu.externaltools.gnu-tools-for-stm32.11.3.rel1.win32_1.1.100.202309141235/tools/bin/../lib/gcc/arm-none-eabi/11.3.1/../../../../arm-none-eabi/lib/thumb/v6-m/nofp\libc.a
LOAD C:/ST/STM32CubeIDE_1.14.1/STM32CubeIDE/plugins/com.st.stm32cube.ide.mcu.externaltools.gnu-tools-for-stm32.11.3.rel1.win32_1.1.100.202309141235/tools/bin/../lib/gcc/arm-none-eabi/11.3.1/../../../../arm-none-eabi/lib/thumb/v6-m/nofp\libm.a
END GROUP
START GROUP
LOAD C:/ST/STM32CubeIDE_1.14.1/STM32CubeIDE/plugins/com.st.stm32cube.ide.mcu.externaltools.gnu-tools-for-stm32.11.3.rel1.win32_1.1.100.202309141235/tools/bin/../lib/gcc/arm-none-eabi/11.3.1/thumb/v6-m/nofp\libgcc.a
LOAD C:/ST/STM32CubeIDE_1.14.1/STM32CubeIDE/plugins/com.st.stm32cube.ide.mcu.externaltools.gnu-tools-for-stm32.11.3.rel1.win32_1.1.100.202309141235/tools/bin/../lib/gcc/arm-none-eabi/11.3.1/../../../../arm-none-eabi/lib/thumb/v6-m/nofp\libc.a
END GROUP
START GROUP
LOAD C:/ST/STM32CubeIDE_1.14.1/STM32CubeIDE/plugins/com.st.stm32cube.ide.mcu.externaltools.gnu-tools-for-stm32.11.3.rel1.win32_1.1.100.202309141235/tools/bin/../lib/gcc/arm-none-eabi/11.3.1/thumb/v6-m/nofp\libgcc.a
LOAD C:/ST/STM32CubeIDE_1.14.1/STM32CubeIDE/plugins/com.st.stm32cube.ide.mcu.externaltools.gnu-tools-for-stm32.11.3.rel1.win32_1.1.100.202309141235/tools/bin/../lib/gcc/arm-none-eabi/11.3.1/../../../../arm-none-eabi/lib/thumb/v6-m/nofp\libc.a
LOAD C:/ST/STM32CubeIDE_1.14.1/STM32CubeIDE/plugins/com.st.stm32cube.ide.mcu.externaltools.gnu-tools-for-stm32.11.3.rel1.win32_1.1.100.202309141235/tools/bin/../lib/gcc/arm-none-eabi/11.3.1/../../../../arm-none-eabi/lib/thumb/v6-m/nofp\libnosys.a
END GROUP
LOAD C:/ST/STM32CubeIDE_1.14.1/STM32CubeIDE/plugins/com.st.stm32cube.ide.mcu.externaltools.gnu-tools-for-stm32.11.3.rel1.win32_1.1.100.202309141235/tools/bin/../lib/gcc/arm-none-eabi/11.3.1/thumb/v6-m/nofp/crtend.o
LOAD C:/ST/STM32CubeIDE_1.14.1/STM32CubeIDE/plugins/com.st.stm32cube.ide.mcu.externaltools.gnu-tools-for-stm32.11.3.rel1.win32_1.1.100.202309141235/tools/bin/../lib/gcc/arm-none-eabi/11.3.1/thumb/v6-m/nofp/crtn.o
                0x0000000020024000                _estack = (ORIGIN (RAM) + LENGTH (RAM))
                0x0000000000000200                _Min_Heap_Size = 0x200
                0x0000000000000400                _Min_Stack_Size = 0x400

.isr_vector     0x0000000008000000       0xbc
                0x0000000008000000                . = ALIGN (0x4)
 *(.isr_vector)
 .isr_vector    0x0000000008000000       0xbc H08R7\startup_stm32g0b1ceuxn.o
                0x0000000008000000                g_pfnVectors
                0x00000000080000bc                . = ALIGN (0x4)

.text           0x00000000080000c0    0x3e278
                0x00000000080000c0                . = ALIGN (0x4)
 *(.text)
 .text          0x00000000080000c0       0x48 C:/ST/STM32CubeIDE_1.14.1/STM32CubeIDE/plugins/com.st.stm32cube.ide.mcu.externaltools.gnu-tools-for-stm32.11.3.rel1.win32_1.1.100.202309141235/tools/bin/../lib/gcc/arm-none-eabi/11.3.1/thumb/v6-m/nofp/crtbegin.o
 .text          0x0000000008000108       0x14 C:/ST/STM32CubeIDE_1.14.1/STM32CubeIDE/plugins/com.st.stm32cube.ide.mcu.externaltools.gnu-tools-for-stm32.11.3.rel1.win32_1.1.100.202309141235/tools/bin/../lib/gcc/arm-none-eabi/11.3.1/../../../../arm-none-eabi/lib/thumb/v6-m/nofp\libc.a(libc_a-strcmp.o)
                0x0000000008000108                strcmp
 .text          0x000000000800011c        0xe C:/ST/STM32CubeIDE_1.14.1/STM32CubeIDE/plugins/com.st.stm32cube.ide.mcu.externaltools.gnu-tools-for-stm32.11.3.rel1.win32_1.1.100.202309141235/tools/bin/../lib/gcc/arm-none-eabi/11.3.1/../../../../arm-none-eabi/lib/thumb/v6-m/nofp\libc.a(libc_a-strlen.o)
                0x000000000800011c                strlen
 *fill*         0x000000000800012a        0x2 
 .text          0x000000000800012c       0x14 C:/ST/STM32CubeIDE_1.14.1/STM32CubeIDE/plugins/com.st.stm32cube.ide.mcu.externaltools.gnu-tools-for-stm32.11.3.rel1.win32_1.1.100.202309141235/tools/bin/../lib/gcc/arm-none-eabi/11.3.1/thumb/v6-m/nofp\libgcc.a(_thumb1_case_uqi.o)
                0x000000000800012c                __gnu_thumb1_case_uqi
 .text          0x0000000008000140       0x14 C:/ST/STM32CubeIDE_1.14.1/STM32CubeIDE/plugins/com.st.stm32cube.ide.mcu.externaltools.gnu-tools-for-stm32.11.3.rel1.win32_1.1.100.202309141235/tools/bin/../lib/gcc/arm-none-eabi/11.3.1/thumb/v6-m/nofp\libgcc.a(_thumb1_case_uhi.o)
                0x0000000008000140                __gnu_thumb1_case_uhi
 .text          0x0000000008000154      0x114 C:/ST/STM32CubeIDE_1.14.1/STM32CubeIDE/plugins/com.st.stm32cube.ide.mcu.externaltools.gnu-tools-for-stm32.11.3.rel1.win32_1.1.100.202309141235/tools/bin/../lib/gcc/arm-none-eabi/11.3.1/thumb/v6-m/nofp\libgcc.a(_udivsi3.o)
                0x0000000008000154                __aeabi_uidiv
                0x0000000008000154                __udivsi3
                0x0000000008000260                __aeabi_uidivmod
 .text          0x0000000008000268      0x1d4 C:/ST/STM32CubeIDE_1.14.1/STM32CubeIDE/plugins/com.st.stm32cube.ide.mcu.externaltools.gnu-tools-for-stm32.11.3.rel1.win32_1.1.100.202309141235/tools/bin/../lib/gcc/arm-none-eabi/11.3.1/thumb/v6-m/nofp\libgcc.a(_divsi3.o)
                0x0000000008000268                __divsi3
                0x0000000008000268                __aeabi_idiv
                0x0000000008000434                __aeabi_idivmod
 .text          0x000000000800043c        0x4 C:/ST/STM32CubeIDE_1.14.1/STM32CubeIDE/plugins/com.st.stm32cube.ide.mcu.externaltools.gnu-tools-for-stm32.11.3.rel1.win32_1.1.100.202309141235/tools/bin/../lib/gcc/arm-none-eabi/11.3.1/thumb/v6-m/nofp\libgcc.a(_dvmd_tls.o)
                0x000000000800043c                __aeabi_idiv0
                0x000000000800043c                __aeabi_ldiv0
 .text          0x0000000008000440       0x7c C:/ST/STM32CubeIDE_1.14.1/STM32CubeIDE/plugins/com.st.stm32cube.ide.mcu.externaltools.gnu-tools-for-stm32.11.3.rel1.win32_1.1.100.202309141235/tools/bin/../lib/gcc/arm-none-eabi/11.3.1/thumb/v6-m/nofp\libgcc.a(_arm_cmpdf2.o)
                0x0000000008000440                __aeabi_cdrcmple
                0x0000000008000450                __aeabi_cdcmple
                0x0000000008000450                __aeabi_cdcmpeq
                0x0000000008000460                __aeabi_dcmpeq
                0x000000000800046c                __aeabi_dcmplt
                0x0000000008000480                __aeabi_dcmple
                0x0000000008000494                __aeabi_dcmpgt
                0x00000000080004a8                __aeabi_dcmpge
 .text          0x00000000080004bc       0x74 C:/ST/STM32CubeIDE_1.14.1/STM32CubeIDE/plugins/com.st.stm32cube.ide.mcu.externaltools.gnu-tools-for-stm32.11.3.rel1.win32_1.1.100.202309141235/tools/bin/../lib/gcc/arm-none-eabi/11.3.1/thumb/v6-m/nofp\libgcc.a(_arm_cmpsf2.o)
                0x00000000080004bc                __aeabi_cfrcmple
                0x00000000080004c4                __aeabi_cfcmpeq
                0x00000000080004c4                __aeabi_cfcmple
                0x00000000080004d4                __aeabi_fcmpeq
                0x00000000080004e0                __aeabi_fcmplt
                0x00000000080004f4                __aeabi_fcmple
                0x0000000008000508                __aeabi_fcmpgt
                0x000000000800051c                __aeabi_fcmpge
 .text          0x0000000008000530       0x14 C:/ST/STM32CubeIDE_1.14.1/STM32CubeIDE/plugins/com.st.stm32cube.ide.mcu.externaltools.gnu-tools-for-stm32.11.3.rel1.win32_1.1.100.202309141235/tools/bin/../lib/gcc/arm-none-eabi/11.3.1/thumb/v6-m/nofp\libgcc.a(_aeabi_ulcmp.o)
                0x0000000008000530                __aeabi_ulcmp
 .text          0x0000000008000544       0x48 C:/ST/STM32CubeIDE_1.14.1/STM32CubeIDE/plugins/com.st.stm32cube.ide.mcu.externaltools.gnu-tools-for-stm32.11.3.rel1.win32_1.1.100.202309141235/tools/bin/../lib/gcc/arm-none-eabi/11.3.1/thumb/v6-m/nofp\libgcc.a(_aeabi_ldivmod.o)
                0x0000000008000544                __aeabi_ldivmod
 .text          0x000000000800058c       0x40 C:/ST/STM32CubeIDE_1.14.1/STM32CubeIDE/plugins/com.st.stm32cube.ide.mcu.externaltools.gnu-tools-for-stm32.11.3.rel1.win32_1.1.100.202309141235/tools/bin/../lib/gcc/arm-none-eabi/11.3.1/thumb/v6-m/nofp\libgcc.a(_aeabi_uldivmod.o)
                0x000000000800058c                __aeabi_uldivmod
 .text          0x00000000080005cc       0x5c C:/ST/STM32CubeIDE_1.14.1/STM32CubeIDE/plugins/com.st.stm32cube.ide.mcu.externaltools.gnu-tools-for-stm32.11.3.rel1.win32_1.1.100.202309141235/tools/bin/../lib/gcc/arm-none-eabi/11.3.1/thumb/v6-m/nofp\libgcc.a(_muldi3.o)
                0x00000000080005cc                __muldi3
                0x00000000080005cc                __aeabi_lmul
 .text          0x0000000008000628       0x30 C:/ST/STM32CubeIDE_1.14.1/STM32CubeIDE/plugins/com.st.stm32cube.ide.mcu.externaltools.gnu-tools-for-stm32.11.3.rel1.win32_1.1.100.202309141235/tools/bin/../lib/gcc/arm-none-eabi/11.3.1/thumb/v6-m/nofp\libgcc.a(_fixunssfsi.o)
                0x0000000008000628                __fixunssfsi
                0x0000000008000628                __aeabi_f2uiz
 .text          0x0000000008000658       0x3c C:/ST/STM32CubeIDE_1.14.1/STM32CubeIDE/plugins/com.st.stm32cube.ide.mcu.externaltools.gnu-tools-for-stm32.11.3.rel1.win32_1.1.100.202309141235/tools/bin/../lib/gcc/arm-none-eabi/11.3.1/thumb/v6-m/nofp\libgcc.a(_fixunsdfsi.o)
                0x0000000008000658                __aeabi_d2uiz
                0x0000000008000658                __fixunsdfsi
 .text          0x0000000008000694       0x3c C:/ST/STM32CubeIDE_1.14.1/STM32CubeIDE/plugins/com.st.stm32cube.ide.mcu.externaltools.gnu-tools-for-stm32.11.3.rel1.win32_1.1.100.202309141235/tools/bin/../lib/gcc/arm-none-eabi/11.3.1/thumb/v6-m/nofp\libgcc.a(_fixdfdi.o)
                0x0000000008000694                __fixdfdi
                0x0000000008000694                __aeabi_d2lz
 .text          0x00000000080006d0       0x3c C:/ST/STM32CubeIDE_1.14.1/STM32CubeIDE/plugins/com.st.stm32cube.ide.mcu.externaltools.gnu-tools-for-stm32.11.3.rel1.win32_1.1.100.202309141235/tools/bin/../lib/gcc/arm-none-eabi/11.3.1/thumb/v6-m/nofp\libgcc.a(_fixunsdfdi.o)
                0x00000000080006d0                __fixunsdfdi
                0x00000000080006d0                __aeabi_d2ulz
 .text          0x000000000800070c       0x2c C:/ST/STM32CubeIDE_1.14.1/STM32CubeIDE/plugins/com.st.stm32cube.ide.mcu.externaltools.gnu-tools-for-stm32.11.3.rel1.win32_1.1.100.202309141235/tools/bin/../lib/gcc/arm-none-eabi/11.3.1/thumb/v6-m/nofp\libgcc.a(_floatdidf.o)
                0x000000000800070c                __aeabi_l2d
                0x000000000800070c                __floatdidf
 .text          0x0000000008000738      0x198 C:/ST/STM32CubeIDE_1.14.1/STM32CubeIDE/plugins/com.st.stm32cube.ide.mcu.externaltools.gnu-tools-for-stm32.11.3.rel1.win32_1.1.100.202309141235/tools/bin/../lib/gcc/arm-none-eabi/11.3.1/thumb/v6-m/nofp\libgcc.a(_udivmoddi4.o)
                0x0000000008000738                __udivmoddi4
 .text          0x00000000080008d0       0x3c C:/ST/STM32CubeIDE_1.14.1/STM32CubeIDE/plugins/com.st.stm32cube.ide.mcu.externaltools.gnu-tools-for-stm32.11.3.rel1.win32_1.1.100.202309141235/tools/bin/../lib/gcc/arm-none-eabi/11.3.1/thumb/v6-m/nofp\libgcc.a(bpabi.o)
                0x00000000080008d0                __gnu_ldivmod_helper
 .text          0x000000000800090c       0x4c C:/ST/STM32CubeIDE_1.14.1/STM32CubeIDE/plugins/com.st.stm32cube.ide.mcu.externaltools.gnu-tools-for-stm32.11.3.rel1.win32_1.1.100.202309141235/tools/bin/../lib/gcc/arm-none-eabi/11.3.1/thumb/v6-m/nofp\libgcc.a(eqsf2.o)
                0x000000000800090c                __eqsf2
                0x000000000800090c                __nesf2
 .text          0x0000000008000958       0x8c C:/ST/STM32CubeIDE_1.14.1/STM32CubeIDE/plugins/com.st.stm32cube.ide.mcu.externaltools.gnu-tools-for-stm32.11.3.rel1.win32_1.1.100.202309141235/tools/bin/../lib/gcc/arm-none-eabi/11.3.1/thumb/v6-m/nofp\libgcc.a(gesf2.o)
                0x0000000008000958                __gesf2
                0x0000000008000958                __gtsf2
 .text          0x00000000080009e4       0x88 C:/ST/STM32CubeIDE_1.14.1/STM32CubeIDE/plugins/com.st.stm32cube.ide.mcu.externaltools.gnu-tools-for-stm32.11.3.rel1.win32_1.1.100.202309141235/tools/bin/../lib/gcc/arm-none-eabi/11.3.1/thumb/v6-m/nofp\libgcc.a(lesf2.o)
                0x00000000080009e4                __ltsf2
                0x00000000080009e4                __lesf2
 .text          0x0000000008000a6c      0x29c C:/ST/STM32CubeIDE_1.14.1/STM32CubeIDE/plugins/com.st.stm32cube.ide.mcu.externaltools.gnu-tools-for-stm32.11.3.rel1.win32_1.1.100.202309141235/tools/bin/../lib/gcc/arm-none-eabi/11.3.1/thumb/v6-m/nofp\libgcc.a(mulsf3.o)
                0x0000000008000a6c                __aeabi_fmul
 .text          0x0000000008000d08      0x340 C:/ST/STM32CubeIDE_1.14.1/STM32CubeIDE/plugins/com.st.stm32cube.ide.mcu.externaltools.gnu-tools-for-stm32.11.3.rel1.win32_1.1.100.202309141235/tools/bin/../lib/gcc/arm-none-eabi/11.3.1/thumb/v6-m/nofp\libgcc.a(subsf3.o)
                0x0000000008000d08                __aeabi_fsub
 .text          0x0000000008001048       0x40 C:/ST/STM32CubeIDE_1.14.1/STM32CubeIDE/plugins/com.st.stm32cube.ide.mcu.externaltools.gnu-tools-for-stm32.11.3.rel1.win32_1.1.100.202309141235/tools/bin/../lib/gcc/arm-none-eabi/11.3.1/thumb/v6-m/nofp\libgcc.a(fixsfsi.o)
                0x0000000008001048                __aeabi_f2iz
 .text          0x0000000008001088       0x90 C:/ST/STM32CubeIDE_1.14.1/STM32CubeIDE/plugins/com.st.stm32cube.ide.mcu.externaltools.gnu-tools-for-stm32.11.3.rel1.win32_1.1.100.202309141235/tools/bin/../lib/gcc/arm-none-eabi/11.3.1/thumb/v6-m/nofp\libgcc.a(floatunsisf.o)
                0x0000000008001088                __aeabi_ui2f
 .text          0x0000000008001118      0x6c0 C:/ST/STM32CubeIDE_1.14.1/STM32CubeIDE/plugins/com.st.stm32cube.ide.mcu.externaltools.gnu-tools-for-stm32.11.3.rel1.win32_1.1.100.202309141235/tools/bin/../lib/gcc/arm-none-eabi/11.3.1/thumb/v6-m/nofp\libgcc.a(adddf3.o)
                0x0000000008001118                __aeabi_dadd
 .text          0x00000000080017d8      0x5dc C:/ST/STM32CubeIDE_1.14.1/STM32CubeIDE/plugins/com.st.stm32cube.ide.mcu.externaltools.gnu-tools-for-stm32.11.3.rel1.win32_1.1.100.202309141235/tools/bin/../lib/gcc/arm-none-eabi/11.3.1/thumb/v6-m/nofp\libgcc.a(divdf3.o)
                0x00000000080017d8                __aeabi_ddiv
 .text          0x0000000008001db4       0x84 C:/ST/STM32CubeIDE_1.14.1/STM32CubeIDE/plugins/com.st.stm32cube.ide.mcu.externaltools.gnu-tools-for-stm32.11.3.rel1.win32_1.1.100.202309141235/tools/bin/../lib/gcc/arm-none-eabi/11.3.1/thumb/v6-m/nofp\libgcc.a(eqdf2.o)
                0x0000000008001db4                __nedf2
                0x0000000008001db4                __eqdf2
 .text          0x0000000008001e38       0xcc C:/ST/STM32CubeIDE_1.14.1/STM32CubeIDE/plugins/com.st.stm32cube.ide.mcu.externaltools.gnu-tools-for-stm32.11.3.rel1.win32_1.1.100.202309141235/tools/bin/../lib/gcc/arm-none-eabi/11.3.1/thumb/v6-m/nofp\libgcc.a(gedf2.o)
                0x0000000008001e38                __gedf2
                0x0000000008001e38                __gtdf2
 .text          0x0000000008001f04       0xc8 C:/ST/STM32CubeIDE_1.14.1/STM32CubeIDE/plugins/com.st.stm32cube.ide.mcu.externaltools.gnu-tools-for-stm32.11.3.rel1.win32_1.1.100.202309141235/tools/bin/../lib/gcc/arm-none-eabi/11.3.1/thumb/v6-m/nofp\libgcc.a(ledf2.o)
                0x0000000008001f04                __ledf2
                0x0000000008001f04                __ltdf2
 .text          0x0000000008001fcc      0x584 C:/ST/STM32CubeIDE_1.14.1/STM32CubeIDE/plugins/com.st.stm32cube.ide.mcu.externaltools.gnu-tools-for-stm32.11.3.rel1.win32_1.1.100.202309141235/tools/bin/../lib/gcc/arm-none-eabi/11.3.1/thumb/v6-m/nofp\libgcc.a(muldf3.o)
                0x0000000008001fcc                __aeabi_dmul
 .text          0x0000000008002550      0x704 C:/ST/STM32CubeIDE_1.14.1/STM32CubeIDE/plugins/com.st.stm32cube.ide.mcu.externaltools.gnu-tools-for-stm32.11.3.rel1.win32_1.1.100.202309141235/tools/bin/../lib/gcc/arm-none-eabi/11.3.1/thumb/v6-m/nofp\libgcc.a(subdf3.o)
                0x0000000008002550                __aeabi_dsub
 .text          0x0000000008002c54       0x3c C:/ST/STM32CubeIDE_1.14.1/STM32CubeIDE/plugins/com.st.stm32cube.ide.mcu.externaltools.gnu-tools-for-stm32.11.3.rel1.win32_1.1.100.202309141235/tools/bin/../lib/gcc/arm-none-eabi/11.3.1/thumb/v6-m/nofp\libgcc.a(unorddf2.o)
                0x0000000008002c54                __aeabi_dcmpun
 .text          0x0000000008002c90       0x6c C:/ST/STM32CubeIDE_1.14.1/STM32CubeIDE/plugins/com.st.stm32cube.ide.mcu.externaltools.gnu-tools-for-stm32.11.3.rel1.win32_1.1.100.202309141235/tools/bin/../lib/gcc/arm-none-eabi/11.3.1/thumb/v6-m/nofp\libgcc.a(fixdfsi.o)
                0x0000000008002c90                __aeabi_d2iz
 .text          0x0000000008002cfc       0x60 C:/ST/STM32CubeIDE_1.14.1/STM32CubeIDE/plugins/com.st.stm32cube.ide.mcu.externaltools.gnu-tools-for-stm32.11.3.rel1.win32_1.1.100.202309141235/tools/bin/../lib/gcc/arm-none-eabi/11.3.1/thumb/v6-m/nofp\libgcc.a(floatsidf.o)
                0x0000000008002cfc                __aeabi_i2d
 .text          0x0000000008002d5c       0x4c C:/ST/STM32CubeIDE_1.14.1/STM32CubeIDE/plugins/com.st.stm32cube.ide.mcu.externaltools.gnu-tools-for-stm32.11.3.rel1.win32_1.1.100.202309141235/tools/bin/../lib/gcc/arm-none-eabi/11.3.1/thumb/v6-m/nofp\libgcc.a(floatunsidf.o)
                0x0000000008002d5c                __aeabi_ui2d
 .text          0x0000000008002da8       0x90 C:/ST/STM32CubeIDE_1.14.1/STM32CubeIDE/plugins/com.st.stm32cube.ide.mcu.externaltools.gnu-tools-for-stm32.11.3.rel1.win32_1.1.100.202309141235/tools/bin/../lib/gcc/arm-none-eabi/11.3.1/thumb/v6-m/nofp\libgcc.a(extendsfdf2.o)
                0x0000000008002da8                __aeabi_f2d
 .text          0x0000000008002e38      0x10c C:/ST/STM32CubeIDE_1.14.1/STM32CubeIDE/plugins/com.st.stm32cube.ide.mcu.externaltools.gnu-tools-for-stm32.11.3.rel1.win32_1.1.100.202309141235/tools/bin/../lib/gcc/arm-none-eabi/11.3.1/thumb/v6-m/nofp\libgcc.a(truncdfsf2.o)
                0x0000000008002e38                __aeabi_d2f
 .text          0x0000000008002f44       0x3c C:/ST/STM32CubeIDE_1.14.1/STM32CubeIDE/plugins/com.st.stm32cube.ide.mcu.externaltools.gnu-tools-for-stm32.11.3.rel1.win32_1.1.100.202309141235/tools/bin/../lib/gcc/arm-none-eabi/11.3.1/thumb/v6-m/nofp\libgcc.a(_clzsi2.o)
                0x0000000008002f44                __clzsi2
 .text          0x0000000008002f80       0x18 C:/ST/STM32CubeIDE_1.14.1/STM32CubeIDE/plugins/com.st.stm32cube.ide.mcu.externaltools.gnu-tools-for-stm32.11.3.rel1.win32_1.1.100.202309141235/tools/bin/../lib/gcc/arm-none-eabi/11.3.1/thumb/v6-m/nofp\libgcc.a(_clzdi2.o)
                0x0000000008002f80                __clzdi2
 .text          0x0000000008002f98      0x1cc C:/ST/STM32CubeIDE_1.14.1/STM32CubeIDE/plugins/com.st.stm32cube.ide.mcu.externaltools.gnu-tools-for-stm32.11.3.rel1.win32_1.1.100.202309141235/tools/bin/../lib/gcc/arm-none-eabi/11.3.1/thumb/v6-m/nofp\libgcc.a(_divdi3.o)
                0x0000000008002f98                __divdi3
 *(.text*)
 .text.__NVIC_SystemReset
                0x0000000008003164       0x24 BOS\BOS.o
 .text.Processor_type
                0x0000000008003188       0x8a BOS\BOS.o
                0x0000000008003188                Processor_type
 *fill*         0x0000000008003212        0x2 
 .text.Get_Module_Name
                0x0000000008003214       0x28 BOS\BOS.o
                0x0000000008003214                Get_Module_Name
 .text.Send_BOS_Message
                0x000000000800323c       0xfc BOS\BOS.o
                0x000000000800323c                Send_BOS_Message
 .text.SaveEEportsDir
                0x0000000008003338       0x78 BOS\BOS.o
                0x0000000008003338                SaveEEportsDir
 .text.SaveEEalias
                0x00000000080033b0       0xd4 BOS\BOS.o
                0x00000000080033b0                SaveEEalias
 .text.SaveEEstreams
                0x0000000008003484       0xdc BOS\BOS.o
                0x0000000008003484                SaveEEstreams
 .text.SaveEEparams
                0x0000000008003560       0xf8 BOS\BOS.o
                0x0000000008003560                SaveEEparams
 .text.ClearEEportsDir
                0x0000000008003658       0x84 BOS\BOS.o
                0x0000000008003658                ClearEEportsDir
 .text.EE_FormatForFactoryReset
                0x00000000080036dc       0x2c BOS\BOS.o
                0x00000000080036dc                EE_FormatForFactoryReset
 .text.IsLowerCLIbaud
                0x0000000008003708       0xe8 BOS\BOS.o
                0x0000000008003708                IsLowerCLIbaud
 .text.IsModuleParameter
                0x00000000080037f0       0x64 BOS\BOS.o
                0x00000000080037f0                IsModuleParameter
 .text.IsMathOperator
                0x0000000008003854       0xc4 BOS\BOS.o
                0x0000000008003854                IsMathOperator
 .text.BOS_Init
                0x0000000008003918      0x12c BOS\BOS.o
                0x0000000008003918                BOS_Init
 .text.Module_Init
                0x0000000008003a44       0x1e BOS\BOS.o
                0x0000000008003a44                Module_Init
 *fill*         0x0000000008003a62        0x2 
 .text.ExploreNeighbors
                0x0000000008003a64       0x90 BOS\BOS.o
                0x0000000008003a64                ExploreNeighbors
 .text.FindBroadcastRoutes
                0x0000000008003af4      0x3b0 BOS\BOS.o
                0x0000000008003af4                FindBroadcastRoutes
 .text.FindRoute
                0x0000000008003ea4      0x2dc BOS\BOS.o
                0x0000000008003ea4                FindRoute
 .text.minArr   0x0000000008004180       0x88 BOS\BOS.o
                0x0000000008004180                minArr
 .text.QnotEmpty
                0x0000000008004208       0x50 BOS\BOS.o
                0x0000000008004208                QnotEmpty
 .text.DisplayTopology
                0x0000000008004258      0x258 BOS\BOS.o
                0x0000000008004258                DisplayTopology
 .text.DisplayPortsDir
                0x00000000080044b0      0x118 BOS\BOS.o
                0x00000000080044b0                DisplayPortsDir
 .text.DisplayModuleStatus
                0x00000000080045c8      0x3c0 BOS\BOS.o
                0x00000000080045c8                DisplayModuleStatus
 .text.GetID    0x0000000008004988      0x15c BOS\BOS.o
                0x0000000008004988                GetID
 .text.NameModule
                0x0000000008004ae4      0x140 BOS\BOS.o
                0x0000000008004ae4                NameModule
 .text.AddModuleToGroup
                0x0000000008004c24      0x1b8 BOS\BOS.o
                0x0000000008004c24                AddModuleToGroup
 .text.WriteToRemote
                0x0000000008004ddc      0x460 BOS\BOS.o
                0x0000000008004ddc                WriteToRemote
 .text.GetDateString
                0x000000000800523c       0x5c BOS\BOS.o
                0x000000000800523c                GetDateString
 .text.Bridge   0x0000000008005298       0x4c BOS\BOS.o
                0x0000000008005298                Bridge
 .text.Unbridge
                0x00000000080052e4       0xcc BOS\BOS.o
                0x00000000080052e4                Unbridge
 .text.prvCLITask
                0x00000000080053b0      0x278 BOS\BOS_CLI.o
                0x00000000080053b0                prvCLITask
 .text.CLI_CommandParser
                0x0000000008005628      0x574 BOS\BOS_CLI.o
                0x0000000008005628                CLI_CommandParser
 .text.StringToLowerCase
                0x0000000008005b9c       0x6c BOS\BOS_CLI.o
                0x0000000008005b9c                StringToLowerCase
 .text.AddSnippet
                0x0000000008005c08      0x1b4 BOS\BOS_CLI.o
                0x0000000008005c08                AddSnippet
 .text.ParseSnippetCondition
                0x0000000008005dbc      0x7f8 BOS\BOS_CLI.o
                0x0000000008005dbc                ParseSnippetCondition
 .text.ParseSnippetCommand
                0x00000000080065b4       0xc8 BOS\BOS_CLI.o
                0x00000000080065b4                ParseSnippetCommand
 .text.CheckSnippetCondition
                0x000000000800667c      0x1b4 BOS\BOS_CLI.o
                0x000000000800667c                CheckSnippetCondition
 .text.ExecuteSnippet
                0x0000000008006830       0xd0 BOS\BOS_CLI.o
                0x0000000008006830                ExecuteSnippet
 .text.__NVIC_SystemReset
                0x0000000008006900       0x24 BOS\BOS_CLIcommands.o
 .text.RegisterUserCLICommands
                0x0000000008006924        0xa BOS\BOS_CLIcommands.o
                0x0000000008006924                RegisterUserCLICommands
 *fill*         0x000000000800692e        0x2 
 .text.vRegisterCLICommands
                0x0000000008006930      0x1b0 BOS\BOS_CLIcommands.o
                0x0000000008006930                vRegisterCLICommands
 .text.prvTaskStatsCommand
                0x0000000008006ae0       0x40 BOS\BOS_CLIcommands.o
 .text.prvRunTimeStatsCommand
                0x0000000008006b20       0x40 BOS\BOS_CLIcommands.o
 .text.pingCommand
                0x0000000008006b60       0x98 BOS\BOS_CLIcommands.o
 .text.bootloaderUpdateCommand
                0x0000000008006bf8      0x1fc BOS\BOS_CLIcommands.o
 .text.exploreCommand
                0x0000000008006df4       0x16 BOS\BOS_CLIcommands.o
 .text.resetCommand
                0x0000000008006e0a       0x10 BOS\BOS_CLIcommands.o
 *fill*         0x0000000008006e1a        0x2 
 .text.nameCommand
                0x0000000008006e1c       0xe8 BOS\BOS_CLIcommands.o
 .text.groupCommand
                0x0000000008006f04      0x2fc BOS\BOS_CLIcommands.o
 .text.statusCommand
                0x0000000008007200       0x1c BOS\BOS_CLIcommands.o
 .text.infoCommand
                0x000000000800721c       0xfc BOS\BOS_CLIcommands.o
 .text.scastCommand
                0x0000000008007318      0x2dc BOS\BOS_CLIcommands.o
 .text.addbuttonCommand
                0x00000000080075f4      0x150 BOS\BOS_CLIcommands.o
 .text.removebuttonCommand
                0x0000000008007744       0x94 BOS\BOS_CLIcommands.o
 .text.setCommand
                0x00000000080077d8      0xbf8 BOS\BOS_CLIcommands.o
 .text.getCommand
                0x00000000080083d0      0x3b4 BOS\BOS_CLIcommands.o
 .text.defaultCommand
                0x0000000008008784       0xf8 BOS\BOS_CLIcommands.o
 .text.timeCommand
                0x000000000800887c       0xd8 BOS\BOS_CLIcommands.o
 .text.dateCommand
                0x0000000008008954       0x34 BOS\BOS_CLIcommands.o
 .text.setBaudrateCommand
                0x0000000008008988       0xc0 BOS\BOS_CLIcommands.o
 .text.uuidCommand
                0x0000000008008a48       0x70 BOS\BOS_CLIcommands.o
 .text.idcodeCommand
                0x0000000008008ab8       0xe0 BOS\BOS_CLIcommands.o
 .text.flashsizeCommand
                0x0000000008008b98       0x34 BOS\BOS_CLIcommands.o
 .text.snipCommand
                0x0000000008008bcc      0x3ac BOS\BOS_CLIcommands.o
 .text.actSnipCommand
                0x0000000008008f78       0xb8 BOS\BOS_CLIcommands.o
 .text.pauseSnipCommand
                0x0000000008009030       0xb8 BOS\BOS_CLIcommands.o
 .text.delSnipCommand
                0x00000000080090e8      0x1d4 BOS\BOS_CLIcommands.o
 .text.bridgeCommand
                0x00000000080092bc      0x11c BOS\BOS_CLIcommands.o
 .text.unbridgeCommand
                0x00000000080093d8      0x11c BOS\BOS_CLIcommands.o
 .text.testportCommand
                0x00000000080094f4      0x2e8 BOS\BOS_CLIcommands.o
 .text.ADCReadCommand
                0x00000000080097dc      0x134 BOS\BOS_CLIcommands.o
 .text.ReadTempCommand
                0x0000000008009910       0x54 BOS\BOS_CLIcommands.o
 .text.ReadVrefCommand
                0x0000000008009964       0x54 BOS\BOS_CLIcommands.o
 .text.GetReadPrecentageCommand
                0x00000000080099b8       0x98 BOS\BOS_CLIcommands.o
 .text.StartDMAstream
                0x0000000008009a50       0xb0 BOS\BOS_dma.o
                0x0000000008009a50                StartDMAstream
 .text.ResetUartORE
                0x0000000008009b00       0x54 BOS\BOS_dma.o
                0x0000000008009b00                ResetUartORE
 .text.MX_FREERTOS_Init
                0x0000000008009b54      0x260 BOS\BOS_freertos.o
                0x0000000008009b54                MX_FREERTOS_Init
 .text.StartDefaultTask
                0x0000000008009db4       0xc8 BOS\BOS_freertos.o
                0x0000000008009db4                StartDefaultTask
 .text.ExecuteMonitor
                0x0000000008009e7c      0x4c8 BOS\BOS_freertos.o
                0x0000000008009e7c                ExecuteMonitor
 .text.vMainConfigureTimerForRunTimeStats
                0x000000000800a344       0x2c BOS\BOS_freertos.o
                0x000000000800a344                vMainConfigureTimerForRunTimeStats
 .text.ulMainGetRunTimeCounterValue
                0x000000000800a370       0x90 BOS\BOS_freertos.o
                0x000000000800a370                ulMainGetRunTimeCounterValue
 .text.SetupDMAStreams
                0x000000000800a400      0x27c BOS\BOS_messaging.o
                0x000000000800a400                SetupDMAStreams
 .text.StreamTimerCallback
                0x000000000800a67c       0x34 BOS\BOS_messaging.o
                0x000000000800a67c                StreamTimerCallback
 .text.ForwardReceivedMessage
                0x000000000800a6b0       0x80 BOS\BOS_messaging.o
                0x000000000800a6b0                ForwardReceivedMessage
 .text.BroadcastReceivedMessage
                0x000000000800a730       0x70 BOS\BOS_messaging.o
                0x000000000800a730                BroadcastReceivedMessage
 .text.NotifyMessagingTask
                0x000000000800a7a0       0xa4 BOS\BOS_messaging.o
                0x000000000800a7a0                NotifyMessagingTask
 .text.BroadcastMessage
                0x000000000800a844       0x94 BOS\BOS_messaging.o
                0x000000000800a844                BroadcastMessage
 .text.SendMessageToModule
                0x000000000800a8d8       0xa4 BOS\BOS_messaging.o
                0x000000000800a8d8                SendMessageToModule
 .text.SendMessageFromPort
                0x000000000800a97c      0x6b4 BOS\BOS_messaging.o
                0x000000000800a97c                SendMessageFromPort
 .text.StartScastDMAStream
                0x000000000800b030      0x30c BOS\BOS_messaging.o
                0x000000000800b030                StartScastDMAStream
 .text.__NVIC_SystemReset
                0x000000000800b33c       0x24 BOS\BOS_msgparser.o
 .text.BackEndTask
                0x000000000800b360      0x858 BOS\BOS_msgparser.o
                0x000000000800b360                BackEndTask
 .text.PxMessagingTask
                0x000000000800bbb8     0x4a88 BOS\BOS_msgparser.o
                0x000000000800bbb8                PxMessagingTask
 .text.User_MessagingParser
                0x0000000008010640       0x3a BOS\BOS_msgparser.o
                0x0000000008010640                User_MessagingParser
 *fill*         0x000000000801067a        0x2 
 .text.SystemClock_Config
                0x000000000801067c       0xfc H08R7\H08R7.o
                0x000000000801067c                SystemClock_Config
 .text.remoteBootloaderUpdate
                0x0000000008010778      0x178 H08R7\H08R7.o
                0x0000000008010778                remoteBootloaderUpdate
 .text.SetupPortForRemoteBootloaderUpdate
                0x00000000080108f0       0x52 H08R7\H08R7.o
                0x00000000080108f0                SetupPortForRemoteBootloaderUpdate
 *fill*         0x0000000008010942        0x2 
 .text.Module_Peripheral_Init
                0x0000000008010944      0x160 H08R7\H08R7.o
                0x0000000008010944                Module_Peripheral_Init
 .text.SaveToRO
                0x0000000008010aa4      0x414 H08R7\H08R7.o
                0x0000000008010aa4                SaveToRO
 .text.ClearROtopology
                0x0000000008010eb8       0x38 H08R7\H08R7.o
                0x0000000008010eb8                ClearROtopology
 .text.Module_MessagingTask
                0x0000000008010ef0      0x24c H08R7\H08R7.o
                0x0000000008010ef0                Module_MessagingTask
 .text.RegisterModuleCLICommands
                0x000000000801113c        0xa H08R7\H08R7.o
                0x000000000801113c                RegisterModuleCLICommands
 *fill*         0x0000000008011146        0x2 
 .text.GetPort  0x0000000008011148       0x80 H08R7\H08R7.o
                0x0000000008011148                GetPort
 .text.ToFTask  0x00000000080111c8       0xbc H08R7\H08R7.o
                0x00000000080111c8                ToFTask
 .text.Vl53l1xInit
                0x0000000008011284       0x34 H08R7\H08R7.o
                0x0000000008011284                Vl53l1xInit
 .text.Sample_ToF
                0x00000000080112b8       0x28 H08R7\H08R7.o
                0x00000000080112b8                Sample_ToF
 .text.LL_DMAMUX_SetRequestID
                0x00000000080112e0       0x3c H08R7\H08R7_dma.o
 .text.DMA_Init
                0x000000000801131c       0xbc H08R7\H08R7_dma.o
                0x000000000801131c                DMA_Init
 .text.DMA_MSG_RX_CH_Init
                0x00000000080113d8       0x4c H08R7\H08R7_dma.o
                0x00000000080113d8                DMA_MSG_RX_CH_Init
 .text.DMA_STREAM_CH_Init
                0x0000000008011424       0x4c H08R7\H08R7_dma.o
                0x0000000008011424                DMA_STREAM_CH_Init
 .text.SetupMessagingRxDMAs
                0x0000000008011470       0xb8 H08R7\H08R7_dma.o
                0x0000000008011470                SetupMessagingRxDMAs
 .text.DMA_MSG_RX_Setup
                0x0000000008011528       0x38 H08R7\H08R7_dma.o
                0x0000000008011528                DMA_MSG_RX_Setup
 .text.DMA_MSG_TX_UnSetup
                0x0000000008011560       0x28 H08R7\H08R7_dma.o
                0x0000000008011560                DMA_MSG_TX_UnSetup
 .text.DMA_STREAM_Setup
                0x0000000008011588       0x68 H08R7\H08R7_dma.o
                0x0000000008011588                DMA_STREAM_Setup
 .text.StopStreamDMA
                0x00000000080115f0       0x70 H08R7\H08R7_dma.o
                0x00000000080115f0                StopStreamDMA
 .text.StopMsgDMA
                0x0000000008011660       0x4c H08R7\H08R7_dma.o
                0x0000000008011660                StopMsgDMA
 .text.SwitchMsgDMAToStream
                0x00000000080116ac       0x50 H08R7\H08R7_dma.o
                0x00000000080116ac                SwitchMsgDMAToStream
 .text.SwitchStreamDMAToMsg
                0x00000000080116fc       0xd8 H08R7\H08R7_dma.o
                0x00000000080116fc                SwitchStreamDMAToMsg
 .text.UnSetupDMAInterrupts
                0x00000000080117d4       0xe4 H08R7\H08R7_dma.o
                0x00000000080117d4                UnSetupDMAInterrupts
 .text.RemapAndLinkDMAtoUARTRx
                0x00000000080118b8      0x134 H08R7\H08R7_dma.o
                0x00000000080118b8                RemapAndLinkDMAtoUARTRx
 .text.CRC_Init
                0x00000000080119ec       0x44 H08R7\H08R7_dma.o
                0x00000000080119ec                CRC_Init
 .text.HAL_CRC_MspInit
                0x0000000008011a30       0x30 H08R7\H08R7_dma.o
                0x0000000008011a30                HAL_CRC_MspInit
 .text.CalculateCRC8
                0x0000000008011a60      0x154 H08R7\H08R7_dma.o
                0x0000000008011a60                CalculateCRC8
 .text.EE_Init  0x0000000008011bb4      0x684 H08R7\H08R7_eeprom.o
                0x0000000008011bb4                EE_Init
 .text.EE_ReadVariable
                0x0000000008012238       0xc0 H08R7\H08R7_eeprom.o
                0x0000000008012238                EE_ReadVariable
 .text.EE_WriteVariable
                0x00000000080122f8       0x64 H08R7\H08R7_eeprom.o
                0x00000000080122f8                EE_WriteVariable
 .text.EE_Format
                0x000000000801235c      0x14c H08R7\H08R7_eeprom.o
                0x000000000801235c                EE_Format
 .text.EE_FindValidPage
                0x00000000080124a8       0x90 H08R7\H08R7_eeprom.o
 .text.EE_VerifyPageFullWriteVariable
                0x0000000008012538      0x160 H08R7\H08R7_eeprom.o
 .text.EE_PageTransfer
                0x0000000008012698      0x20c H08R7\H08R7_eeprom.o
 .text.EraseSector
                0x00000000080128a4       0x60 H08R7\H08R7_eeprom.o
                0x00000000080128a4                EraseSector
 .text.GPIO_Init
                0x0000000008012904       0xdc H08R7\H08R7_gpio.o
                0x0000000008012904                GPIO_Init
 .text.IND_LED_Init
                0x00000000080129e0       0x38 H08R7\H08R7_gpio.o
                0x00000000080129e0                IND_LED_Init
 .text.IsFactoryReset
                0x0000000008012a18      0x15c H08R7\H08R7_gpio.o
                0x0000000008012a18                IsFactoryReset
 .text.GetPortGPIOs
                0x0000000008012b74      0x144 H08R7\H08R7_gpio.o
                0x0000000008012b74                GetPortGPIOs
 .text.MX_I2C_Init
                0x0000000008012cb8       0x90 H08R7\H08R7_i2c.o
                0x0000000008012cb8                MX_I2C_Init
 .text.MX_I2C2_Init
                0x0000000008012d48       0x68 H08R7\H08R7_i2c.o
                0x0000000008012d48                MX_I2C2_Init
 .text.HAL_I2C_MspInit
                0x0000000008012db0       0xbc H08R7\H08R7_i2c.o
                0x0000000008012db0                HAL_I2C_MspInit
 .text.buttonPressedCallback
                0x0000000008012e6c       0x14 H08R7\H08R7_inputs.o
                0x0000000008012e6c                buttonPressedCallback
 .text.CheckAttachedButtons
                0x0000000008012e80      0x7a8 H08R7\H08R7_inputs.o
                0x0000000008012e80                CheckAttachedButtons
 .text.CheckForTimedButtonPress
                0x0000000008013628       0xfc H08R7\H08R7_inputs.o
                0x0000000008013628                CheckForTimedButtonPress
 .text.CheckForTimedButtonRelease
                0x0000000008013724       0xfc H08R7\H08R7_inputs.o
                0x0000000008013724                CheckForTimedButtonRelease
 .text.AddPortButton
                0x0000000008013820      0x268 H08R7\H08R7_inputs.o
                0x0000000008013820                AddPortButton
 .text.RemovePortButton
                0x0000000008013a88      0x208 H08R7\H08R7_inputs.o
                0x0000000008013a88                RemovePortButton
 .text.SetButtonEvents
                0x0000000008013c90      0x77c H08R7\H08R7_inputs.o
                0x0000000008013c90                SetButtonEvents
 .text.MX_ADC_Init
                0x000000000801440c       0x88 H08R7\H08R7_inputs.o
                0x000000000801440c                MX_ADC_Init
 .text.HAL_ADC_MspInit
                0x0000000008014494       0xa8 H08R7\H08R7_inputs.o
                0x0000000008014494                HAL_ADC_MspInit
 .text.ADCSelectChannel
                0x000000000801453c       0xac H08R7\H08R7_inputs.o
                0x000000000801453c                ADCSelectChannel
 .text.ReadADCChannel
                0x00000000080145e8      0x10c H08R7\H08R7_inputs.o
                0x00000000080145e8                ReadADCChannel
 .text.ReadTempAndVref
                0x00000000080146f4      0x1f0 H08R7\H08R7_inputs.o
                0x00000000080146f4                ReadTempAndVref
 .text.GetReadPrecentage
                0x00000000080148e4      0x21c H08R7\H08R7_inputs.o
                0x00000000080148e4                GetReadPrecentage
 .text.Get_channel
                0x0000000008014b00       0xac H08R7\H08R7_inputs.o
                0x0000000008014b00                Get_channel
 .text.Error_Handler
                0x0000000008014bac       0x10 H08R7\H08R7_inputs.o
                0x0000000008014bac                Error_Handler
 .text.Get_Rank
                0x0000000008014bbc       0xa4 H08R7\H08R7_inputs.o
                0x0000000008014bbc                Get_Rank
 .text.buttonReleasedCallback
                0x0000000008014c60       0x14 H08R7\H08R7_inputs.o
                0x0000000008014c60                buttonReleasedCallback
 .text.buttonClickedCallback
                0x0000000008014c74       0x14 H08R7\H08R7_inputs.o
                0x0000000008014c74                buttonClickedCallback
 .text.buttonDblClickedCallback
                0x0000000008014c88       0x14 H08R7\H08R7_inputs.o
                0x0000000008014c88                buttonDblClickedCallback
 .text.buttonPressedForXCallback
                0x0000000008014c9c       0x1a H08R7\H08R7_inputs.o
                0x0000000008014c9c                buttonPressedForXCallback
 .text.buttonReleasedForYCallback
                0x0000000008014cb6       0x1a H08R7\H08R7_inputs.o
                0x0000000008014cb6                buttonReleasedForYCallback
 .text.__NVIC_SystemReset
                0x0000000008014cd0       0x24 H08R7\H08R7_it.o
 .text.SysTick_Handler
                0x0000000008014cf4       0x12 H08R7\H08R7_it.o
                0x0000000008014cf4                SysTick_Handler
 *fill*         0x0000000008014d06        0x2 
 .text.HardFault_Handler
                0x0000000008014d08       0x40 H08R7\H08R7_it.o
                0x0000000008014d08                HardFault_Handler
 .text.USART1_IRQHandler
                0x0000000008014d48       0x30 H08R7\H08R7_it.o
                0x0000000008014d48                USART1_IRQHandler
 .text.USART2_LPUART2_IRQHandler
                0x0000000008014d78       0x30 H08R7\H08R7_it.o
                0x0000000008014d78                USART2_LPUART2_IRQHandler
 .text.USART3_4_5_6_LPUART1_IRQHandler
                0x0000000008014da8       0x54 H08R7\H08R7_it.o
                0x0000000008014da8                USART3_4_5_6_LPUART1_IRQHandler
 .text.HAL_UART_TxCpltCallback
                0x0000000008014dfc       0x48 H08R7\H08R7_it.o
                0x0000000008014dfc                HAL_UART_TxCpltCallback
 .text.HAL_UART_ErrorCallback
                0x0000000008014e44       0xd4 H08R7\H08R7_it.o
                0x0000000008014e44                HAL_UART_ErrorCallback
 .text.HAL_UART_RxCpltCallback
                0x0000000008014f18       0x10 H08R7\H08R7_it.o
                0x0000000008014f18                HAL_UART_RxCpltCallback
 .text.vApplicationStackOverflowHook
                0x0000000008014f28       0x44 H08R7\H08R7_it.o
                0x0000000008014f28                vApplicationStackOverflowHook
 .text.vApplicationMallocFailedHook
                0x0000000008014f6c       0x40 H08R7\H08R7_it.o
                0x0000000008014f6c                vApplicationMallocFailedHook
 .text.EXTI0_1_IRQHandler
                0x0000000008014fac       0x10 H08R7\H08R7_it.o
                0x0000000008014fac                EXTI0_1_IRQHandler
 .text.RTC_Init
                0x0000000008014fbc       0xc4 H08R7\H08R7_rtc.o
                0x0000000008014fbc                RTC_Init
 .text.RTC_CalendarConfig
                0x0000000008015080      0x18c H08R7\H08R7_rtc.o
                0x0000000008015080                RTC_CalendarConfig
 .text.BOS_CalendarConfig
                0x000000000801520c      0x128 H08R7\H08R7_rtc.o
                0x000000000801520c                BOS_CalendarConfig
 .text.GetTimeDate
                0x0000000008015334       0x90 H08R7\H08R7_rtc.o
                0x0000000008015334                GetTimeDate
 .text.TIM_USEC_Init
                0x00000000080153c4       0x74 H08R7\H08R7_timers.o
                0x00000000080153c4                TIM_USEC_Init
 .text.TIM_MSEC_Init
                0x0000000008015438       0x78 H08R7\H08R7_timers.o
                0x0000000008015438                TIM_MSEC_Init
 .text.StartMicroDelay
                0x00000000080154b0       0x48 H08R7\H08R7_timers.o
                0x00000000080154b0                StartMicroDelay
 .text.StartMilliDelay
                0x00000000080154f8       0x48 H08R7\H08R7_timers.o
                0x00000000080154f8                StartMilliDelay
 .text.MX_USART1_UART_Init
                0x0000000008015540       0x7c H08R7\H08R7_uart.o
                0x0000000008015540                MX_USART1_UART_Init
 .text.MX_USART2_UART_Init
                0x00000000080155bc       0x7c H08R7\H08R7_uart.o
                0x00000000080155bc                MX_USART2_UART_Init
 .text.MX_USART3_UART_Init
                0x0000000008015638       0x7c H08R7\H08R7_uart.o
                0x0000000008015638                MX_USART3_UART_Init
 .text.MX_USART4_UART_Init
                0x00000000080156b4       0x60 H08R7\H08R7_uart.o
                0x00000000080156b4                MX_USART4_UART_Init
 .text.MX_USART5_UART_Init
                0x0000000008015714       0x60 H08R7\H08R7_uart.o
                0x0000000008015714                MX_USART5_UART_Init
 .text.MX_USART6_UART_Init
                0x0000000008015774       0x60 H08R7\H08R7_uart.o
                0x0000000008015774                MX_USART6_UART_Init
 .text.HAL_UART_MspInit
                0x00000000080157d4      0x588 H08R7\H08R7_uart.o
                0x00000000080157d4                HAL_UART_MspInit
 .text.writePxMutex
                0x0000000008015d5c       0xac H08R7\H08R7_uart.o
                0x0000000008015d5c                writePxMutex
 .text.writePxITMutex
                0x0000000008015e08       0x78 H08R7\H08R7_uart.o
                0x0000000008015e08                writePxITMutex
 .text.UpdateBaudrate
                0x0000000008015e80       0x3e H08R7\H08R7_uart.o
                0x0000000008015e80                UpdateBaudrate
 *fill*         0x0000000008015ebe        0x2 
 .text.GetUart  0x0000000008015ec0       0x5c H08R7\H08R7_uart.o
                0x0000000008015ec0                GetUart
 .text.SwapUartPins
                0x0000000008015f1c       0xd0 H08R7\H08R7_uart.o
                0x0000000008015f1c                SwapUartPins
 .text.ReadPortsDir
                0x0000000008015fec       0xa8 H08R7\H08R7_uart.o
                0x0000000008015fec                ReadPortsDir
 .text.ReadPortsDirMSG
                0x0000000008016094       0x80 H08R7\H08R7_uart.o
                0x0000000008016094                ReadPortsDirMSG
 .text.UpdateMyPortsDir
                0x0000000008016114       0x84 H08R7\H08R7_uart.o
                0x0000000008016114                UpdateMyPortsDir
 .text.Reset_Handler
                0x0000000008016198       0x90 H08R7\startup_stm32g0b1ceuxn.o
                0x0000000008016198                Reset_Handler
 .text.Default_Handler
                0x0000000008016228        0x2 H08R7\startup_stm32g0b1ceuxn.o
                0x0000000008016228                I2C2_3_IRQHandler
                0x0000000008016228                TIM1_CC_IRQHandler
                0x0000000008016228                ADC1_COMP_IRQHandler
                0x0000000008016228                NMI_Handler
                0x0000000008016228                I2C1_IRQHandler
                0x0000000008016228                TIM7_LPTIM2_IRQHandler
                0x0000000008016228                TIM17_FDCAN_IT1_IRQHandler
                0x0000000008016228                DMA1_Ch4_7_DMA2_Ch1_5_DMAMUX1_OVR_IRQHandler
                0x0000000008016228                RCC_CRS_IRQHandler
                0x0000000008016228                RTC_TAMP_IRQHandler
                0x0000000008016228                SPI1_IRQHandler
                0x0000000008016228                USB_UCPD1_2_IRQHandler
                0x0000000008016228                EXTI2_3_IRQHandler
                0x0000000008016228                PVD_VDDIO2_IRQHandler
                0x0000000008016228                EXTI4_15_IRQHandler
                0x0000000008016228                DMA1_Channel1_IRQHandler
                0x0000000008016228                Default_Handler
                0x0000000008016228                CEC_IRQHandler
                0x0000000008016228                TIM14_IRQHandler
                0x0000000008016228                TIM15_IRQHandler
                0x0000000008016228                TIM3_TIM4_IRQHandler
                0x0000000008016228                SPI2_3_IRQHandler
                0x0000000008016228                TIM6_DAC_LPTIM1_IRQHandler
                0x0000000008016228                WWDG_IRQHandler
                0x0000000008016228                TIM2_IRQHandler
                0x0000000008016228                DMA1_Channel2_3_IRQHandler
                0x0000000008016228                FLASH_IRQHandler
                0x0000000008016228                TIM16_FDCAN_IT0_IRQHandler
                0x0000000008016228                TIM1_BRK_UP_TRG_COM_IRQHandler
 .text.SystemInit
                0x000000000801622a        0xa Thirdparty\CMSIS\STM32G0xx\Device\ST\STM32G0xx\Source\Templates\system_stm32g0xx.o
                0x000000000801622a                SystemInit
 .text.inHandlerMode
                0x0000000008016234       0x1c Thirdparty\Middleware\STM32G0xx\FreeRTOS\Source\CMSIS_RTOS\cmsis_os.o
 .text.osKernelStart
                0x0000000008016250       0x10 Thirdparty\Middleware\STM32G0xx\FreeRTOS\Source\CMSIS_RTOS\cmsis_os.o
                0x0000000008016250                osKernelStart
 .text.osDelay  0x0000000008016260       0x28 Thirdparty\Middleware\STM32G0xx\FreeRTOS\Source\CMSIS_RTOS\cmsis_os.o
                0x0000000008016260                osDelay
 .text.osSemaphoreCreate
                0x0000000008016288       0x4a Thirdparty\Middleware\STM32G0xx\FreeRTOS\Source\CMSIS_RTOS\cmsis_os.o
                0x0000000008016288                osSemaphoreCreate
 *fill*         0x00000000080162d2        0x2 
 .text.osSemaphoreWait
                0x00000000080162d4       0x94 Thirdparty\Middleware\STM32G0xx\FreeRTOS\Source\CMSIS_RTOS\cmsis_os.o
                0x00000000080162d4                osSemaphoreWait
 .text.osSemaphoreRelease
                0x0000000008016368       0x64 Thirdparty\Middleware\STM32G0xx\FreeRTOS\Source\CMSIS_RTOS\cmsis_os.o
                0x0000000008016368                osSemaphoreRelease
 .text.osSystickHandler
                0x00000000080163cc       0x18 Thirdparty\Middleware\STM32G0xx\FreeRTOS\Source\CMSIS_RTOS\cmsis_os.o
                0x00000000080163cc                osSystickHandler
 .text.FreeRTOS_CLIRegisterCommand
                0x00000000080163e4       0x50 Thirdparty\Middleware\STM32G0xx\FreeRTOS\Source\FreeRTOS_CLI.o
                0x00000000080163e4                FreeRTOS_CLIRegisterCommand
 .text.FreeRTOS_CLIProcessCommand
                0x0000000008016434      0x11c Thirdparty\Middleware\STM32G0xx\FreeRTOS\Source\FreeRTOS_CLI.o
                0x0000000008016434                FreeRTOS_CLIProcessCommand
 .text.FreeRTOS_CLIGetOutputBuffer
                0x0000000008016550       0x10 Thirdparty\Middleware\STM32G0xx\FreeRTOS\Source\FreeRTOS_CLI.o
                0x0000000008016550                FreeRTOS_CLIGetOutputBuffer
 .text.FreeRTOS_CLIGetParameter
                0x0000000008016560       0xbc Thirdparty\Middleware\STM32G0xx\FreeRTOS\Source\FreeRTOS_CLI.o
                0x0000000008016560                FreeRTOS_CLIGetParameter
 .text.prvHelpCommand
                0x000000000801661c      0x154 Thirdparty\Middleware\STM32G0xx\FreeRTOS\Source\FreeRTOS_CLI.o
 .text.prvGetNumberOfParameters
                0x0000000008016770       0x7a Thirdparty\Middleware\STM32G0xx\FreeRTOS\Source\FreeRTOS_CLI.o
 .text.xEventGroupCreate
                0x00000000080167ea       0x30 Thirdparty\Middleware\STM32G0xx\FreeRTOS\Source\event_groups.o
                0x00000000080167ea                xEventGroupCreate
 .text.vListInitialise
                0x000000000801681a       0x3c Thirdparty\Middleware\STM32G0xx\FreeRTOS\Source\list.o
                0x000000000801681a                vListInitialise
 .text.vListInitialiseItem
                0x0000000008016856       0x16 Thirdparty\Middleware\STM32G0xx\FreeRTOS\Source\list.o
                0x0000000008016856                vListInitialiseItem
 .text.vListInsertEnd
                0x000000000801686c       0x44 Thirdparty\Middleware\STM32G0xx\FreeRTOS\Source\list.o
                0x000000000801686c                vListInsertEnd
 .text.vListInsert
                0x00000000080168b0       0x6c Thirdparty\Middleware\STM32G0xx\FreeRTOS\Source\list.o
                0x00000000080168b0                vListInsert
 .text.uxListRemove
                0x000000000801691c       0x50 Thirdparty\Middleware\STM32G0xx\FreeRTOS\Source\list.o
                0x000000000801691c                uxListRemove
 .text.pxPortInitialiseStack
                0x000000000801696c       0x54 Thirdparty\Middleware\STM32G0xx\FreeRTOS\Source\portable\GCC\ARM_CM0\port.o
                0x000000000801696c                pxPortInitialiseStack
 .text.prvTaskExitError
                0x00000000080169c0       0x1e Thirdparty\Middleware\STM32G0xx\FreeRTOS\Source\portable\GCC\ARM_CM0\port.o
 .text.SVC_Handler
                0x00000000080169de        0xa Thirdparty\Middleware\STM32G0xx\FreeRTOS\Source\portable\GCC\ARM_CM0\port.o
                0x00000000080169de                SVC_Handler
 *fill*         0x00000000080169e8        0x8 
 .text.vPortStartFirstTask
                0x00000000080169f0       0x38 Thirdparty\Middleware\STM32G0xx\FreeRTOS\Source\portable\GCC\ARM_CM0\port.o
 .text.xPortStartScheduler
                0x0000000008016a28       0x48 Thirdparty\Middleware\STM32G0xx\FreeRTOS\Source\portable\GCC\ARM_CM0\port.o
                0x0000000008016a28                xPortStartScheduler
 .text.vPortYield
                0x0000000008016a70       0x20 Thirdparty\Middleware\STM32G0xx\FreeRTOS\Source\portable\GCC\ARM_CM0\port.o
                0x0000000008016a70                vPortYield
 .text.vPortEnterCritical
                0x0000000008016a90       0x24 Thirdparty\Middleware\STM32G0xx\FreeRTOS\Source\portable\GCC\ARM_CM0\port.o
                0x0000000008016a90                vPortEnterCritical
 .text.vPortExitCritical
                0x0000000008016ab4       0x24 Thirdparty\Middleware\STM32G0xx\FreeRTOS\Source\portable\GCC\ARM_CM0\port.o
                0x0000000008016ab4                vPortExitCritical
 .text.ulSetInterruptMaskFromISR
                0x0000000008016ad8        0xc Thirdparty\Middleware\STM32G0xx\FreeRTOS\Source\portable\GCC\ARM_CM0\port.o
                0x0000000008016ad8                ulSetInterruptMaskFromISR
 .text.vClearInterruptMaskFromISR
                0x0000000008016ae4        0x8 Thirdparty\Middleware\STM32G0xx\FreeRTOS\Source\portable\GCC\ARM_CM0\port.o
                0x0000000008016ae4                vClearInterruptMaskFromISR
 *fill*         0x0000000008016aec        0x4 
 .text.PendSV_Handler
                0x0000000008016af0       0x48 Thirdparty\Middleware\STM32G0xx\FreeRTOS\Source\portable\GCC\ARM_CM0\port.o
                0x0000000008016af0                PendSV_Handler
 .text.xPortSysTickHandler
                0x0000000008016b38       0x34 Thirdparty\Middleware\STM32G0xx\FreeRTOS\Source\portable\GCC\ARM_CM0\port.o
                0x0000000008016b38                xPortSysTickHandler
 .text.vPortSetupTimerInterrupt
                0x0000000008016b6c       0x44 Thirdparty\Middleware\STM32G0xx\FreeRTOS\Source\portable\GCC\ARM_CM0\port.o
                0x0000000008016b6c                vPortSetupTimerInterrupt
 .text.pvPortMalloc
                0x0000000008016bb0      0x140 Thirdparty\Middleware\STM32G0xx\FreeRTOS\Source\portable\MemMang\heap_4.o
                0x0000000008016bb0                pvPortMalloc
 .text.vPortFree
                0x0000000008016cf0       0x80 Thirdparty\Middleware\STM32G0xx\FreeRTOS\Source\portable\MemMang\heap_4.o
                0x0000000008016cf0                vPortFree
 .text.prvHeapInit
                0x0000000008016d70       0xc0 Thirdparty\Middleware\STM32G0xx\FreeRTOS\Source\portable\MemMang\heap_4.o
 .text.prvInsertBlockIntoFreeList
                0x0000000008016e30       0xb0 Thirdparty\Middleware\STM32G0xx\FreeRTOS\Source\portable\MemMang\heap_4.o
 .text.xQueueGenericReset
                0x0000000008016ee0       0x9e Thirdparty\Middleware\STM32G0xx\FreeRTOS\Source\queue.o
                0x0000000008016ee0                xQueueGenericReset
 .text.xQueueGenericCreate
                0x0000000008016f7e       0x52 Thirdparty\Middleware\STM32G0xx\FreeRTOS\Source\queue.o
                0x0000000008016f7e                xQueueGenericCreate
 .text.prvInitialiseNewQueue
                0x0000000008016fd0       0x4e Thirdparty\Middleware\STM32G0xx\FreeRTOS\Source\queue.o
 .text.xQueueCreateCountingSemaphore
                0x000000000801701e       0x30 Thirdparty\Middleware\STM32G0xx\FreeRTOS\Source\queue.o
                0x000000000801701e                xQueueCreateCountingSemaphore
 .text.xQueueGenericSend
                0x000000000801704e      0x12a Thirdparty\Middleware\STM32G0xx\FreeRTOS\Source\queue.o
                0x000000000801704e                xQueueGenericSend
 .text.xQueueGenericSendFromISR
                0x0000000008017178       0xa6 Thirdparty\Middleware\STM32G0xx\FreeRTOS\Source\queue.o
                0x0000000008017178                xQueueGenericSendFromISR
 .text.xQueueGiveFromISR
                0x000000000801721e       0x96 Thirdparty\Middleware\STM32G0xx\FreeRTOS\Source\queue.o
                0x000000000801721e                xQueueGiveFromISR
 .text.xQueueReceive
                0x00000000080172b4      0x128 Thirdparty\Middleware\STM32G0xx\FreeRTOS\Source\queue.o
                0x00000000080172b4                xQueueReceive
 .text.xQueueSemaphoreTake
                0x00000000080173dc      0x178 Thirdparty\Middleware\STM32G0xx\FreeRTOS\Source\queue.o
                0x00000000080173dc                xQueueSemaphoreTake
 .text.xQueueReceiveFromISR
                0x0000000008017554       0xa0 Thirdparty\Middleware\STM32G0xx\FreeRTOS\Source\queue.o
                0x0000000008017554                xQueueReceiveFromISR
 .text.prvGetDisinheritPriorityAfterTimeout
                0x00000000080175f4       0x2c Thirdparty\Middleware\STM32G0xx\FreeRTOS\Source\queue.o
 .text.prvCopyDataToQueue
                0x0000000008017620       0xd6 Thirdparty\Middleware\STM32G0xx\FreeRTOS\Source\queue.o
 .text.prvCopyDataFromQueue
                0x00000000080176f6       0x4c Thirdparty\Middleware\STM32G0xx\FreeRTOS\Source\queue.o
 .text.prvUnlockQueue
                0x0000000008017742       0xbc Thirdparty\Middleware\STM32G0xx\FreeRTOS\Source\queue.o
 .text.prvIsQueueEmpty
                0x00000000080177fe       0x2c Thirdparty\Middleware\STM32G0xx\FreeRTOS\Source\queue.o
 .text.prvIsQueueFull
                0x000000000801782a       0x30 Thirdparty\Middleware\STM32G0xx\FreeRTOS\Source\queue.o
 *fill*         0x000000000801785a        0x2 
 .text.vQueueAddToRegistry
                0x000000000801785c       0x50 Thirdparty\Middleware\STM32G0xx\FreeRTOS\Source\queue.o
                0x000000000801785c                vQueueAddToRegistry
 .text.vQueueWaitForMessageRestricted
                0x00000000080178ac       0x66 Thirdparty\Middleware\STM32G0xx\FreeRTOS\Source\queue.o
                0x00000000080178ac                vQueueWaitForMessageRestricted
 .text.xTaskCreate
                0x0000000008017912       0x90 Thirdparty\Middleware\STM32G0xx\FreeRTOS\Source\tasks.o
                0x0000000008017912                xTaskCreate
 *fill*         0x00000000080179a2        0x2 
 .text.prvInitialiseNewTask
                0x00000000080179a4      0x10c Thirdparty\Middleware\STM32G0xx\FreeRTOS\Source\tasks.o
 .text.prvAddNewTaskToReadyList
                0x0000000008017ab0       0xd0 Thirdparty\Middleware\STM32G0xx\FreeRTOS\Source\tasks.o
 .text.vTaskDelay
                0x0000000008017b80       0x3a Thirdparty\Middleware\STM32G0xx\FreeRTOS\Source\tasks.o
                0x0000000008017b80                vTaskDelay
 *fill*         0x0000000008017bba        0x2 
 .text.eTaskGetState
                0x0000000008017bbc       0xd0 Thirdparty\Middleware\STM32G0xx\FreeRTOS\Source\tasks.o
                0x0000000008017bbc                eTaskGetState
 .text.uxTaskPriorityGet
                0x0000000008017c8c       0x34 Thirdparty\Middleware\STM32G0xx\FreeRTOS\Source\tasks.o
                0x0000000008017c8c                uxTaskPriorityGet
 .text.vTaskPrioritySet
                0x0000000008017cc0      0x110 Thirdparty\Middleware\STM32G0xx\FreeRTOS\Source\tasks.o
                0x0000000008017cc0                vTaskPrioritySet
 .text.vTaskStartScheduler
                0x0000000008017dd0       0x74 Thirdparty\Middleware\STM32G0xx\FreeRTOS\Source\tasks.o
                0x0000000008017dd0                vTaskStartScheduler
 .text.vTaskSuspendAll
                0x0000000008017e44       0x18 Thirdparty\Middleware\STM32G0xx\FreeRTOS\Source\tasks.o
                0x0000000008017e44                vTaskSuspendAll
 .text.xTaskResumeAll
                0x0000000008017e5c      0x10c Thirdparty\Middleware\STM32G0xx\FreeRTOS\Source\tasks.o
                0x0000000008017e5c                xTaskResumeAll
 .text.xTaskGetTickCount
                0x0000000008017f68       0x1c Thirdparty\Middleware\STM32G0xx\FreeRTOS\Source\tasks.o
                0x0000000008017f68                xTaskGetTickCount
 .text.xTaskGetTickCountFromISR
                0x0000000008017f84       0x20 Thirdparty\Middleware\STM32G0xx\FreeRTOS\Source\tasks.o
                0x0000000008017f84                xTaskGetTickCountFromISR
 .text.uxTaskGetSystemState
                0x0000000008017fa4      0x120 Thirdparty\Middleware\STM32G0xx\FreeRTOS\Source\tasks.o
                0x0000000008017fa4                uxTaskGetSystemState
 .text.xTaskIncrementTick
                0x00000000080180c4      0x150 Thirdparty\Middleware\STM32G0xx\FreeRTOS\Source\tasks.o
                0x00000000080180c4                xTaskIncrementTick
 .text.vTaskSwitchContext
                0x0000000008018214      0x124 Thirdparty\Middleware\STM32G0xx\FreeRTOS\Source\tasks.o
                0x0000000008018214                vTaskSwitchContext
 .text.vTaskPlaceOnEventList
                0x0000000008018338       0x34 Thirdparty\Middleware\STM32G0xx\FreeRTOS\Source\tasks.o
                0x0000000008018338                vTaskPlaceOnEventList
 .text.vTaskPlaceOnEventListRestricted
                0x000000000801836c       0x44 Thirdparty\Middleware\STM32G0xx\FreeRTOS\Source\tasks.o
                0x000000000801836c                vTaskPlaceOnEventListRestricted
 .text.xTaskRemoveFromEventList
                0x00000000080183b0       0xb0 Thirdparty\Middleware\STM32G0xx\FreeRTOS\Source\tasks.o
                0x00000000080183b0                xTaskRemoveFromEventList
 .text.vTaskInternalSetTimeOutState
                0x0000000008018460       0x28 Thirdparty\Middleware\STM32G0xx\FreeRTOS\Source\tasks.o
                0x0000000008018460                vTaskInternalSetTimeOutState
 .text.xTaskCheckForTimeOut
                0x0000000008018488       0x8c Thirdparty\Middleware\STM32G0xx\FreeRTOS\Source\tasks.o
                0x0000000008018488                xTaskCheckForTimeOut
 .text.vTaskMissedYield
                0x0000000008018514       0x14 Thirdparty\Middleware\STM32G0xx\FreeRTOS\Source\tasks.o
                0x0000000008018514                vTaskMissedYield
 .text.prvIdleTask
                0x0000000008018528       0x20 Thirdparty\Middleware\STM32G0xx\FreeRTOS\Source\tasks.o
 .text.prvInitialiseTaskLists
                0x0000000008018548       0x88 Thirdparty\Middleware\STM32G0xx\FreeRTOS\Source\tasks.o
 .text.prvCheckTasksWaitingTermination
                0x00000000080185d0       0x5c Thirdparty\Middleware\STM32G0xx\FreeRTOS\Source\tasks.o
 .text.vTaskGetInfo
                0x000000000801862c       0xd8 Thirdparty\Middleware\STM32G0xx\FreeRTOS\Source\tasks.o
                0x000000000801862c                vTaskGetInfo
 .text.prvListTasksWithinSingleList
                0x0000000008018704       0xa6 Thirdparty\Middleware\STM32G0xx\FreeRTOS\Source\tasks.o
 .text.prvTaskCheckFreeStackSpace
                0x00000000080187aa       0x34 Thirdparty\Middleware\STM32G0xx\FreeRTOS\Source\tasks.o
 .text.prvDeleteTCB
                0x00000000080187de       0x22 Thirdparty\Middleware\STM32G0xx\FreeRTOS\Source\tasks.o
 .text.prvResetNextTaskUnblockTime
                0x0000000008018800       0x3c Thirdparty\Middleware\STM32G0xx\FreeRTOS\Source\tasks.o
 .text.xTaskGetSchedulerState
                0x000000000801883c       0x38 Thirdparty\Middleware\STM32G0xx\FreeRTOS\Source\tasks.o
                0x000000000801883c                xTaskGetSchedulerState
 .text.xTaskPriorityInherit
                0x0000000008018874       0xd0 Thirdparty\Middleware\STM32G0xx\FreeRTOS\Source\tasks.o
                0x0000000008018874                xTaskPriorityInherit
 .text.xTaskPriorityDisinherit
                0x0000000008018944       0x98 Thirdparty\Middleware\STM32G0xx\FreeRTOS\Source\tasks.o
                0x0000000008018944                xTaskPriorityDisinherit
 .text.vTaskPriorityDisinheritAfterTimeout
                0x00000000080189dc       0xc0 Thirdparty\Middleware\STM32G0xx\FreeRTOS\Source\tasks.o
                0x00000000080189dc                vTaskPriorityDisinheritAfterTimeout
 .text.prvWriteNameToBuffer
                0x0000000008018a9c       0x52 Thirdparty\Middleware\STM32G0xx\FreeRTOS\Source\tasks.o
 *fill*         0x0000000008018aee        0x2 
 .text.vTaskList
                0x0000000008018af0      0x14c Thirdparty\Middleware\STM32G0xx\FreeRTOS\Source\tasks.o
                0x0000000008018af0                vTaskList
 .text.vTaskGetRunTimeStats
                0x0000000008018c3c      0x118 Thirdparty\Middleware\STM32G0xx\FreeRTOS\Source\tasks.o
                0x0000000008018c3c                vTaskGetRunTimeStats
 .text.pvTaskIncrementMutexHeldCount
                0x0000000008018d54       0x24 Thirdparty\Middleware\STM32G0xx\FreeRTOS\Source\tasks.o
                0x0000000008018d54                pvTaskIncrementMutexHeldCount
 .text.ulTaskNotifyTake
                0x0000000008018d78       0x84 Thirdparty\Middleware\STM32G0xx\FreeRTOS\Source\tasks.o
                0x0000000008018d78                ulTaskNotifyTake
 .text.xTaskGenericNotify
                0x0000000008018dfc      0x104 Thirdparty\Middleware\STM32G0xx\FreeRTOS\Source\tasks.o
                0x0000000008018dfc                xTaskGenericNotify
 .text.xTaskGenericNotifyFromISR
                0x0000000008018f00      0x140 Thirdparty\Middleware\STM32G0xx\FreeRTOS\Source\tasks.o
                0x0000000008018f00                xTaskGenericNotifyFromISR
 .text.prvAddCurrentTaskToDelayedList
                0x0000000008019040       0xa8 Thirdparty\Middleware\STM32G0xx\FreeRTOS\Source\tasks.o
 .text.xTimerCreateTimerTask
                0x00000000080190e8       0x4c Thirdparty\Middleware\STM32G0xx\FreeRTOS\Source\timers.o
                0x00000000080190e8                xTimerCreateTimerTask
 .text.xTimerCreate
                0x0000000008019134       0x46 Thirdparty\Middleware\STM32G0xx\FreeRTOS\Source\timers.o
                0x0000000008019134                xTimerCreate
 .text.prvInitialiseNewTimer
                0x000000000801917a       0x5a Thirdparty\Middleware\STM32G0xx\FreeRTOS\Source\timers.o
 .text.xTimerGenericCommand
                0x00000000080191d4       0x8c Thirdparty\Middleware\STM32G0xx\FreeRTOS\Source\timers.o
                0x00000000080191d4                xTimerGenericCommand
 .text.prvProcessExpiredTimer
                0x0000000008019260       0x80 Thirdparty\Middleware\STM32G0xx\FreeRTOS\Source\timers.o
 .text.prvTimerTask
                0x00000000080192e0       0x28 Thirdparty\Middleware\STM32G0xx\FreeRTOS\Source\timers.o
 .text.prvProcessTimerOrBlockTask
                0x0000000008019308       0x90 Thirdparty\Middleware\STM32G0xx\FreeRTOS\Source\timers.o
 .text.prvGetNextExpireTime
                0x0000000008019398       0x44 Thirdparty\Middleware\STM32G0xx\FreeRTOS\Source\timers.o
 .text.prvSampleTimeNow
                0x00000000080193dc       0x40 Thirdparty\Middleware\STM32G0xx\FreeRTOS\Source\timers.o
 .text.prvInsertTimerInActiveList
                0x000000000801941c       0x84 Thirdparty\Middleware\STM32G0xx\FreeRTOS\Source\timers.o
 .text.prvProcessReceivedCommands
                0x00000000080194a0      0x16c Thirdparty\Middleware\STM32G0xx\FreeRTOS\Source\timers.o
 .text.prvSwitchTimerLists
                0x000000000801960c       0xb0 Thirdparty\Middleware\STM32G0xx\FreeRTOS\Source\timers.o
 .text.prvCheckForValidListAndQueue
                0x00000000080196bc       0x74 Thirdparty\Middleware\STM32G0xx\FreeRTOS\Source\timers.o
 .text.pvTimerGetTimerID
                0x0000000008019730       0x24 Thirdparty\Middleware\STM32G0xx\FreeRTOS\Source\timers.o
                0x0000000008019730                pvTimerGetTimerID
 .text.HAL_Init
                0x0000000008019754       0x40 Thirdparty\STM32G0xx_HAL_Driver\Src\stm32g0xx_hal.o
                0x0000000008019754                HAL_Init
 .text.HAL_InitTick
                0x0000000008019794       0x94 Thirdparty\STM32G0xx_HAL_Driver\Src\stm32g0xx_hal.o
                0x0000000008019794                HAL_InitTick
 .text.HAL_IncTick
                0x0000000008019828       0x24 Thirdparty\STM32G0xx_HAL_Driver\Src\stm32g0xx_hal.o
                0x0000000008019828                HAL_IncTick
 .text.HAL_GetTick
                0x000000000801984c       0x14 Thirdparty\STM32G0xx_HAL_Driver\Src\stm32g0xx_hal.o
                0x000000000801984c                HAL_GetTick
 .text.HAL_Delay
                0x0000000008019860       0x48 Thirdparty\STM32G0xx_HAL_Driver\Src\stm32g0xx_hal.o
                0x0000000008019860                HAL_Delay
 .text.HAL_GetREVID
                0x00000000080198a8       0x18 Thirdparty\STM32G0xx_HAL_Driver\Src\stm32g0xx_hal.o
                0x00000000080198a8                HAL_GetREVID
 .text.HAL_GetDEVID
                0x00000000080198c0       0x18 Thirdparty\STM32G0xx_HAL_Driver\Src\stm32g0xx_hal.o
                0x00000000080198c0                HAL_GetDEVID
 .text.LL_ADC_SetCommonPathInternalCh
                0x00000000080198d8       0x28 Thirdparty\STM32G0xx_HAL_Driver\Src\stm32g0xx_hal_adc.o
 .text.LL_ADC_GetCommonPathInternalCh
                0x0000000008019900       0x1a Thirdparty\STM32G0xx_HAL_Driver\Src\stm32g0xx_hal_adc.o
 .text.LL_ADC_SetSamplingTimeCommonChannels
                0x000000000801991a       0x3a Thirdparty\STM32G0xx_HAL_Driver\Src\stm32g0xx_hal_adc.o
 .text.LL_ADC_GetSamplingTimeCommonChannels
                0x0000000008019954       0x2e Thirdparty\STM32G0xx_HAL_Driver\Src\stm32g0xx_hal_adc.o
 .text.LL_ADC_REG_IsTriggerSourceSWStart
                0x0000000008019982       0x22 Thirdparty\STM32G0xx_HAL_Driver\Src\stm32g0xx_hal_adc.o
 .text.LL_ADC_REG_SetSequencerRanks
                0x00000000080199a4       0x40 Thirdparty\STM32G0xx_HAL_Driver\Src\stm32g0xx_hal_adc.o
 .text.LL_ADC_REG_SetSequencerChAdd
                0x00000000080199e4       0x22 Thirdparty\STM32G0xx_HAL_Driver\Src\stm32g0xx_hal_adc.o
 .text.LL_ADC_REG_SetSequencerChRem
                0x0000000008019a06       0x24 Thirdparty\STM32G0xx_HAL_Driver\Src\stm32g0xx_hal_adc.o
 *fill*         0x0000000008019a2a        0x2 
 .text.LL_ADC_SetChannelSamplingTime
                0x0000000008019a2c       0x38 Thirdparty\STM32G0xx_HAL_Driver\Src\stm32g0xx_hal_adc.o
 .text.LL_ADC_EnableInternalRegulator
                0x0000000008019a64       0x28 Thirdparty\STM32G0xx_HAL_Driver\Src\stm32g0xx_hal_adc.o
 .text.LL_ADC_IsInternalRegulatorEnabled
                0x0000000008019a8c       0x28 Thirdparty\STM32G0xx_HAL_Driver\Src\stm32g0xx_hal_adc.o
 .text.LL_ADC_Enable
                0x0000000008019ab4       0x24 Thirdparty\STM32G0xx_HAL_Driver\Src\stm32g0xx_hal_adc.o
 .text.LL_ADC_Disable
                0x0000000008019ad8       0x24 Thirdparty\STM32G0xx_HAL_Driver\Src\stm32g0xx_hal_adc.o
 .text.LL_ADC_IsEnabled
                0x0000000008019afc       0x22 Thirdparty\STM32G0xx_HAL_Driver\Src\stm32g0xx_hal_adc.o
 .text.LL_ADC_IsDisableOngoing
                0x0000000008019b1e       0x22 Thirdparty\STM32G0xx_HAL_Driver\Src\stm32g0xx_hal_adc.o
 .text.LL_ADC_REG_StartConversion
                0x0000000008019b40       0x24 Thirdparty\STM32G0xx_HAL_Driver\Src\stm32g0xx_hal_adc.o
 .text.LL_ADC_REG_StopConversion
                0x0000000008019b64       0x24 Thirdparty\STM32G0xx_HAL_Driver\Src\stm32g0xx_hal_adc.o
 .text.LL_ADC_REG_IsConversionOngoing
                0x0000000008019b88       0x22 Thirdparty\STM32G0xx_HAL_Driver\Src\stm32g0xx_hal_adc.o
 *fill*         0x0000000008019baa        0x2 
 .text.HAL_ADC_Init
                0x0000000008019bac      0x350 Thirdparty\STM32G0xx_HAL_Driver\Src\stm32g0xx_hal_adc.o
                0x0000000008019bac                HAL_ADC_Init
 .text.HAL_ADC_Start
                0x0000000008019efc       0x9c Thirdparty\STM32G0xx_HAL_Driver\Src\stm32g0xx_hal_adc.o
                0x0000000008019efc                HAL_ADC_Start
 .text.HAL_ADC_Stop
                0x0000000008019f98       0x78 Thirdparty\STM32G0xx_HAL_Driver\Src\stm32g0xx_hal_adc.o
                0x0000000008019f98                HAL_ADC_Stop
 .text.HAL_ADC_PollForConversion
                0x000000000801a010      0x128 Thirdparty\STM32G0xx_HAL_Driver\Src\stm32g0xx_hal_adc.o
                0x000000000801a010                HAL_ADC_PollForConversion
 .text.HAL_ADC_GetValue
                0x000000000801a138       0x16 Thirdparty\STM32G0xx_HAL_Driver\Src\stm32g0xx_hal_adc.o
                0x000000000801a138                HAL_ADC_GetValue
 *fill*         0x000000000801a14e        0x2 
 .text.HAL_ADC_ConfigChannel
                0x000000000801a150      0x3b0 Thirdparty\STM32G0xx_HAL_Driver\Src\stm32g0xx_hal_adc.o
                0x000000000801a150                HAL_ADC_ConfigChannel
 .text.ADC_ConversionStop
                0x000000000801a500       0x84 Thirdparty\STM32G0xx_HAL_Driver\Src\stm32g0xx_hal_adc.o
                0x000000000801a500                ADC_ConversionStop
 .text.ADC_Enable
                0x000000000801a584      0x10c Thirdparty\STM32G0xx_HAL_Driver\Src\stm32g0xx_hal_adc.o
                0x000000000801a584                ADC_Enable
 .text.ADC_Disable
                0x000000000801a690       0xbc Thirdparty\STM32G0xx_HAL_Driver\Src\stm32g0xx_hal_adc.o
                0x000000000801a690                ADC_Disable
 .text.__NVIC_EnableIRQ
                0x000000000801a74c       0x34 Thirdparty\STM32G0xx_HAL_Driver\Src\stm32g0xx_hal_cortex.o
 .text.__NVIC_DisableIRQ
                0x000000000801a780       0x44 Thirdparty\STM32G0xx_HAL_Driver\Src\stm32g0xx_hal_cortex.o
 .text.__NVIC_SetPriority
                0x000000000801a7c4       0xdc Thirdparty\STM32G0xx_HAL_Driver\Src\stm32g0xx_hal_cortex.o
 .text.SysTick_Config
                0x000000000801a8a0       0x48 Thirdparty\STM32G0xx_HAL_Driver\Src\stm32g0xx_hal_cortex.o
 .text.HAL_NVIC_SetPriority
                0x000000000801a8e8       0x2a Thirdparty\STM32G0xx_HAL_Driver\Src\stm32g0xx_hal_cortex.o
                0x000000000801a8e8                HAL_NVIC_SetPriority
 .text.HAL_NVIC_EnableIRQ
                0x000000000801a912       0x20 Thirdparty\STM32G0xx_HAL_Driver\Src\stm32g0xx_hal_cortex.o
                0x000000000801a912                HAL_NVIC_EnableIRQ
 .text.HAL_NVIC_DisableIRQ
                0x000000000801a932       0x20 Thirdparty\STM32G0xx_HAL_Driver\Src\stm32g0xx_hal_cortex.o
                0x000000000801a932                HAL_NVIC_DisableIRQ
 .text.HAL_SYSTICK_Config
                0x000000000801a952       0x1a Thirdparty\STM32G0xx_HAL_Driver\Src\stm32g0xx_hal_cortex.o
                0x000000000801a952                HAL_SYSTICK_Config
 .text.HAL_CRC_Init
                0x000000000801a96c       0xcc Thirdparty\STM32G0xx_HAL_Driver\Src\stm32g0xx_hal_crc.o
                0x000000000801a96c                HAL_CRC_Init
 .text.HAL_CRC_Accumulate
                0x000000000801aa38       0x8e Thirdparty\STM32G0xx_HAL_Driver\Src\stm32g0xx_hal_crc.o
                0x000000000801aa38                HAL_CRC_Accumulate
 .text.HAL_CRC_Calculate
                0x000000000801aac6       0x9e Thirdparty\STM32G0xx_HAL_Driver\Src\stm32g0xx_hal_crc.o
                0x000000000801aac6                HAL_CRC_Calculate
 .text.CRC_Handle_8
                0x000000000801ab64      0x122 Thirdparty\STM32G0xx_HAL_Driver\Src\stm32g0xx_hal_crc.o
 .text.CRC_Handle_16
                0x000000000801ac86       0x6e Thirdparty\STM32G0xx_HAL_Driver\Src\stm32g0xx_hal_crc.o
 .text.HAL_CRCEx_Polynomial_Set
                0x000000000801acf4       0xda Thirdparty\STM32G0xx_HAL_Driver\Src\stm32g0xx_hal_crc_ex.o
                0x000000000801acf4                HAL_CRCEx_Polynomial_Set
 *fill*         0x000000000801adce        0x2 
 .text.HAL_DMA_Init
                0x000000000801add0      0x158 Thirdparty\STM32G0xx_HAL_Driver\Src\stm32g0xx_hal_dma.o
                0x000000000801add0                HAL_DMA_Init
 .text.HAL_DMA_Start_IT
                0x000000000801af28      0x10c Thirdparty\STM32G0xx_HAL_Driver\Src\stm32g0xx_hal_dma.o
                0x000000000801af28                HAL_DMA_Start_IT
 .text.HAL_DMA_Abort
                0x000000000801b034       0xc0 Thirdparty\STM32G0xx_HAL_Driver\Src\stm32g0xx_hal_dma.o
                0x000000000801b034                HAL_DMA_Abort
 .text.HAL_DMA_Abort_IT
                0x000000000801b0f4       0xd0 Thirdparty\STM32G0xx_HAL_Driver\Src\stm32g0xx_hal_dma.o
                0x000000000801b0f4                HAL_DMA_Abort_IT
 .text.HAL_DMA_GetError
                0x000000000801b1c4       0x14 Thirdparty\STM32G0xx_HAL_Driver\Src\stm32g0xx_hal_dma.o
                0x000000000801b1c4                HAL_DMA_GetError
 .text.DMA_SetConfig
                0x000000000801b1d8       0x78 Thirdparty\STM32G0xx_HAL_Driver\Src\stm32g0xx_hal_dma.o
 .text.DMA_CalcDMAMUXChannelBaseAndMask
                0x000000000801b250       0x94 Thirdparty\STM32G0xx_HAL_Driver\Src\stm32g0xx_hal_dma.o
 .text.DMA_CalcDMAMUXRequestGenBaseAndMask
                0x000000000801b2e4       0x48 Thirdparty\STM32G0xx_HAL_Driver\Src\stm32g0xx_hal_dma.o
 .text.HAL_FLASH_Program
                0x000000000801b32c       0x9c Thirdparty\STM32G0xx_HAL_Driver\Src\stm32g0xx_hal_flash.o
                0x000000000801b32c                HAL_FLASH_Program
 .text.HAL_FLASH_Unlock
                0x000000000801b3c8       0x48 Thirdparty\STM32G0xx_HAL_Driver\Src\stm32g0xx_hal_flash.o
                0x000000000801b3c8                HAL_FLASH_Unlock
 .text.HAL_FLASH_Lock
                0x000000000801b410       0x38 Thirdparty\STM32G0xx_HAL_Driver\Src\stm32g0xx_hal_flash.o
                0x000000000801b410                HAL_FLASH_Lock
 .text.FLASH_WaitForLastOperation
                0x000000000801b448       0x9c Thirdparty\STM32G0xx_HAL_Driver\Src\stm32g0xx_hal_flash.o
                0x000000000801b448                FLASH_WaitForLastOperation
 .text.FLASH_Program_DoubleWord
                0x000000000801b4e4       0x40 Thirdparty\STM32G0xx_HAL_Driver\Src\stm32g0xx_hal_flash.o
 .text.HAL_FLASHEx_Erase
                0x000000000801b524       0xe0 Thirdparty\STM32G0xx_HAL_Driver\Src\stm32g0xx_hal_flash_ex.o
                0x000000000801b524                HAL_FLASHEx_Erase
 .text.FLASH_MassErase
                0x000000000801b604       0x28 Thirdparty\STM32G0xx_HAL_Driver\Src\stm32g0xx_hal_flash_ex.o
 .text.FLASH_PageErase
                0x000000000801b62c      0x198 Thirdparty\STM32G0xx_HAL_Driver\Src\stm32g0xx_hal_flash_ex.o
                0x000000000801b62c                FLASH_PageErase
 .text.HAL_GPIO_Init
                0x000000000801b7c4      0x2d8 Thirdparty\STM32G0xx_HAL_Driver\Src\stm32g0xx_hal_gpio.o
                0x000000000801b7c4                HAL_GPIO_Init
 .text.HAL_GPIO_DeInit
                0x000000000801ba9c      0x1b0 Thirdparty\STM32G0xx_HAL_Driver\Src\stm32g0xx_hal_gpio.o
                0x000000000801ba9c                HAL_GPIO_DeInit
 .text.HAL_GPIO_ReadPin
                0x000000000801bc4c       0x3a Thirdparty\STM32G0xx_HAL_Driver\Src\stm32g0xx_hal_gpio.o
                0x000000000801bc4c                HAL_GPIO_ReadPin
 .text.HAL_GPIO_WritePin
                0x000000000801bc86       0x3a Thirdparty\STM32G0xx_HAL_Driver\Src\stm32g0xx_hal_gpio.o
                0x000000000801bc86                HAL_GPIO_WritePin
 .text.HAL_GPIO_TogglePin
                0x000000000801bcc0       0x36 Thirdparty\STM32G0xx_HAL_Driver\Src\stm32g0xx_hal_gpio.o
                0x000000000801bcc0                HAL_GPIO_TogglePin
 *fill*         0x000000000801bcf6        0x2 
 .text.HAL_GPIO_EXTI_IRQHandler
                0x000000000801bcf8       0x54 Thirdparty\STM32G0xx_HAL_Driver\Src\stm32g0xx_hal_gpio.o
                0x000000000801bcf8                HAL_GPIO_EXTI_IRQHandler
 .text.HAL_GPIO_EXTI_Rising_Callback
                0x000000000801bd4c       0x14 Thirdparty\STM32G0xx_HAL_Driver\Src\stm32g0xx_hal_gpio.o
                0x000000000801bd4c                HAL_GPIO_EXTI_Rising_Callback
 .text.HAL_GPIO_EXTI_Falling_Callback
                0x000000000801bd60       0x14 Thirdparty\STM32G0xx_HAL_Driver\Src\stm32g0xx_hal_gpio.o
                0x000000000801bd60                HAL_GPIO_EXTI_Falling_Callback
 .text.HAL_I2C_Init
                0x000000000801bd74      0x12c Thirdparty\STM32G0xx_HAL_Driver\Src\stm32g0xx_hal_i2c.o
                0x000000000801bd74                HAL_I2C_Init
 .text.HAL_I2C_Master_Transmit
                0x000000000801bea0      0x210 Thirdparty\STM32G0xx_HAL_Driver\Src\stm32g0xx_hal_i2c.o
                0x000000000801bea0                HAL_I2C_Master_Transmit
 .text.HAL_I2C_Master_Receive
                0x000000000801c0b0      0x210 Thirdparty\STM32G0xx_HAL_Driver\Src\stm32g0xx_hal_i2c.o
                0x000000000801c0b0                HAL_I2C_Master_Receive
 .text.I2C_Flush_TXDR
                0x000000000801c2c0       0x44 Thirdparty\STM32G0xx_HAL_Driver\Src\stm32g0xx_hal_i2c.o
 .text.I2C_WaitOnFlagUntilTimeout
                0x000000000801c304       0x7e Thirdparty\STM32G0xx_HAL_Driver\Src\stm32g0xx_hal_i2c.o
 .text.I2C_WaitOnTXISFlagUntilTimeout
                0x000000000801c382       0x7e Thirdparty\STM32G0xx_HAL_Driver\Src\stm32g0xx_hal_i2c.o
 .text.I2C_WaitOnSTOPFlagUntilTimeout
                0x000000000801c400       0x78 Thirdparty\STM32G0xx_HAL_Driver\Src\stm32g0xx_hal_i2c.o
 .text.I2C_WaitOnRXNEFlagUntilTimeout
                0x000000000801c478       0xf4 Thirdparty\STM32G0xx_HAL_Driver\Src\stm32g0xx_hal_i2c.o
 .text.I2C_IsErrorOccurred
                0x000000000801c56c      0x200 Thirdparty\STM32G0xx_HAL_Driver\Src\stm32g0xx_hal_i2c.o
 .text.I2C_TransferConfig
                0x000000000801c76c       0x74 Thirdparty\STM32G0xx_HAL_Driver\Src\stm32g0xx_hal_i2c.o
 .text.HAL_I2CEx_ConfigAnalogFilter
                0x000000000801c7e0       0x98 Thirdparty\STM32G0xx_HAL_Driver\Src\stm32g0xx_hal_i2c_ex.o
                0x000000000801c7e0                HAL_I2CEx_ConfigAnalogFilter
 .text.HAL_I2CEx_ConfigDigitalFilter
                0x000000000801c878       0x98 Thirdparty\STM32G0xx_HAL_Driver\Src\stm32g0xx_hal_i2c_ex.o
                0x000000000801c878                HAL_I2CEx_ConfigDigitalFilter
 .text.HAL_MspInit
                0x000000000801c910        0xa Thirdparty\STM32G0xx_HAL_Driver\Src\stm32g0xx_hal_msp_template.o
                0x000000000801c910                HAL_MspInit
 *fill*         0x000000000801c91a        0x2 
 .text.HAL_PWREx_ControlVoltageScaling
                0x000000000801c91c       0x80 Thirdparty\STM32G0xx_HAL_Driver\Src\stm32g0xx_hal_pwr_ex.o
                0x000000000801c91c                HAL_PWREx_ControlVoltageScaling
 .text.LL_RCC_GetAPB1Prescaler
                0x000000000801c99c       0x18 Thirdparty\STM32G0xx_HAL_Driver\Src\stm32g0xx_hal_rcc.o
 .text.HAL_RCC_OscConfig
                0x000000000801c9b4      0x6c0 Thirdparty\STM32G0xx_HAL_Driver\Src\stm32g0xx_hal_rcc.o
                0x000000000801c9b4                HAL_RCC_OscConfig
 .text.HAL_RCC_ClockConfig
                0x000000000801d074      0x210 Thirdparty\STM32G0xx_HAL_Driver\Src\stm32g0xx_hal_rcc.o
                0x000000000801d074                HAL_RCC_ClockConfig
 .text.HAL_RCC_GetSysClockFreq
                0x000000000801d284      0x104 Thirdparty\STM32G0xx_HAL_Driver\Src\stm32g0xx_hal_rcc.o
                0x000000000801d284                HAL_RCC_GetSysClockFreq
 .text.HAL_RCC_GetHCLKFreq
                0x000000000801d388       0x14 Thirdparty\STM32G0xx_HAL_Driver\Src\stm32g0xx_hal_rcc.o
                0x000000000801d388                HAL_RCC_GetHCLKFreq
 .text.HAL_RCC_GetPCLK1Freq
                0x000000000801d39c       0x2c Thirdparty\STM32G0xx_HAL_Driver\Src\stm32g0xx_hal_rcc.o
                0x000000000801d39c                HAL_RCC_GetPCLK1Freq
 .text.HAL_RCCEx_PeriphCLKConfig
                0x000000000801d3c8      0x478 Thirdparty\STM32G0xx_HAL_Driver\Src\stm32g0xx_hal_rcc_ex.o
                0x000000000801d3c8                HAL_RCCEx_PeriphCLKConfig
 .text.HAL_RTC_Init
                0x000000000801d840      0x144 Thirdparty\STM32G0xx_HAL_Driver\Src\stm32g0xx_hal_rtc.o
                0x000000000801d840                HAL_RTC_Init
 .text.HAL_RTC_MspInit
                0x000000000801d984       0x10 Thirdparty\STM32G0xx_HAL_Driver\Src\stm32g0xx_hal_rtc.o
                0x000000000801d984                HAL_RTC_MspInit
 .text.HAL_RTC_SetTime
                0x000000000801d994      0x150 Thirdparty\STM32G0xx_HAL_Driver\Src\stm32g0xx_hal_rtc.o
                0x000000000801d994                HAL_RTC_SetTime
 .text.HAL_RTC_GetTime
                0x000000000801dae4       0xb8 Thirdparty\STM32G0xx_HAL_Driver\Src\stm32g0xx_hal_rtc.o