Archive member included to satisfy reference by file (symbol)

c:/st/stm32cubeide_1.2.0/stm32cubeide/plugins/com.st.stm32cube.ide.mcu.externaltools.gnu-tools-for-stm32.9-2020-q2-update.win32_1.5.0.202011040924/tools/bin/../lib/gcc/arm-none-eabi/9.3.1/../../../../arm-none-eabi/lib/thumb/v6-m/nofp\libc_nano.a(lib_a-atof.o)
                              BOS/BOS_CLI.o (atof)
c:/st/stm32cubeide_1.2.0/stm32cubeide/plugins/com.st.stm32cube.ide.mcu.externaltools.gnu-tools-for-stm32.9-2020-q2-update.win32_1.5.0.202011040924/tools/bin/../lib/gcc/arm-none-eabi/9.3.1/../../../../arm-none-eabi/lib/thumb/v6-m/nofp\libc_nano.a(lib_a-atoi.o)
                              BOS/BOS_CLI.o (atoi)
c:/st/stm32cubeide_1.2.0/stm32cubeide/plugins/com.st.stm32cube.ide.mcu.externaltools.gnu-tools-for-stm32.9-2020-q2-update.win32_1.5.0.202011040924/tools/bin/../lib/gcc/arm-none-eabi/9.3.1/../../../../arm-none-eabi/lib/thumb/v6-m/nofp\libc_nano.a(lib_a-atol.o)
                              BOS/BOS.o (atol)
c:/st/stm32cubeide_1.2.0/stm32cubeide/plugins/com.st.stm32cube.ide.mcu.externaltools.gnu-tools-for-stm32.9-2020-q2-update.win32_1.5.0.202011040924/tools/bin/../lib/gcc/arm-none-eabi/9.3.1/../../../../arm-none-eabi/lib/thumb/v6-m/nofp\libc_nano.a(lib_a-ctype_.o)
                              BOS/BOS_CLI.o (_ctype_)
c:/st/stm32cubeide_1.2.0/stm32cubeide/plugins/com.st.stm32cube.ide.mcu.externaltools.gnu-tools-for-stm32.9-2020-q2-update.win32_1.5.0.202011040924/tools/bin/../lib/gcc/arm-none-eabi/9.3.1/../../../../arm-none-eabi/lib/thumb/v6-m/nofp\libc_nano.a(lib_a-exit.o)
                              c:/st/stm32cubeide_1.2.0/stm32cubeide/plugins/com.st.stm32cube.ide.mcu.externaltools.gnu-tools-for-stm32.9-2020-q2-update.win32_1.5.0.202011040924/tools/bin/../lib/gcc/arm-none-eabi/9.3.1/../../../../arm-none-eabi/lib/thumb/v6-m/nofp/crt0.o (exit)
c:/st/stm32cubeide_1.2.0/stm32cubeide/plugins/com.st.stm32cube.ide.mcu.externaltools.gnu-tools-for-stm32.9-2020-q2-update.win32_1.5.0.202011040924/tools/bin/../lib/gcc/arm-none-eabi/9.3.1/../../../../arm-none-eabi/lib/thumb/v6-m/nofp\libc_nano.a(lib_a-impure.o)
                              c:/st/stm32cubeide_1.2.0/stm32cubeide/plugins/com.st.stm32cube.ide.mcu.externaltools.gnu-tools-for-stm32.9-2020-q2-update.win32_1.5.0.202011040924/tools/bin/../lib/gcc/arm-none-eabi/9.3.1/../../../../arm-none-eabi/lib/thumb/v6-m/nofp\libc_nano.a(lib_a-exit.o) (_global_impure_ptr)
c:/st/stm32cubeide_1.2.0/stm32cubeide/plugins/com.st.stm32cube.ide.mcu.externaltools.gnu-tools-for-stm32.9-2020-q2-update.win32_1.5.0.202011040924/tools/bin/../lib/gcc/arm-none-eabi/9.3.1/../../../../arm-none-eabi/lib/thumb/v6-m/nofp\libc_nano.a(lib_a-init.o)
                              c:/st/stm32cubeide_1.2.0/stm32cubeide/plugins/com.st.stm32cube.ide.mcu.externaltools.gnu-tools-for-stm32.9-2020-q2-update.win32_1.5.0.202011040924/tools/bin/../lib/gcc/arm-none-eabi/9.3.1/../../../../arm-none-eabi/lib/thumb/v6-m/nofp/crt0.o (__libc_init_array)
c:/st/stm32cubeide_1.2.0/stm32cubeide/plugins/com.st.stm32cube.ide.mcu.externaltools.gnu-tools-for-stm32.9-2020-q2-update.win32_1.5.0.202011040924/tools/bin/../lib/gcc/arm-none-eabi/9.3.1/../../../../arm-none-eabi/lib/thumb/v6-m/nofp\libc_nano.a(lib_a-malloc.o)
                              BOS/BOS.o (malloc)
c:/st/stm32cubeide_1.2.0/stm32cubeide/plugins/com.st.stm32cube.ide.mcu.externaltools.gnu-tools-for-stm32.9-2020-q2-update.win32_1.5.0.202011040924/tools/bin/../lib/gcc/arm-none-eabi/9.3.1/../../../../arm-none-eabi/lib/thumb/v6-m/nofp\libc_nano.a(lib_a-memcmp.o)
                              Thirdparty/Middleware/FreeRTOS/Source/tasks.o (memcmp)
c:/st/stm32cubeide_1.2.0/stm32cubeide/plugins/com.st.stm32cube.ide.mcu.externaltools.gnu-tools-for-stm32.9-2020-q2-update.win32_1.5.0.202011040924/tools/bin/../lib/gcc/arm-none-eabi/9.3.1/../../../../arm-none-eabi/lib/thumb/v6-m/nofp\libc_nano.a(lib_a-memcpy-stub.o)
                              BOS/BOS.o (memcpy)
c:/st/stm32cubeide_1.2.0/stm32cubeide/plugins/com.st.stm32cube.ide.mcu.externaltools.gnu-tools-for-stm32.9-2020-q2-update.win32_1.5.0.202011040924/tools/bin/../lib/gcc/arm-none-eabi/9.3.1/../../../../arm-none-eabi/lib/thumb/v6-m/nofp\libc_nano.a(lib_a-memset.o)
                              c:/st/stm32cubeide_1.2.0/stm32cubeide/plugins/com.st.stm32cube.ide.mcu.externaltools.gnu-tools-for-stm32.9-2020-q2-update.win32_1.5.0.202011040924/tools/bin/../lib/gcc/arm-none-eabi/9.3.1/../../../../arm-none-eabi/lib/thumb/v6-m/nofp/crt0.o (memset)
c:/st/stm32cubeide_1.2.0/stm32cubeide/plugins/com.st.stm32cube.ide.mcu.externaltools.gnu-tools-for-stm32.9-2020-q2-update.win32_1.5.0.202011040924/tools/bin/../lib/gcc/arm-none-eabi/9.3.1/../../../../arm-none-eabi/lib/thumb/v6-m/nofp\libc_nano.a(lib_a-nano-freer.o)
[...]
Memory Configuration

Name             Origin             Length             Attributes
RAM              0x0000000020000000 0x0000000000008000 xrw
FLASH            0x0000000008000000 0x0000000000040000 xr
*default*        0x0000000000000000 0xffffffffffffffff

Linker script and memory map

LOAD c:/st/stm32cubeide_1.2.0/stm32cubeide/plugins/com.st.stm32cube.ide.mcu.externaltools.gnu-tools-for-stm32.9-2020-q2-update.win32_1.5.0.202011040924/tools/bin/../lib/gcc/arm-none-eabi/9.3.1/thumb/v6-m/nofp/crti.o
LOAD c:/st/stm32cubeide_1.2.0/stm32cubeide/plugins/com.st.stm32cube.ide.mcu.externaltools.gnu-tools-for-stm32.9-2020-q2-update.win32_1.5.0.202011040924/tools/bin/../lib/gcc/arm-none-eabi/9.3.1/thumb/v6-m/nofp/crtbegin.o
LOAD c:/st/stm32cubeide_1.2.0/stm32cubeide/plugins/com.st.stm32cube.ide.mcu.externaltools.gnu-tools-for-stm32.9-2020-q2-update.win32_1.5.0.202011040924/tools/bin/../lib/gcc/arm-none-eabi/9.3.1/../../../../arm-none-eabi/lib/thumb/v6-m/nofp/crt0.o
LOAD BOS/BOS.o
LOAD BOS/BOS_CLI.o
LOAD BOS/BOS_CLIcommands.o
LOAD BOS/BOS_dma.o
LOAD BOS/BOS_eeprom.o
LOAD BOS/BOS_freertos.o
LOAD BOS/BOS_inputs.o
LOAD BOS/BOS_messaging.o
LOAD BOS/BOS_msgparser.o
LOAD H08R6/H08R6.o
LOAD H08R6/H08R6_dma.o
LOAD H08R6/H08R6_gpio.o
LOAD H08R6/H08R6_i2c.o
LOAD H08R6/H08R6_it.o
LOAD H08R6/H08R6_rtc.o
LOAD H08R6/H08R6_timers.o
LOAD H08R6/H08R6_uart.o
LOAD H08R6/startup_stm32f091xc.o
LOAD Thirdparty/CMSIS/Device/ST/STM32F0xx/Source/Templates/system_stm32f0xx.o
LOAD Thirdparty/Middleware/FreeRTOS/Source/CMSIS_RTOS/cmsis_os.o
LOAD Thirdparty/Middleware/FreeRTOS/Source/FreeRTOS_CLI.o
LOAD Thirdparty/Middleware/FreeRTOS/Source/croutine.o
LOAD Thirdparty/Middleware/FreeRTOS/Source/event_groups.o
LOAD Thirdparty/Middleware/FreeRTOS/Source/list.o
LOAD Thirdparty/Middleware/FreeRTOS/Source/queue.o
LOAD Thirdparty/Middleware/FreeRTOS/Source/tasks.o
LOAD Thirdparty/Middleware/FreeRTOS/Source/timers.o
LOAD Thirdparty/Middleware/FreeRTOS/Source/portable/GCC/ARM_CM0/port.o
LOAD Thirdparty/Middleware/FreeRTOS/Source/portable/MemMang/heap_4.o
LOAD Thirdparty/STM32F0xx_HAL_Driver/Src/stm32f0xx_hal.o
LOAD Thirdparty/STM32F0xx_HAL_Driver/Src/stm32f0xx_hal_adc.o
LOAD Thirdparty/STM32F0xx_HAL_Driver/Src/stm32f0xx_hal_adc_ex.o
LOAD Thirdparty/STM32F0xx_HAL_Driver/Src/stm32f0xx_hal_can.o
LOAD Thirdparty/STM32F0xx_HAL_Driver/Src/stm32f0xx_hal_cec.o
LOAD Thirdparty/STM32F0xx_HAL_Driver/Src/stm32f0xx_hal_comp.o
LOAD Thirdparty/STM32F0xx_HAL_Driver/Src/stm32f0xx_hal_cortex.o
LOAD Thirdparty/STM32F0xx_HAL_Driver/Src/stm32f0xx_hal_crc.o
LOAD Thirdparty/STM32F0xx_HAL_Driver/Src/stm32f0xx_hal_crc_ex.o
LOAD Thirdparty/STM32F0xx_HAL_Driver/Src/stm32f0xx_hal_dac.o
LOAD Thirdparty/STM32F0xx_HAL_Driver/Src/stm32f0xx_hal_dac_ex.o
LOAD Thirdparty/STM32F0xx_HAL_Driver/Src/stm32f0xx_hal_dma.o
LOAD Thirdparty/STM32F0xx_HAL_Driver/Src/stm32f0xx_hal_flash.o
LOAD Thirdparty/STM32F0xx_HAL_Driver/Src/stm32f0xx_hal_flash_ex.o
LOAD Thirdparty/STM32F0xx_HAL_Driver/Src/stm32f0xx_hal_gpio.o
LOAD Thirdparty/STM32F0xx_HAL_Driver/Src/stm32f0xx_hal_i2c.o
LOAD Thirdparty/STM32F0xx_HAL_Driver/Src/stm32f0xx_hal_i2c_ex.o
LOAD Thirdparty/STM32F0xx_HAL_Driver/Src/stm32f0xx_hal_i2s.o
LOAD Thirdparty/STM32F0xx_HAL_Driver/Src/stm32f0xx_hal_irda.o
LOAD Thirdparty/STM32F0xx_HAL_Driver/Src/stm32f0xx_hal_iwdg.o
LOAD Thirdparty/STM32F0xx_HAL_Driver/Src/stm32f0xx_hal_msp_template.o
LOAD Thirdparty/STM32F0xx_HAL_Driver/Src/stm32f0xx_hal_pcd.o
LOAD Thirdparty/STM32F0xx_HAL_Driver/Src/stm32f0xx_hal_pcd_ex.o
LOAD Thirdparty/STM32F0xx_HAL_Driver/Src/stm32f0xx_hal_pwr.o
LOAD Thirdparty/STM32F0xx_HAL_Driver/Src/stm32f0xx_hal_pwr_ex.o
LOAD Thirdparty/STM32F0xx_HAL_Driver/Src/stm32f0xx_hal_rcc.o
LOAD Thirdparty/STM32F0xx_HAL_Driver/Src/stm32f0xx_hal_rcc_ex.o
LOAD Thirdparty/STM32F0xx_HAL_Driver/Src/stm32f0xx_hal_rtc.o
LOAD Thirdparty/STM32F0xx_HAL_Driver/Src/stm32f0xx_hal_rtc_ex.o
LOAD Thirdparty/STM32F0xx_HAL_Driver/Src/stm32f0xx_hal_smartcard.o
LOAD Thirdparty/STM32F0xx_HAL_Driver/Src/stm32f0xx_hal_smartcard_ex.o
LOAD Thirdparty/STM32F0xx_HAL_Driver/Src/stm32f0xx_hal_smbus.o
LOAD Thirdparty/STM32F0xx_HAL_Driver/Src/stm32f0xx_hal_spi.o
LOAD Thirdparty/STM32F0xx_HAL_Driver/Src/stm32f0xx_hal_spi_ex.o
LOAD Thirdparty/STM32F0xx_HAL_Driver/Src/stm32f0xx_hal_tim.o
LOAD Thirdparty/STM32F0xx_HAL_Driver/Src/stm32f0xx_hal_tim_ex.o
LOAD Thirdparty/STM32F0xx_HAL_Driver/Src/stm32f0xx_hal_tsc.o
LOAD Thirdparty/STM32F0xx_HAL_Driver/Src/stm32f0xx_hal_uart.o
LOAD Thirdparty/STM32F0xx_HAL_Driver/Src/stm32f0xx_hal_uart_ex.o
LOAD Thirdparty/STM32F0xx_HAL_Driver/Src/stm32f0xx_hal_usart.o
LOAD Thirdparty/STM32F0xx_HAL_Driver/Src/stm32f0xx_hal_wwdg.o
LOAD Thirdparty/VL53L0X_1.0.2/Api/core/src/vl53l0x_api.o
LOAD Thirdparty/VL53L0X_1.0.2/Api/core/src/vl53l0x_api_calibration.o
LOAD Thirdparty/VL53L0X_1.0.2/Api/core/src/vl53l0x_api_core.o
LOAD Thirdparty/VL53L0X_1.0.2/Api/core/src/vl53l0x_api_ranging.o
LOAD Thirdparty/VL53L0X_1.0.2/Api/core/src/vl53l0x_api_strings.o
LOAD Thirdparty/VL53L0X_1.0.2/Api/platform/src/vl53l0x_platform.o
LOAD User/main.o
START GROUP
LOAD c:/st/stm32cubeide_1.2.0/stm32cubeide/plugins/com.st.stm32cube.ide.mcu.externaltools.gnu-tools-for-stm32.9-2020-q2-update.win32_1.5.0.202011040924/tools/bin/../lib/gcc/arm-none-eabi/9.3.1/../../../../arm-none-eabi/lib/thumb/v6-m/nofp\libc_nano.a
LOAD c:/st/stm32cubeide_1.2.0/stm32cubeide/plugins/com.st.stm32cube.ide.mcu.externaltools.gnu-tools-for-stm32.9-2020-q2-update.win32_1.5.0.202011040924/tools/bin/../lib/gcc/arm-none-eabi/9.3.1/../../../../arm-none-eabi/lib/thumb/v6-m/nofp\libm.a
END GROUP
START GROUP
LOAD c:/st/stm32cubeide_1.2.0/stm32cubeide/plugins/com.st.stm32cube.ide.mcu.externaltools.gnu-tools-for-stm32.9-2020-q2-update.win32_1.5.0.202011040924/tools/bin/../lib/gcc/arm-none-eabi/9.3.1/thumb/v6-m/nofp\libgcc.a
LOAD c:/st/stm32cubeide_1.2.0/stm32cubeide/plugins/com.st.stm32cube.ide.mcu.externaltools.gnu-tools-for-stm32.9-2020-q2-update.win32_1.5.0.202011040924/tools/bin/../lib/gcc/arm-none-eabi/9.3.1/../../../../arm-none-eabi/lib/thumb/v6-m/nofp\libc_nano.a
END GROUP
START GROUP
LOAD c:/st/stm32cubeide_1.2.0/stm32cubeide/plugins/com.st.stm32cube.ide.mcu.externaltools.gnu-tools-for-stm32.9-2020-q2-update.win32_1.5.0.202011040924/tools/bin/../lib/gcc/arm-none-eabi/9.3.1/thumb/v6-m/nofp\libgcc.a
LOAD c:/st/stm32cubeide_1.2.0/stm32cubeide/plugins/com.st.stm32cube.ide.mcu.externaltools.gnu-tools-for-stm32.9-2020-q2-update.win32_1.5.0.202011040924/tools/bin/../lib/gcc/arm-none-eabi/9.3.1/../../../../arm-none-eabi/lib/thumb/v6-m/nofp\libc_nano.a
LOAD c:/st/stm32cubeide_1.2.0/stm32cubeide/plugins/com.st.stm32cube.ide.mcu.externaltools.gnu-tools-for-stm32.9-2020-q2-update.win32_1.5.0.202011040924/tools/bin/../lib/gcc/arm-none-eabi/9.3.1/../../../../arm-none-eabi/lib/thumb/v6-m/nofp\libnosys.a
END GROUP
START GROUP
LOAD c:/st/stm32cubeide_1.2.0/stm32cubeide/plugins/com.st.stm32cube.ide.mcu.externaltools.gnu-tools-for-stm32.9-2020-q2-update.win32_1.5.0.202011040924/tools/bin/../lib/gcc/arm-none-eabi/9.3.1/thumb/v6-m/nofp\libgcc.a
LOAD c:/st/stm32cubeide_1.2.0/stm32cubeide/plugins/com.st.stm32cube.ide.mcu.externaltools.gnu-tools-for-stm32.9-2020-q2-update.win32_1.5.0.202011040924/tools/bin/../lib/gcc/arm-none-eabi/9.3.1/../../../../arm-none-eabi/lib/thumb/v6-m/nofp\libc_nano.a
LOAD c:/st/stm32cubeide_1.2.0/stm32cubeide/plugins/com.st.stm32cube.ide.mcu.externaltools.gnu-tools-for-stm32.9-2020-q2-update.win32_1.5.0.202011040924/tools/bin/../lib/gcc/arm-none-eabi/9.3.1/../../../../arm-none-eabi/lib/thumb/v6-m/nofp\libnosys.a
END GROUP
LOAD c:/st/stm32cubeide_1.2.0/stm32cubeide/plugins/com.st.stm32cube.ide.mcu.externaltools.gnu-tools-for-stm32.9-2020-q2-update.win32_1.5.0.202011040924/tools/bin/../lib/gcc/arm-none-eabi/9.3.1/thumb/v6-m/nofp/crtend.o
LOAD c:/st/stm32cubeide_1.2.0/stm32cubeide/plugins/com.st.stm32cube.ide.mcu.externaltools.gnu-tools-for-stm32.9-2020-q2-update.win32_1.5.0.202011040924/tools/bin/../lib/gcc/arm-none-eabi/9.3.1/thumb/v6-m/nofp/crtn.o
                0x0000000020008000                _estack = (ORIGIN (RAM) + LENGTH (RAM))
                0x0000000000000200                _Min_Heap_Size = 0x200
                0x0000000000000400                _Min_Stack_Size = 0x400

.isr_vector     0x0000000008000000       0xbc
                0x0000000008000000                . = ALIGN (0x4)
 *(.isr_vector)
 .isr_vector    0x0000000008000000       0xbc H08R6/startup_stm32f091xc.o
                0x0000000008000000                g_pfnVectors
                0x00000000080000bc                . = ALIGN (0x4)

.text           0x00000000080000bc    0x199a0
                0x00000000080000bc                . = ALIGN (0x4)
 *(.text)
 .text          0x00000000080000bc       0x48 c:/st/stm32cubeide_1.2.0/stm32cubeide/plugins/com.st.stm32cube.ide.mcu.externaltools.gnu-tools-for-stm32.9-2020-q2-update.win32_1.5.0.202011040924/tools/bin/../lib/gcc/arm-none-eabi/9.3.1/thumb/v6-m/nofp/crtbegin.o
 .text          0x0000000008000104       0x14 c:/st/stm32cubeide_1.2.0/stm32cubeide/plugins/com.st.stm32cube.ide.mcu.externaltools.gnu-tools-for-stm32.9-2020-q2-update.win32_1.5.0.202011040924/tools/bin/../lib/gcc/arm-none-eabi/9.3.1/../../../../arm-none-eabi/lib/thumb/v6-m/nofp\libc_nano.a(lib_a-strcmp.o)
                0x0000000008000104                strcmp
 .text          0x0000000008000118        0xe c:/st/stm32cubeide_1.2.0/stm32cubeide/plugins/com.st.stm32cube.ide.mcu.externaltools.gnu-tools-for-stm32.9-2020-q2-update.win32_1.5.0.202011040924/tools/bin/../lib/gcc/arm-none-eabi/9.3.1/../../../../arm-none-eabi/lib/thumb/v6-m/nofp\libc_nano.a(lib_a-strlen.o)
                0x0000000008000118                strlen
 *fill*         0x0000000008000126        0x2 
 .text          0x0000000008000128       0x14 c:/st/stm32cubeide_1.2.0/stm32cubeide/plugins/com.st.stm32cube.ide.mcu.externaltools.gnu-tools-for-stm32.9-2020-q2-update.win32_1.5.0.202011040924/tools/bin/../lib/gcc/arm-none-eabi/9.3.1/thumb/v6-m/nofp\libgcc.a(_thumb1_case_uqi.o)
                0x0000000008000128                __gnu_thumb1_case_uqi
 .text          0x000000000800013c       0x14 c:/st/stm32cubeide_1.2.0/stm32cubeide/plugins/com.st.stm32cube.ide.mcu.externaltools.gnu-tools-for-stm32.9-2020-q2-update.win32_1.5.0.202011040924/tools/bin/../lib/gcc/arm-none-eabi/9.3.1/thumb/v6-m/nofp\libgcc.a(_thumb1_case_shi.o)
                0x000000000800013c                __gnu_thumb1_case_shi
 .text          0x0000000008000150      0x114 c:/st/stm32cubeide_1.2.0/stm32cubeide/plugins/com.st.stm32cube.ide.mcu.externaltools.gnu-tools-for-stm32.9-2020-q2-update.win32_1.5.0.202011040924/tools/bin/../lib/gcc/arm-none-eabi/9.3.1/thumb/v6-m/nofp\libgcc.a(_udivsi3.o)
                0x0000000008000150                __aeabi_uidiv
                0x0000000008000150                __udivsi3
                0x000000000800025c                __aeabi_uidivmod
 .text          0x0000000008000264      0x1d4 c:/st/stm32cubeide_1.2.0/stm32cubeide/plugins/com.st.stm32cube.ide.mcu.externaltools.gnu-tools-for-stm32.9-2020-q2-update.win32_1.5.0.202011040924/tools/bin/../lib/gcc/arm-none-eabi/9.3.1/thumb/v6-m/nofp\libgcc.a(_divsi3.o)
                0x0000000008000264                __divsi3
                0x0000000008000264                __aeabi_idiv
                0x0000000008000430                __aeabi_idivmod
 .text          0x0000000008000438        0x4 c:/st/stm32cubeide_1.2.0/stm32cubeide/plugins/com.st.stm32cube.ide.mcu.externaltools.gnu-tools-for-stm32.9-2020-q2-update.win32_1.5.0.202011040924/tools/bin/../lib/gcc/arm-none-eabi/9.3.1/thumb/v6-m/nofp\libgcc.a(_dvmd_tls.o)
                0x0000000008000438                __aeabi_idiv0
                0x0000000008000438                __aeabi_ldiv0
 .text          0x000000000800043c       0x7c c:/st/stm32cubeide_1.2.0/stm32cubeide/plugins/com.st.stm32cube.ide.mcu.externaltools.gnu-tools-for-stm32.9-2020-q2-update.win32_1.5.0.202011040924/tools/bin/../lib/gcc/arm-none-eabi/9.3.1/thumb/v6-m/nofp\libgcc.a(_arm_cmpdf2.o)
                0x000000000800043c                __aeabi_cdrcmple
                0x000000000800044c                __aeabi_cdcmple
                0x000000000800044c                __aeabi_cdcmpeq
                0x000000000800045c                __aeabi_dcmpeq
                0x0000000008000468                __aeabi_dcmplt
                0x000000000800047c                __aeabi_dcmple
                0x0000000008000490                __aeabi_dcmpgt
                0x00000000080004a4                __aeabi_dcmpge
 .text          0x00000000080004b8       0x74 c:/st/stm32cubeide_1.2.0/stm32cubeide/plugins/com.st.stm32cube.ide.mcu.externaltools.gnu-tools-for-stm32.9-2020-q2-update.win32_1.5.0.202011040924/tools/bin/../lib/gcc/arm-none-eabi/9.3.1/thumb/v6-m/nofp\libgcc.a(_arm_cmpsf2.o)
                0x00000000080004b8                __aeabi_cfrcmple
                0x00000000080004c0                __aeabi_cfcmpeq
                0x00000000080004c0                __aeabi_cfcmple
                0x00000000080004d0                __aeabi_fcmpeq
                0x00000000080004dc                __aeabi_fcmplt
                0x00000000080004f0                __aeabi_fcmple
                0x0000000008000504                __aeabi_fcmpgt
                0x0000000008000518                __aeabi_fcmpge
 .text          0x000000000800052c       0x50 c:/st/stm32cubeide_1.2.0/stm32cubeide/plugins/com.st.stm32cube.ide.mcu.externaltools.gnu-tools-for-stm32.9-2020-q2-update.win32_1.5.0.202011040924/tools/bin/../lib/gcc/arm-none-eabi/9.3.1/thumb/v6-m/nofp\libgcc.a(_muldi3.o)
                0x000000000800052c                __muldi3
                0x000000000800052c                __aeabi_lmul
 .text          0x000000000800057c       0x3c c:/st/stm32cubeide_1.2.0/stm32cubeide/plugins/com.st.stm32cube.ide.mcu.externaltools.gnu-tools-for-stm32.9-2020-q2-update.win32_1.5.0.202011040924/tools/bin/../lib/gcc/arm-none-eabi/9.3.1/thumb/v6-m/nofp\libgcc.a(_fixunsdfsi.o)
                0x000000000800057c                __aeabi_d2uiz
                0x000000000800057c                __fixunsdfsi
 .text          0x00000000080005b8       0x3c c:/st/stm32cubeide_1.2.0/stm32cubeide/plugins/com.st.stm32cube.ide.mcu.externaltools.gnu-tools-for-stm32.9-2020-q2-update.win32_1.5.0.202011040924/tools/bin/../lib/gcc/arm-none-eabi/9.3.1/thumb/v6-m/nofp\libgcc.a(_fixdfdi.o)
                0x00000000080005b8                __fixdfdi
                0x00000000080005b8                __aeabi_d2lz
 .text          0x00000000080005f4       0x3c c:/st/stm32cubeide_1.2.0/stm32cubeide/plugins/com.st.stm32cube.ide.mcu.externaltools.gnu-tools-for-stm32.9-2020-q2-update.win32_1.5.0.202011040924/tools/bin/../lib/gcc/arm-none-eabi/9.3.1/thumb/v6-m/nofp\libgcc.a(_fixunsdfdi.o)
                0x00000000080005f4                __fixunsdfdi
                0x00000000080005f4                __aeabi_d2ulz
 .text          0x0000000008000630       0x2c c:/st/stm32cubeide_1.2.0/stm32cubeide/plugins/com.st.stm32cube.ide.mcu.externaltools.gnu-tools-for-stm32.9-2020-q2-update.win32_1.5.0.202011040924/tools/bin/../lib/gcc/arm-none-eabi/9.3.1/thumb/v6-m/nofp\libgcc.a(_floatdidf.o)
                0x0000000008000630                __aeabi_l2d
                0x0000000008000630                __floatdidf
 .text          0x000000000800065c      0x338 c:/st/stm32cubeide_1.2.0/stm32cubeide/plugins/com.st.stm32cube.ide.mcu.externaltools.gnu-tools-for-stm32.9-2020-q2-update.win32_1.5.0.202011040924/tools/bin/../lib/gcc/arm-none-eabi/9.3.1/thumb/v6-m/nofp\libgcc.a(addsf3.o)
                0x000000000800065c                __aeabi_fadd
 .text          0x0000000008000994      0x218 c:/st/stm32cubeide_1.2.0/stm32cubeide/plugins/com.st.stm32cube.ide.mcu.externaltools.gnu-tools-for-stm32.9-2020-q2-update.win32_1.5.0.202011040924/tools/bin/../lib/gcc/arm-none-eabi/9.3.1/thumb/v6-m/nofp\libgcc.a(divsf3.o)
                0x0000000008000994                __aeabi_fdiv
 .text          0x0000000008000bac       0x50 c:/st/stm32cubeide_1.2.0/stm32cubeide/plugins/com.st.stm32cube.ide.mcu.externaltools.gnu-tools-for-stm32.9-2020-q2-update.win32_1.5.0.202011040924/tools/bin/../lib/gcc/arm-none-eabi/9.3.1/thumb/v6-m/nofp\libgcc.a(eqsf2.o)
                0x0000000008000bac                __eqsf2
                0x0000000008000bac                __nesf2
 .text          0x0000000008000bfc       0x98 c:/st/stm32cubeide_1.2.0/stm32cubeide/plugins/com.st.stm32cube.ide.mcu.externaltools.gnu-tools-for-stm32.9-2020-q2-update.win32_1.5.0.202011040924/tools/bin/../lib/gcc/arm-none-eabi/9.3.1/thumb/v6-m/nofp\libgcc.a(gesf2.o)
                0x0000000008000bfc                __gesf2
                0x0000000008000bfc                __gtsf2
 .text          0x0000000008000c94       0x94 c:/st/stm32cubeide_1.2.0/stm32cubeide/plugins/com.st.stm32cube.ide.mcu.externaltools.gnu-tools-for-stm32.9-2020-q2-update.win32_1.5.0.202011040924/tools/bin/../lib/gcc/arm-none-eabi/9.3.1/thumb/v6-m/nofp\libgcc.a(lesf2.o)
                0x0000000008000c94                __ltsf2
                0x0000000008000c94                __lesf2
 .text          0x0000000008000d28       0x78 c:/st/stm32cubeide_1.2.0/stm32cubeide/plugins/com.st.stm32cube.ide.mcu.externaltools.gnu-tools-for-stm32.9-2020-q2-update.win32_1.5.0.202011040924/tools/bin/../lib/gcc/arm-none-eabi/9.3.1/thumb/v6-m/nofp\libgcc.a(floatunsisf.o)
                0x0000000008000d28                __aeabi_ui2f
 .text          0x0000000008000da0      0x6d4 c:/st/stm32cubeide_1.2.0/stm32cubeide/plugins/com.st.stm32cube.ide.mcu.externaltools.gnu-tools-for-stm32.9-2020-q2-update.win32_1.5.0.202011040924/tools/bin/../lib/gcc/arm-none-eabi/9.3.1/thumb/v6-m/nofp\libgcc.a(adddf3.o)
                0x0000000008000da0                __aeabi_dadd
 .text          0x0000000008001474      0x5d0 c:/st/stm32cubeide_1.2.0/stm32cubeide/plugins/com.st.stm32cube.ide.mcu.externaltools.gnu-tools-for-stm32.9-2020-q2-update.win32_1.5.0.202011040924/tools/bin/../lib/gcc/arm-none-eabi/9.3.1/thumb/v6-m/nofp\libgcc.a(divdf3.o)
                0x0000000008001474                __aeabi_ddiv
 .text          0x0000000008001a44       0x78 c:/st/stm32cubeide_1.2.0/stm32cubeide/plugins/com.st.stm32cube.ide.mcu.externaltools.gnu-tools-for-stm32.9-2020-q2-update.win32_1.5.0.202011040924/tools/bin/../lib/gcc/arm-none-eabi/9.3.1/thumb/v6-m/nofp\libgcc.a(eqdf2.o)
                0x0000000008001a44                __nedf2
                0x0000000008001a44                __eqdf2
 .text          0x0000000008001abc       0xe4 c:/st/stm32cubeide_1.2.0/stm32cubeide/plugins/com.st.stm32cube.ide.mcu.externaltools.gnu-tools-for-stm32.9-2020-q2-update.win32_1.5.0.202011040924/tools/bin/../lib/gcc/arm-none-eabi/9.3.1/thumb/v6-m/nofp\libgcc.a(gedf2.o)
                0x0000000008001abc                __gedf2
                0x0000000008001abc                __gtdf2
 .text          0x0000000008001ba0       0xe0 c:/st/stm32cubeide_1.2.0/stm32cubeide/plugins/com.st.stm32cube.ide.mcu.externaltools.gnu-tools-for-stm32.9-2020-q2-update.win32_1.5.0.202011040924/tools/bin/../lib/gcc/arm-none-eabi/9.3.1/thumb/v6-m/nofp\libgcc.a(ledf2.o)
                0x0000000008001ba0                __ledf2
                0x0000000008001ba0                __ltdf2
 .text          0x0000000008001c80      0x4d8 c:/st/stm32cubeide_1.2.0/stm32cubeide/plugins/com.st.stm32cube.ide.mcu.externaltools.gnu-tools-for-stm32.9-2020-q2-update.win32_1.5.0.202011040924/tools/bin/../lib/gcc/arm-none-eabi/9.3.1/thumb/v6-m/nofp\libgcc.a(muldf3.o)
                0x0000000008001c80                __aeabi_dmul
 .text          0x0000000008002158      0x724 c:/st/stm32cubeide_1.2.0/stm32cubeide/plugins/com.st.stm32cube.ide.mcu.externaltools.gnu-tools-for-stm32.9-2020-q2-update.win32_1.5.0.202011040924/tools/bin/../lib/gcc/arm-none-eabi/9.3.1/thumb/v6-m/nofp\libgcc.a(subdf3.o)
                0x0000000008002158                __aeabi_dsub
 .text          0x000000000800287c       0x6c c:/st/stm32cubeide_1.2.0/stm32cubeide/plugins/com.st.stm32cube.ide.mcu.externaltools.gnu-tools-for-stm32.9-2020-q2-update.win32_1.5.0.202011040924/tools/bin/../lib/gcc/arm-none-eabi/9.3.1/thumb/v6-m/nofp\libgcc.a(fixdfsi.o)
                0x000000000800287c                __aeabi_d2iz
 .text          0x00000000080028e8       0x60 c:/st/stm32cubeide_1.2.0/stm32cubeide/plugins/com.st.stm32cube.ide.mcu.externaltools.gnu-tools-for-stm32.9-2020-q2-update.win32_1.5.0.202011040924/tools/bin/../lib/gcc/arm-none-eabi/9.3.1/thumb/v6-m/nofp\libgcc.a(floatsidf.o)
                0x00000000080028e8                __aeabi_i2d
 .text          0x0000000008002948       0x4c c:/st/stm32cubeide_1.2.0/stm32cubeide/plugins/com.st.stm32cube.ide.mcu.externaltools.gnu-tools-for-stm32.9-2020-q2-update.win32_1.5.0.202011040924/tools/bin/../lib/gcc/arm-none-eabi/9.3.1/thumb/v6-m/nofp\libgcc.a(floatunsidf.o)
                0x0000000008002948                __aeabi_ui2d
 .text          0x0000000008002994       0x90 c:/st/stm32cubeide_1.2.0/stm32cubeide/plugins/com.st.stm32cube.ide.mcu.externaltools.gnu-tools-for-stm32.9-2020-q2-update.win32_1.5.0.202011040924/tools/bin/../lib/gcc/arm-none-eabi/9.3.1/thumb/v6-m/nofp\libgcc.a(extendsfdf2.o)
                0x0000000008002994                __aeabi_f2d
 .text          0x0000000008002a24      0x110 c:/st/stm32cubeide_1.2.0/stm32cubeide/plugins/com.st.stm32cube.ide.mcu.externaltools.gnu-tools-for-stm32.9-2020-q2-update.win32_1.5.0.202011040924/tools/bin/../lib/gcc/arm-none-eabi/9.3.1/thumb/v6-m/nofp\libgcc.a(truncdfsf2.o)
                0x0000000008002a24                __aeabi_d2f
 .text          0x0000000008002b34       0x3c c:/st/stm32cubeide_1.2.0/stm32cubeide/plugins/com.st.stm32cube.ide.mcu.externaltools.gnu-tools-for-stm32.9-2020-q2-update.win32_1.5.0.202011040924/tools/bin/../lib/gcc/arm-none-eabi/9.3.1/thumb/v6-m/nofp\libgcc.a(_clzsi2.o)
                0x0000000008002b34                __clzsi2
 *(.text*)
 .text.minArr   0x0000000008002b70       0x3c BOS/BOS.o
                0x0000000008002b70                minArr
 .text.QnotEmpty
                0x0000000008002bac       0x24 BOS/BOS.o
                0x0000000008002bac                QnotEmpty
 .text.LoadROsnippets
                0x0000000008002bd0      0x10c BOS/BOS.o
                0x0000000008002bd0                LoadROsnippets
 .text.LoadROtopology
                0x0000000008002cdc       0xa8 BOS/BOS.o
                0x0000000008002cdc                LoadROtopology
 .text.SaveEEportsDir
                0x0000000008002d84       0x44 BOS/BOS.o
                0x0000000008002d84                SaveEEportsDir
 .text.ClearEEportsDir
                0x0000000008002dc8       0x50 BOS/BOS.o
                0x0000000008002dc8                ClearEEportsDir
 .text.LoadEEportsDir
                0x0000000008002e18       0x44 BOS/BOS.o
                0x0000000008002e18                LoadEEportsDir
 .text.SaveEEalias
                0x0000000008002e5c       0x84 BOS/BOS.o
                0x0000000008002e5c                SaveEEalias
 .text.LoadEEalias
                0x0000000008002ee0       0x8c BOS/BOS.o
                0x0000000008002ee0                LoadEEalias
 .text.LoadEEgroup
                0x0000000008002f6c       0xac BOS/BOS.o
                0x0000000008002f6c                LoadEEgroup
 .text.LoadEEstreams
                0x0000000008003018      0x14c BOS/BOS.o
                0x0000000008003018                LoadEEstreams
 .text.SaveEEstreams
                0x0000000008003164       0x8e BOS/BOS.o
                0x0000000008003164                SaveEEstreams
 *fill*         0x00000000080031f2        0x2 
 .text.LoadEEparams
                0x00000000080031f4      0x144 BOS/BOS.o
                0x00000000080031f4                LoadEEparams
 .text.SaveEEparams
                0x0000000008003338       0x70 BOS/BOS.o
                0x0000000008003338                SaveEEparams
 .text.LoadEEbuttons
                0x00000000080033a8       0xf0 BOS/BOS.o
                0x00000000080033a8                LoadEEbuttons
 .text.LoadEEvars
                0x0000000008003498       0x24 BOS/BOS.o
                0x0000000008003498                LoadEEvars
 .text.IsLowerCLIbaud
                0x00000000080034bc       0x9e BOS/BOS.o
                0x00000000080034bc                IsLowerCLIbaud
 *fill*         0x000000000800355a        0x2 
 .text.EE_FormatForFactoryReset
                0x000000000800355c       0x28 BOS/BOS.o
                0x000000000800355c                EE_FormatForFactoryReset
 .text.SetupPortForRemoteBootloaderUpdate
                0x0000000008003584       0x2a BOS/BOS.o
                0x0000000008003584                SetupPortForRemoteBootloaderUpdate
 *fill*         0x00000000080035ae        0x2 
 .text.IsModuleParameter
                0x00000000080035b0       0x18 BOS/BOS.o
                0x00000000080035b0                IsModuleParameter
 .text.IsMathOperator
                0x00000000080035c8       0x8c BOS/BOS.o
                0x00000000080035c8                IsMathOperator
 .text.ExploreNeighbors
                0x0000000008003654       0x4c BOS/BOS.o
                0x0000000008003654                ExploreNeighbors
 .text.FindBroadcastRoutes
                0x00000000080036a0      0x134 BOS/BOS.o
                0x00000000080036a0                FindBroadcastRoutes
 .text.FindRoute
                0x00000000080037d4      0x19c BOS/BOS.o
                0x00000000080037d4                FindRoute
 .text.remoteBootloaderUpdate
                0x0000000008003970      0x104 BOS/BOS.o
                0x0000000008003970                remoteBootloaderUpdate
 .text.DisplayTopology
                0x0000000008003a74      0x1b8 BOS/BOS.o
                0x0000000008003a74                DisplayTopology
 .text.DisplayPortsDir
                0x0000000008003c2c       0xec BOS/BOS.o
                0x0000000008003c2c                DisplayPortsDir
 .text.DisplayModuleStatus
                0x0000000008003d18      0x2d4 BOS/BOS.o
                0x0000000008003d18                DisplayModuleStatus
 .text.GetID    0x0000000008003fec       0xc8 BOS/BOS.o
                0x0000000008003fec                GetID
 .text.NameModule
                0x00000000080040b4       0xc8 BOS/BOS.o
                0x00000000080040b4                NameModule
 .text.AddModuleToGroup
                0x000000000800417c      0x104 BOS/BOS.o
                0x000000000800417c                AddModuleToGroup
 .text.ReadPortsDir
                0x0000000008004280       0xa4 BOS/BOS.o
                0x0000000008004280                ReadPortsDir
 .text.UpdateMyPortsDir
                0x0000000008004324       0x4c BOS/BOS.o
                0x0000000008004324                UpdateMyPortsDir
 .text.BOS_Init
                0x0000000008004370      0x144 BOS/BOS.o
                0x0000000008004370                BOS_Init
 .text.GetDateString
                0x00000000080044b4       0x44 BOS/BOS.o
                0x00000000080044b4                GetDateString
 .text.Bridge   0x00000000080044f8       0x28 BOS/BOS.o
                0x00000000080044f8                Bridge
 .text.Unbridge
                0x0000000008004520       0x7c BOS/BOS.o
                0x0000000008004520                Unbridge
 .text.StringToLowerCase
                0x000000000800459c       0x30 BOS/BOS_CLI.o
                0x000000000800459c                StringToLowerCase
 .text.ParseSnippetCondition
                0x00000000080045cc      0x468 BOS/BOS_CLI.o
                0x00000000080045cc                ParseSnippetCondition
 .text.AddSnippet
                0x0000000008004a34       0xf4 BOS/BOS_CLI.o
                0x0000000008004a34                AddSnippet
 .text.CLI_CommandParser
                0x0000000008004b28      0x438 BOS/BOS_CLI.o
                0x0000000008004b28                CLI_CommandParser
 .text.prvCLITask
                0x0000000008004f60      0x1c4 BOS/BOS_CLI.o
                0x0000000008004f60                prvCLITask
 .text.ParseSnippetCommand
                0x0000000008005124       0x84 BOS/BOS_CLI.o
                0x0000000008005124                ParseSnippetCommand
 .text.CheckSnippetCondition
                0x00000000080051a8      0x118 BOS/BOS_CLI.o
                0x00000000080051a8                CheckSnippetCondition
 .text.ExecuteSnippet
                0x00000000080052c0       0xa4 BOS/BOS_CLI.o
                0x00000000080052c0                ExecuteSnippet
 .text.exploreCommand
                0x0000000008005364        0x4 BOS/BOS_CLIcommands.o
 .text.setBaudrateCommand
                0x0000000008005368       0x80 BOS/BOS_CLIcommands.o
 .text.flashsizeCommand
                0x00000000080053e8       0x20 BOS/BOS_CLIcommands.o
 .text.testportCommand
                0x0000000008005408      0x1c8 BOS/BOS_CLIcommands.o
 .text.unbridgeCommand
                0x00000000080055d0       0xb0 BOS/BOS_CLIcommands.o
 .text.bridgeCommand
                0x0000000008005680       0xb0 BOS/BOS_CLIcommands.o
 .text.delSnipCommand
                0x0000000008005730      0x104 BOS/BOS_CLIcommands.o
 .text.pauseSnipCommand
                0x0000000008005834       0x74 BOS/BOS_CLIcommands.o
 .text.actSnipCommand
                0x00000000080058a8       0x74 BOS/BOS_CLIcommands.o
 .text.snipCommand
                0x000000000800591c      0x258 BOS/BOS_CLIcommands.o
 .text.idcodeCommand
                0x0000000008005b74       0xa8 BOS/BOS_CLIcommands.o
 .text.uuidCommand
                0x0000000008005c1c       0x6c BOS/BOS_CLIcommands.o
 .text.timeCommand
                0x0000000008005c88       0x94 BOS/BOS_CLIcommands.o
 .text.dateCommand
                0x0000000008005d1c       0x24 BOS/BOS_CLIcommands.o
 .text.getCommand
                0x0000000008005d40      0x254 BOS/BOS_CLIcommands.o
 .text.defaultCommand
                0x0000000008005f94       0xbc BOS/BOS_CLIcommands.o
 .text.setCommand
                0x0000000008006050      0x818 BOS/BOS_CLIcommands.o
 .text.removebuttonCommand
                0x0000000008006868       0x54 BOS/BOS_CLIcommands.o
 .text.addbuttonCommand
                0x00000000080068bc       0xd0 BOS/BOS_CLIcommands.o
 .text.scastCommand
                0x000000000800698c      0x190 BOS/BOS_CLIcommands.o
 .text.infoCommand
                0x0000000008006b1c       0xc0 BOS/BOS_CLIcommands.o
 .text.statusCommand
                0x0000000008006bdc       0x14 BOS/BOS_CLIcommands.o
 .text.groupCommand
                0x0000000008006bf0      0x1c0 BOS/BOS_CLIcommands.o
 .text.nameCommand
                0x0000000008006db0       0x9c BOS/BOS_CLIcommands.o
 .text.bootloaderUpdateCommand
                0x0000000008006e4c      0x194 BOS/BOS_CLIcommands.o
 .text.pingCommand
                0x0000000008006fe0       0x6c BOS/BOS_CLIcommands.o
 .text.prvRunTimeStatsCommand
                0x000000000800704c       0x24 BOS/BOS_CLIcommands.o
 .text.prvTaskStatsCommand
                0x0000000008007070       0x24 BOS/BOS_CLIcommands.o
 .text.resetCommand
                0x0000000008007094       0x24 BOS/BOS_CLIcommands.o
 .text.RegisterUserCLICommands
                0x00000000080070b8        0x2 BOS/BOS_CLIcommands.o
                0x00000000080070b8                RegisterUserCLICommands
 *fill*         0x00000000080070ba        0x2 
 .text.vRegisterCLICommands
                0x00000000080070bc      0x138 BOS/BOS_CLIcommands.o
                0x00000000080070bc                vRegisterCLICommands
 .text.StopMsgDMA
                0x00000000080071f4       0x24 BOS/BOS_dma.o
                0x00000000080071f4                StopMsgDMA
 .text.StopStreamDMA
                0x0000000008007218       0x34 BOS/BOS_dma.o
                0x0000000008007218                StopStreamDMA
 .text.SwitchMsgDMAToStream
                0x000000000800724c       0x28 BOS/BOS_dma.o
                0x000000000800724c                SwitchMsgDMAToStream
 .text.SwitchStreamDMAToMsg
                0x0000000008007274       0x6c BOS/BOS_dma.o
                0x0000000008007274                SwitchStreamDMAToMsg
 .text.StartDMAstream
                0x00000000080072e0       0x50 BOS/BOS_dma.o
                0x00000000080072e0                StartDMAstream
 .text.DMA_IRQHandler
                0x0000000008007330       0x64 BOS/BOS_dma.o
                0x0000000008007330                DMA_IRQHandler
 .text.ResetUartORE
                0x0000000008007394       0x38 BOS/BOS_dma.o
                0x0000000008007394                ResetUartORE
 .text.EE_VerifyPageFullWriteVariable
                0x00000000080073cc       0xd4 BOS/BOS_eeprom.o
 .text.EE_ReadVariable
                0x00000000080074a0       0x58 BOS/BOS_eeprom.o
                0x00000000080074a0                EE_ReadVariable
 .text.EE_WriteVariable
                0x00000000080074f8      0x160 BOS/BOS_eeprom.o
                0x00000000080074f8                EE_WriteVariable
 .text.EE_Format
                0x0000000008007658       0xc8 BOS/BOS_eeprom.o
                0x0000000008007658                EE_Format
 .text.EE_Init  0x0000000008007720      0x39c BOS/BOS_eeprom.o
                0x0000000008007720                EE_Init
 .text.StartDefaultTask
                0x0000000008007abc       0xbc BOS/BOS_freertos.o
                0x0000000008007abc                StartDefaultTask
 .text.MX_FREERTOS_Init
                0x0000000008007b78      0x1c0 BOS/BOS_freertos.o
                0x0000000008007b78                MX_FREERTOS_Init
 .text.vMainConfigureTimerForRunTimeStats
                0x0000000008007d38       0x20 BOS/BOS_freertos.o
                0x0000000008007d38                vMainConfigureTimerForRunTimeStats
 .text.ulMainGetRunTimeCounterValue
                0x0000000008007d58       0x50 BOS/BOS_freertos.o
                0x0000000008007d58                ulMainGetRunTimeCounterValue
 .text.buttonPressedCallback
                0x0000000008007da8        0x2 BOS/BOS_inputs.o
                0x0000000008007da8                buttonPressedCallback
 .text.buttonReleasedCallback
                0x0000000008007daa        0x2 BOS/BOS_inputs.o
                0x0000000008007daa                buttonReleasedCallback
 .text.buttonClickedCallback
                0x0000000008007dac        0x2 BOS/BOS_inputs.o
                0x0000000008007dac                buttonClickedCallback
 .text.buttonDblClickedCallback
                0x0000000008007dae        0x2 BOS/BOS_inputs.o
                0x0000000008007dae                buttonDblClickedCallback
 .text.buttonPressedForXCallback
                0x0000000008007db0        0x2 BOS/BOS_inputs.o
                0x0000000008007db0                buttonPressedForXCallback
 .text.buttonReleasedForYCallback
                0x0000000008007db2        0x2 BOS/BOS_inputs.o
                0x0000000008007db2                buttonReleasedForYCallback
 .text.CheckForTimedButtonPress
                0x0000000008007db4       0x7c BOS/BOS_inputs.o
                0x0000000008007db4                CheckForTimedButtonPress
 .text.CheckForTimedButtonRelease
                0x0000000008007e30       0x7c BOS/BOS_inputs.o
                0x0000000008007e30                CheckForTimedButtonRelease
 .text.CheckAttachedButtons
                0x0000000008007eac      0x420 BOS/BOS_inputs.o
                0x0000000008007eac                CheckAttachedButtons
 .text.AddPortButton
                0x00000000080082cc      0x124 BOS/BOS_inputs.o
                0x00000000080082cc                AddPortButton
 .text.RemovePortButton
                0x00000000080083f0      0x10c BOS/BOS_inputs.o
                0x00000000080083f0                RemovePortButton
 .text.SetButtonEvents
                0x00000000080084fc      0x370 BOS/BOS_inputs.o
                0x00000000080084fc                SetButtonEvents
 .text.StreamTimerCallback
                0x000000000800886c       0x16 BOS/BOS_messaging.o
                0x000000000800886c                StreamTimerCallback
 *fill*         0x0000000008008882        0x2 
 .text.SetupDMAStreams
                0x0000000008008884      0x1b0 BOS/BOS_messaging.o
                0x0000000008008884                SetupDMAStreams
 .text.NotifyMessagingTask
                0x0000000008008a34       0x78 BOS/BOS_messaging.o
                0x0000000008008a34                NotifyMessagingTask
 .text.SendMessageFromPort
                0x0000000008008aac      0x384 BOS/BOS_messaging.o
                0x0000000008008aac                SendMessageFromPort
 .text.ForwardReceivedMessage
                0x0000000008008e30       0x40 BOS/BOS_messaging.o
                0x0000000008008e30                ForwardReceivedMessage
 .text.BroadcastReceivedMessage
                0x0000000008008e70       0x40 BOS/BOS_messaging.o
                0x0000000008008e70                BroadcastReceivedMessage
 .text.BroadcastMessage
                0x0000000008008eb0       0x50 BOS/BOS_messaging.o
                0x0000000008008eb0                BroadcastMessage
 .text.SendMessageToModule
                0x0000000008008f00       0x4c BOS/BOS_messaging.o
                0x0000000008008f00                SendMessageToModule
 .text.StartScastDMAStream
                0x0000000008008f4c      0x1a8 BOS/BOS_messaging.o
                0x0000000008008f4c                StartScastDMAStream
 .text.BackEndTask
                0x00000000080090f4      0x3c8 BOS/BOS_msgparser.o
                0x00000000080090f4                BackEndTask
 .text.User_MessagingParser
                0x00000000080094bc        0x4 BOS/BOS_msgparser.o
                0x00000000080094bc                User_MessagingParser
 .text.PxMessagingTask
                0x00000000080094c0     0x1664 BOS/BOS_msgparser.o
                0x00000000080094c0                PxMessagingTask
 .text.rangeModParamCommand
                0x000000000800ab24       0x2c H08R6/H08R6.o
 .text.CheckForEnterKey
                0x000000000800ab50       0x5c H08R6/H08R6.o
 .text.SendMeasurementResult
                0x000000000800abac      0x314 H08R6/H08R6.o
 .text.Vl53l0xUnitsCommand
                0x000000000800aec0       0xac H08R6/H08R6.o
 .text.GetMeasurementResult
                0x000000000800af6c       0x2c H08R6/H08R6.o
 .text.ToFTask  0x000000000800af98       0xdc H08R6/H08R6.o
                0x000000000800af98                ToFTask
 .text.SetMeasurementMode
                0x000000000800b074       0xbc H08R6/H08R6.o
 .text.HandleTimeout
                0x000000000800b130       0x28 H08R6/H08R6.o
 .text.SystemClock_Config
                0x000000000800b158       0xb0 H08R6/H08R6.o
                0x000000000800b158                SystemClock_Config
 .text.Module_Init
                0x000000000800b208      0x148 H08R6/H08R6.o
                0x000000000800b208                Module_Init
 .text.SaveToRO
                0x000000000800b350      0x23c H08R6/H08R6.o
                0x000000000800b350                SaveToRO
 .text.ClearROtopology
                0x000000000800b58c       0x30 H08R6/H08R6.o
                0x000000000800b58c                ClearROtopology
 .text.RegisterModuleCLICommands
                0x000000000800b5bc       0x4c H08R6/H08R6.o
                0x000000000800b5bc                RegisterModuleCLICommands
 .text.GetPort  0x000000000800b608       0x60 H08R6/H08R6.o
                0x000000000800b608                GetPort
 .text.Sample_ToF
                0x000000000800b668       0x78 H08R6/H08R6.o
                0x000000000800b668                Sample_ToF
 .text.Vl53l0xSampleCommand
                0x000000000800b6e0       0x3c H08R6/H08R6.o
 .text.Vl53l0xMaxCommand
                0x000000000800b71c       0xcc H08R6/H08R6.o
 .text.Stream_ToF_Port
                0x000000000800b7e8       0x88 H08R6/H08R6.o
                0x000000000800b7e8                Stream_ToF_Port
 .text.demoCommand
                0x000000000800b870       0x7c H08R6/H08R6.o
 .text.Stream_ToF_Memory
                0x000000000800b8ec       0x64 H08R6/H08R6.o
                0x000000000800b8ec                Stream_ToF_Memory
 .text.Vl53l0xStreamCommand
                0x000000000800b950      0x1cc H08R6/H08R6.o
 .text.Stop_ToF
                0x000000000800bb1c       0x84 H08R6/H08R6.o
                0x000000000800bb1c                Stop_ToF
 .text.Vl53l0xStopCommand
                0x000000000800bba0       0x34 H08R6/H08R6.o
 .text.SetRangeUnit
                0x000000000800bbd4       0x14 H08R6/H08R6.o
                0x000000000800bbd4                SetRangeUnit
 .text.Module_MessagingTask
                0x000000000800bbe8      0x120 H08R6/H08R6.o
                0x000000000800bbe8                Module_MessagingTask
 .text.DMA_MSG_RX_CH_Init
                0x000000000800bd08       0x22 H08R6/H08R6_dma.o
                0x000000000800bd08                DMA_MSG_RX_CH_Init
 .text.DMA_MSG_TX_CH_Init
                0x000000000800bd2a       0x22 H08R6/H08R6_dma.o
                0x000000000800bd2a                DMA_MSG_TX_CH_Init
 .text.DMA_Init
                0x000000000800bd4c       0xa8 H08R6/H08R6_dma.o
                0x000000000800bd4c                DMA_Init
 .text.DMA_STREAM_CH_Init
                0x000000000800bdf4       0x20 H08R6/H08R6_dma.o
                0x000000000800bdf4                DMA_STREAM_CH_Init
 .text.SetupDMAInterrupts
                0x000000000800be14       0xbc H08R6/H08R6_dma.o
                0x000000000800be14                SetupDMAInterrupts
 .text.UnSetupDMAInterrupts
                0x000000000800bed0       0xa4 H08R6/H08R6_dma.o
                0x000000000800bed0                UnSetupDMAInterrupts
 .text.DMA_MSG_TX_UnSetup
                0x000000000800bf74       0x14 H08R6/H08R6_dma.o
                0x000000000800bf74                DMA_MSG_TX_UnSetup
 .text.RemapAndLinkDMAtoUARTRx
                0x000000000800bf88      0x660 H08R6/H08R6_dma.o
                0x000000000800bf88                RemapAndLinkDMAtoUARTRx
 .text.DMA_MSG_RX_Setup
                0x000000000800c5e8       0x30 H08R6/H08R6_dma.o
                0x000000000800c5e8                DMA_MSG_RX_Setup
 .text.SetupMessagingRxDMAs
                0x000000000800c618       0x8c H08R6/H08R6_dma.o
                0x000000000800c618                SetupMessagingRxDMAs
 .text.DMA_STREAM_Setup
                0x000000000800c6a4       0x40 H08R6/H08R6_dma.o
                0x000000000800c6a4                DMA_STREAM_Setup
 .text.RemapAndLinkDMAtoUARTTx
                0x000000000800c6e4      0x660 H08R6/H08R6_dma.o
                0x000000000800c6e4                RemapAndLinkDMAtoUARTTx
 .text.DMA_MSG_TX_Setup
                0x000000000800cd44       0x44 H08R6/H08R6_dma.o
                0x000000000800cd44                DMA_MSG_TX_Setup
 .text.CRC_Init
                0x000000000800cd88       0x28 H08R6/H08R6_dma.o
                0x000000000800cd88                CRC_Init
 .text.HAL_CRC_MspInit
                0x000000000800cdb0       0x1c H08R6/H08R6_dma.o
                0x000000000800cdb0                HAL_CRC_MspInit
 .text.CalculateCRC8
                0x000000000800cdcc       0x40 H08R6/H08R6_dma.o
                0x000000000800cdcc                CalculateCRC8
 .text.IND_LED_Init
                0x000000000800ce0c       0x24 H08R6/H08R6_gpio.o
                0x000000000800ce0c                IND_LED_Init
 .text.IND_ToF_Init
                0x000000000800ce30       0xa4 H08R6/H08R6_gpio.o
                0x000000000800ce30                IND_ToF_Init
 .text.GPIO_Init
                0x000000000800ced4       0x70 H08R6/H08R6_gpio.o
                0x000000000800ced4                GPIO_Init
 .text.GetPortGPIOs
                0x000000000800cf44       0xb8 H08R6/H08R6_gpio.o
                0x000000000800cf44                GetPortGPIOs
 .text.IsFactoryReset
                0x000000000800cffc       0xf4 H08R6/H08R6_gpio.o
                0x000000000800cffc                IsFactoryReset
 .text.MX_I2C2_Init
                0x000000000800d0f0       0x44 H08R6/H08R6_i2c.o
                0x000000000800d0f0                MX_I2C2_Init
 .text.MX_I2C_Init
                0x000000000800d134       0x6c H08R6/H08R6_i2c.o
                0x000000000800d134                MX_I2C_Init
 .text.VL53L0X_write_multi
                0x000000000800d1a0       0x50 H08R6/H08R6_i2c.o
                0x000000000800d1a0                VL53L0X_write_multi
 .text.VL53L0X_read_multi
                0x000000000800d1f0       0x4c H08R6/H08R6_i2c.o
                0x000000000800d1f0                VL53L0X_read_multi
 .text.VL53L0X_write_byte
                0x000000000800d23c       0x28 H08R6/H08R6_i2c.o
                0x000000000800d23c                VL53L0X_write_byte
 .text.VL53L0X_write_word
                0x000000000800d264       0x2c H08R6/H08R6_i2c.o
                0x000000000800d264                VL53L0X_write_word
 .text.VL53L0X_write_dword
                0x000000000800d290       0x34 H08R6/H08R6_i2c.o
                0x000000000800d290                VL53L0X_write_dword
 .text.VL53L0X_read_byte
                0x000000000800d2c4       0x48 H08R6/H08R6_i2c.o
                0x000000000800d2c4                VL53L0X_read_byte
 .text.VL53L0X_read_word
                0x000000000800d30c       0x58 H08R6/H08R6_i2c.o
                0x000000000800d30c                VL53L0X_read_word
 .text.VL53L0X_read_dword
                0x000000000800d364       0x6c H08R6/H08R6_i2c.o
                0x000000000800d364                VL53L0X_read_dword
 .text.SysTick_Handler
                0x000000000800d3d0        0xc H08R6/H08R6_it.o
                0x000000000800d3d0                SysTick_Handler
 .text.HardFault_Handler
                0x000000000800d3dc        0x2 H08R6/H08R6_it.o
                0x000000000800d3dc                HardFault_Handler
 *fill*         0x000000000800d3de        0x2 
 .text.USART1_IRQHandler
                0x000000000800d3e0       0x10 H08R6/H08R6_it.o
                0x000000000800d3e0                USART1_IRQHandler
 .text.USART2_IRQHandler
                0x000000000800d3f0       0x10 H08R6/H08R6_it.o
                0x000000000800d3f0                USART2_IRQHandler
 .text.USART3_8_IRQHandler
                0x000000000800d400       0x24 H08R6/H08R6_it.o
                0x000000000800d400                USART3_8_IRQHandler
 .text.DMA1_Ch1_IRQHandler
                0x000000000800d424        0xa H08R6/H08R6_it.o
                0x000000000800d424                DMA1_Ch1_IRQHandler
 *fill*         0x000000000800d42e        0x2 
 .text.DMA1_Ch2_3_DMA2_Ch1_2_IRQHandler
                0x000000000800d430       0x40 H08R6/H08R6_it.o
                0x000000000800d430                DMA1_Ch2_3_DMA2_Ch1_2_IRQHandler
 .text.DMA1_Ch4_7_DMA2_Ch3_5_IRQHandler
                0x000000000800d470       0x64 H08R6/H08R6_it.o
                0x000000000800d470                DMA1_Ch4_7_DMA2_Ch3_5_IRQHandler
 .text.HAL_UART_TxCpltCallback
                0x000000000800d4d4       0x30 H08R6/H08R6_it.o
                0x000000000800d4d4                HAL_UART_TxCpltCallback
 .text.HAL_UART_ErrorCallback
                0x000000000800d504       0x4c H08R6/H08R6_it.o
                0x000000000800d504                HAL_UART_ErrorCallback
 .text.HAL_UART_RxCpltCallback
                0x000000000800d550       0x68 H08R6/H08R6_it.o
                0x000000000800d550                HAL_UART_RxCpltCallback
 .text.EXTI2_3_IRQHandler
                0x000000000800d5b8       0x14 H08R6/H08R6_it.o
                0x000000000800d5b8                EXTI2_3_IRQHandler
 .text.I2C2_IRQHandler
                0x000000000800d5cc       0x24 H08R6/H08R6_it.o
                0x000000000800d5cc                I2C2_IRQHandler
 .text.HAL_I2C_MasterRxCpltCallback
                0x000000000800d5f0        0x2 H08R6/H08R6_it.o
                0x000000000800d5f0                HAL_I2C_MasterRxCpltCallback
 .text.vApplicationStackOverflowHook
                0x000000000800d5f2        0x4 H08R6/H08R6_it.o
                0x000000000800d5f2                vApplicationStackOverflowHook
 .text.vApplicationMallocFailedHook
                0x000000000800d5f6        0x4 H08R6/H08R6_it.o
                0x000000000800d5f6                vApplicationMallocFailedHook
 *fill*         0x000000000800d5fa        0x2 
 .text.RTC_CalendarConfig
                0x000000000800d5fc       0xf8 H08R6/H08R6_rtc.o
                0x000000000800d5fc                RTC_CalendarConfig
 .text.RTC_Init
                0x000000000800d6f4       0x8c H08R6/H08R6_rtc.o
                0x000000000800d6f4                RTC_Init
 .text.BOS_CalendarConfig
                0x000000000800d780       0xb4 H08R6/H08R6_rtc.o
                0x000000000800d780                BOS_CalendarConfig
 .text.GetTimeDate
                0x000000000800d834       0x68 H08R6/H08R6_rtc.o
                0x000000000800d834                GetTimeDate
 .text.TIM_USEC_Init
                0x000000000800d89c       0x64 H08R6/H08R6_timers.o
                0x000000000800d89c                TIM_USEC_Init
 .text.TIM_MSEC_Init
                0x000000000800d900       0x60 H08R6/H08R6_timers.o
                0x000000000800d900                TIM_MSEC_Init
 .text.StartMicroDelay
                0x000000000800d960       0x24 H08R6/H08R6_timers.o
                0x000000000800d960                StartMicroDelay
 .text.StartMilliDelay
                0x000000000800d984       0x24 H08R6/H08R6_timers.o
                0x000000000800d984                StartMilliDelay
 .text.MX_USART1_UART_Init
                0x000000000800d9a8       0x30 H08R6/H08R6_uart.o
                0x000000000800d9a8                MX_USART1_UART_Init
 .text.MX_USART2_UART_Init
                0x000000000800d9d8       0x30 H08R6/H08R6_uart.o
                0x000000000800d9d8                MX_USART2_UART_Init
 .text.MX_USART3_UART_Init
                0x000000000800da08       0x30 H08R6/H08R6_uart.o
                0x000000000800da08                MX_USART3_UART_Init
 .text.MX_USART5_UART_Init
                0x000000000800da38       0x30 H08R6/H08R6_uart.o
                0x000000000800da38                MX_USART5_UART_Init
 .text.MX_USART6_UART_Init
                0x000000000800da68       0x30 H08R6/H08R6_uart.o
                0x000000000800da68                MX_USART6_UART_Init
 .text.HAL_UART_MspInit
                0x000000000800da98      0x22c H08R6/H08R6_uart.o
                0x000000000800da98                HAL_UART_MspInit
 .text.GetUart  0x000000000800dcc4       0x3c H08R6/H08R6_uart.o
                0x000000000800dcc4                GetUart
 .text.writePxMutex
                0x000000000800dd00       0x58 H08R6/H08R6_uart.o
                0x000000000800dd00                writePxMutex
 .text.writePxITMutex
                0x000000000800dd58       0x40 H08R6/H08R6_uart.o
                0x000000000800dd58                writePxITMutex
 .text.writePxDMAMutex
                0x000000000800dd98       0x48 H08R6/H08R6_uart.o
                0x000000000800dd98                writePxDMAMutex
 .text.UpdateBaudrate
                0x000000000800dde0       0x12 H08R6/H08R6_uart.o
                0x000000000800dde0                UpdateBaudrate
 *fill*         0x000000000800ddf2        0x2 
 .text.SwapUartPins
                0x000000000800ddf4       0x70 H08R6/H08R6_uart.o
                0x000000000800ddf4                SwapUartPins
 .text.Reset_Handler
                0x000000000800de64       0x8c H08R6/startup_stm32f091xc.o
                0x000000000800de64                Reset_Handler
 .text.Default_Handler
                0x000000000800def0        0x2 H08R6/startup_stm32f091xc.o
                0x000000000800def0                TIM1_CC_IRQHandler
                0x000000000800def0                TSC_IRQHandler
                0x000000000800def0                ADC1_COMP_IRQHandler
                0x000000000800def0                NMI_Handler
                0x000000000800def0                I2C1_IRQHandler
                0x000000000800def0                RCC_CRS_IRQHandler
                0x000000000800def0                SPI1_IRQHandler
                0x000000000800def0                TIM6_DAC_IRQHandler
                0x000000000800def0                TIM17_IRQHandler
                0x000000000800def0                CEC_CAN_IRQHandler
                0x000000000800def0                RTC_IRQHandler
                0x000000000800def0                PVD_VDDIO2_IRQHandler
                0x000000000800def0                TIM16_IRQHandler
                0x000000000800def0                TIM3_IRQHandler
                0x000000000800def0                EXTI4_15_IRQHandler
                0x000000000800def0                Default_Handler
                0x000000000800def0                TIM14_IRQHandler
                0x000000000800def0                TIM7_IRQHandler
                0x000000000800def0                TIM15_IRQHandler
                0x000000000800def0                EXTI0_1_IRQHandler
                0x000000000800def0                SPI2_IRQHandler
                0x000000000800def0                WWDG_IRQHandler
                0x000000000800def0                TIM2_IRQHandler
                0x000000000800def0                FLASH_IRQHandler
                0x000000000800def0                TIM1_BRK_UP_TRG_COM_IRQHandler
 *fill*         0x000000000800def2        0x2 
 .text.SystemInit
                0x000000000800def4       0x60 Thirdparty/CMSIS/Device/ST/STM32F0xx/Source/Templates/system_stm32f0xx.o
                0x000000000800def4                SystemInit
 .text.osKernelStart
                0x000000000800df54        0xa Thirdparty/Middleware/FreeRTOS/Source/CMSIS_RTOS/cmsis_os.o
                0x000000000800df54                osKernelStart
 .text.osDelay  0x000000000800df5e       0x10 Thirdparty/Middleware/FreeRTOS/Source/CMSIS_RTOS/cmsis_os.o
                0x000000000800df5e                osDelay
 .text.osSemaphoreCreate
                0x000000000800df6e       0x2c Thirdparty/Middleware/FreeRTOS/Source/CMSIS_RTOS/cmsis_os.o
                0x000000000800df6e                osSemaphoreCreate
 *fill*         0x000000000800df9a        0x2 
 .text.osSemaphoreWait
                0x000000000800df9c       0x5c Thirdparty/Middleware/FreeRTOS/Source/CMSIS_RTOS/cmsis_os.o
                0x000000000800df9c                osSemaphoreWait
 .text.osSemaphoreRelease
                0x000000000800dff8       0x4c Thirdparty/Middleware/FreeRTOS/Source/CMSIS_RTOS/cmsis_os.o
                0x000000000800dff8                osSemaphoreRelease
 .text.osSystickHandler
                0x000000000800e044       0x12 Thirdparty/Middleware/FreeRTOS/Source/CMSIS_RTOS/cmsis_os.o
                0x000000000800e044                osSystickHandler
 *fill*         0x000000000800e056        0x2 
 .text.FreeRTOS_CLIRegisterCommand
                0x000000000800e058       0x38 Thirdparty/Middleware/FreeRTOS/Source/FreeRTOS_CLI.o
                0x000000000800e058                FreeRTOS_CLIRegisterCommand
 .text.FreeRTOS_CLIProcessCommand
                0x000000000800e090      0x114 Thirdparty/Middleware/FreeRTOS/Source/FreeRTOS_CLI.o
                0x000000000800e090                FreeRTOS_CLIProcessCommand
 .text.FreeRTOS_CLIGetOutputBuffer
                0x000000000800e1a4        0x8 Thirdparty/Middleware/FreeRTOS/Source/FreeRTOS_CLI.o
                0x000000000800e1a4                FreeRTOS_CLIGetOutputBuffer
 .text.FreeRTOS_CLIGetParameter
                0x000000000800e1ac       0x7c Thirdparty/Middleware/FreeRTOS/Source/FreeRTOS_CLI.o
                0x000000000800e1ac                FreeRTOS_CLIGetParameter
 .text.prvHelpCommand
                0x000000000800e228      0x10c Thirdparty/Middleware/FreeRTOS/Source/FreeRTOS_CLI.o
 .text.xEventGroupCreate
                0x000000000800e334       0x18 Thirdparty/Middleware/FreeRTOS/Source/event_groups.o
                0x000000000800e334                xEventGroupCreate
 .text.vListInitialise
                0x000000000800e34c       0x16 Thirdparty/Middleware/FreeRTOS/Source/list.o
                0x000000000800e34c                vListInitialise
 .text.vListInitialiseItem
                0x000000000800e362        0x6 Thirdparty/Middleware/FreeRTOS/Source/list.o
                0x000000000800e362                vListInitialiseItem
 .text.vListInsertEnd
                0x000000000800e368       0x16 Thirdparty/Middleware/FreeRTOS/Source/list.o
                0x000000000800e368                vListInsertEnd
 .text.vListInsert
                0x000000000800e37e       0x2e Thirdparty/Middleware/FreeRTOS/Source/list.o
                0x000000000800e37e                vListInsert
 .text.uxListRemove
                0x000000000800e3ac       0x24 Thirdparty/Middleware/FreeRTOS/Source/list.o
                0x000000000800e3ac                uxListRemove
 .text.prvCopyDataToQueue
                0x000000000800e3d0       0x7c Thirdparty/Middleware/FreeRTOS/Source/queue.o
 .text.prvCopyDataFromQueue
                0x000000000800e44c       0x24 Thirdparty/Middleware/FreeRTOS/Source/queue.o
 .text.prvUnlockQueue
                0x000000000800e470       0x7e Thirdparty/Middleware/FreeRTOS/Source/queue.o
 .text.xQueueGenericReset
                0x000000000800e4ee       0x68 Thirdparty/Middleware/FreeRTOS/Source/queue.o
                0x000000000800e4ee                xQueueGenericReset
 .text.xQueueGenericCreate
                0x000000000800e556       0x4a Thirdparty/Middleware/FreeRTOS/Source/queue.o
                0x000000000800e556                xQueueGenericCreate
 .text.xQueueCreateCountingSemaphore
                0x000000000800e5a0       0x28 Thirdparty/Middleware/FreeRTOS/Source/queue.o
                0x000000000800e5a0                xQueueCreateCountingSemaphore
 .text.xQueueGenericSend
                0x000000000800e5c8      0x138 Thirdparty/Middleware/FreeRTOS/Source/queue.o
                0x000000000800e5c8                xQueueGenericSend
 .text.xQueueGenericSendFromISR
                0x000000000800e700       0x90 Thirdparty/Middleware/FreeRTOS/Source/queue.o
                0x000000000800e700                xQueueGenericSendFromISR
 .text.xQueueGiveFromISR
                0x000000000800e790       0x78 Thirdparty/Middleware/FreeRTOS/Source/queue.o
                0x000000000800e790                xQueueGiveFromISR
 .text.xQueueGenericReceive
                0x000000000800e808      0x156 Thirdparty/Middleware/FreeRTOS/Source/queue.o
                0x000000000800e808                xQueueGenericReceive
 .text.xQueueReceiveFromISR
                0x000000000800e95e       0x7e Thirdparty/Middleware/FreeRTOS/Source/queue.o
                0x000000000800e95e                xQueueReceiveFromISR
 .text.vQueueAddToRegistry
                0x000000000800e9dc       0x28 Thirdparty/Middleware/FreeRTOS/Source/queue.o
                0x000000000800e9dc                vQueueAddToRegistry
 .text.vQueueWaitForMessageRestricted
                0x000000000800ea04       0x40 Thirdparty/Middleware/FreeRTOS/Source/queue.o
                0x000000000800ea04                vQueueWaitForMessageRestricted
 .text.prvListTaskWithinSingleList
                0x000000000800ea44       0xb0 Thirdparty/Middleware/FreeRTOS/Source/tasks.o
 .text.prvResetNextTaskUnblockTime
                0x000000000800eaf4       0x2c Thirdparty/Middleware/FreeRTOS/Source/tasks.o
 .text.prvAddCurrentTaskToDelayedList
                0x000000000800eb20       0x54 Thirdparty/Middleware/FreeRTOS/Source/tasks.o
 .text.prvWriteNameToBuffer
                0x000000000800eb74       0x2c Thirdparty/Middleware/FreeRTOS/Source/tasks.o
 .text.xTaskGenericCreate
                0x000000000800eba0      0x1f8 Thirdparty/Middleware/FreeRTOS/Source/tasks.o
                0x000000000800eba0                xTaskGenericCreate
 .text.uxTaskPriorityGet
                0x000000000800ed98       0x20 Thirdparty/Middleware/FreeRTOS/Source/tasks.o
                0x000000000800ed98                uxTaskPriorityGet
 .text.vTaskPrioritySet
                0x000000000800edb8       0xb4 Thirdparty/Middleware/FreeRTOS/Source/tasks.o
                0x000000000800edb8                vTaskPrioritySet
 .text.vTaskStartScheduler
                0x000000000800ee6c       0x58 Thirdparty/Middleware/FreeRTOS/Source/tasks.o
                0x000000000800ee6c                vTaskStartScheduler
 .text.vTaskSuspendAll
                0x000000000800eec4       0x10 Thirdparty/Middleware/FreeRTOS/Source/tasks.o
                0x000000000800eec4                vTaskSuspendAll
 .text.xTaskGetTickCount
                0x000000000800eed4        0xc Thirdparty/Middleware/FreeRTOS/Source/tasks.o
                0x000000000800eed4                xTaskGetTickCount
 .text.xTaskGetTickCountFromISR
                0x000000000800eee0        0xc Thirdparty/Middleware/FreeRTOS/Source/tasks.o
                0x000000000800eee0                xTaskGetTickCountFromISR
 .text.xTaskIncrementTick
                0x000000000800eeec      0x128 Thirdparty/Middleware/FreeRTOS/Source/tasks.o
                0x000000000800eeec                xTaskIncrementTick
 .text.xTaskResumeAll
                0x000000000800f014       0xe8 Thirdparty/Middleware/FreeRTOS/Source/tasks.o
                0x000000000800f014                xTaskResumeAll
 .text.vTaskDelay
                0x000000000800f0fc       0x48 Thirdparty/Middleware/FreeRTOS/Source/tasks.o
                0x000000000800f0fc                vTaskDelay
 .text.prvIdleTask
                0x000000000800f144       0x6c Thirdparty/Middleware/FreeRTOS/Source/tasks.o
 .text.uxTaskGetSystemState
                0x000000000800f1b0       0xa4 Thirdparty/Middleware/FreeRTOS/Source/tasks.o
                0x000000000800f1b0                uxTaskGetSystemState
 .text.vTaskSwitchContext
                0x000000000800f254      0x104 Thirdparty/Middleware/FreeRTOS/Source/tasks.o
                0x000000000800f254                vTaskSwitchContext
 .text.vTaskPlaceOnEventList
                0x000000000800f358       0x48 Thirdparty/Middleware/FreeRTOS/Source/tasks.o
                0x000000000800f358                vTaskPlaceOnEventList
 .text.vTaskPlaceOnEventListRestricted
                0x000000000800f3a0       0x34 Thirdparty/Middleware/FreeRTOS/Source/tasks.o
                0x000000000800f3a0                vTaskPlaceOnEventListRestricted
 .text.xTaskRemoveFromEventList
                0x000000000800f3d4       0x80 Thirdparty/Middleware/FreeRTOS/Source/tasks.o
                0x000000000800f3d4                xTaskRemoveFromEventList
 .text.vTaskSetTimeOutState
                0x000000000800f454       0x20 Thirdparty/Middleware/FreeRTOS/Source/tasks.o
                0x000000000800f454                vTaskSetTimeOutState
 .text.xTaskCheckForTimeOut
                0x000000000800f474       0x64 Thirdparty/Middleware/FreeRTOS/Source/tasks.o
                0x000000000800f474                xTaskCheckForTimeOut
 .text.vTaskMissedYield
                0x000000000800f4d8        0xc Thirdparty/Middleware/FreeRTOS/Source/tasks.o
                0x000000000800f4d8                vTaskMissedYield
 .text.xTaskGetSchedulerState
                0x000000000800f4e4       0x20 Thirdparty/Middleware/FreeRTOS/Source/tasks.o
                0x000000000800f4e4                xTaskGetSchedulerState
 .text.vTaskPriorityInherit
                0x000000000800f504       0x7c Thirdparty/Middleware/FreeRTOS/Source/tasks.o
                0x000000000800f504                vTaskPriorityInherit
 .text.xTaskPriorityDisinherit
                0x000000000800f580       0x74 Thirdparty/Middleware/FreeRTOS/Source/tasks.o
                0x000000000800f580                xTaskPriorityDisinherit
 .text.vTaskList
                0x000000000800f5f4       0xdc Thirdparty/Middleware/FreeRTOS/Source/tasks.o
                0x000000000800f5f4                vTaskList
 .text.vTaskGetRunTimeStats
                0x000000000800f6d0       0xc4 Thirdparty/Middleware/FreeRTOS/Source/tasks.o
                0x000000000800f6d0                vTaskGetRunTimeStats
 .text.pvTaskIncrementMutexHeldCount
                0x000000000800f794       0x1c Thirdparty/Middleware/FreeRTOS/Source/tasks.o
                0x000000000800f794                pvTaskIncrementMutexHeldCount
 .text.ulTaskNotifyTake
                0x000000000800f7b0       0x98 Thirdparty/Middleware/FreeRTOS/Source/tasks.o
                0x000000000800f7b0                ulTaskNotifyTake
 .text.xTaskGenericNotify
                0x000000000800f848       0xb8 Thirdparty/Middleware/FreeRTOS/Source/tasks.o
                0x000000000800f848                xTaskGenericNotify
 .text.prvInsertTimerInActiveList
                0x000000000800f900       0x48 Thirdparty/Middleware/FreeRTOS/Source/timers.o
 .text.prvCheckForValidListAndQueue
                0x000000000800f948       0x64 Thirdparty/Middleware/FreeRTOS/Source/timers.o
 .text.xTimerCreateTimerTask
                0x000000000800f9ac       0x40 Thirdparty/Middleware/FreeRTOS/Source/timers.o
                0x000000000800f9ac                xTimerCreateTimerTask
 .text.xTimerCreate
                0x000000000800f9ec       0x40 Thirdparty/Middleware/FreeRTOS/Source/timers.o
                0x000000000800f9ec                xTimerCreate
 .text.xTimerGenericCommand
                0x000000000800fa2c       0x58 Thirdparty/Middleware/FreeRTOS/Source/timers.o
                0x000000000800fa2c                xTimerGenericCommand
 .text.prvSampleTimeNow
                0x000000000800fa84       0xb0 Thirdparty/Middleware/FreeRTOS/Source/timers.o
 .text.prvTimerTask
                0x000000000800fb34      0x170 Thirdparty/Middleware/FreeRTOS/Source/timers.o
 .text.pvTimerGetTimerID
                0x000000000800fca4       0x18 Thirdparty/Middleware/FreeRTOS/Source/timers.o
                0x000000000800fca4                pvTimerGetTimerID
 .text.prvTaskExitError
                0x000000000800fcbc       0x14 Thirdparty/Middleware/FreeRTOS/Source/portable/GCC/ARM_CM0/port.o
 .text.vPortStartFirstTask
                0x000000000800fcd0       0x20 Thirdparty/Middleware/FreeRTOS/Source/portable/GCC/ARM_CM0/port.o
 .text.pxPortInitialiseStack
                0x000000000800fcf0       0x20 Thirdparty/Middleware/FreeRTOS/Source/portable/GCC/ARM_CM0/port.o
                0x000000000800fcf0                pxPortInitialiseStack
 .text.SVC_Handler
                0x000000000800fd10        0x2 Thirdparty/Middleware/FreeRTOS/Source/portable/GCC/ARM_CM0/port.o
                0x000000000800fd10                SVC_Handler
 *fill*         0x000000000800fd12        0x2 
 .text.xPortStartScheduler
                0x000000000800fd14       0x54 Thirdparty/Middleware/FreeRTOS/Source/portable/GCC/ARM_CM0/port.o
                0x000000000800fd14                xPortStartScheduler
 .text.vPortYield
                0x000000000800fd68       0x18 Thirdparty/Middleware/FreeRTOS/Source/portable/GCC/ARM_CM0/port.o
                0x000000000800fd68                vPortYield
 .text.vPortEnterCritical
                0x000000000800fd80       0x18 Thirdparty/Middleware/FreeRTOS/Source/portable/GCC/ARM_CM0/port.o
                0x000000000800fd80                vPortEnterCritical
 .text.vPortExitCritical
                0x000000000800fd98       0x20 Thirdparty/Middleware/FreeRTOS/Source/portable/GCC/ARM_CM0/port.o
                0x000000000800fd98                vPortExitCritical
 .text.ulSetInterruptMaskFromISR
                0x000000000800fdb8        0xa Thirdparty/Middleware/FreeRTOS/Source/portable/GCC/ARM_CM0/port.o
                0x000000000800fdb8                ulSetInterruptMaskFromISR
 .text.vClearInterruptMaskFromISR
                0x000000000800fdc2        0x6 Thirdparty/Middleware/FreeRTOS/Source/portable/GCC/ARM_CM0/port.o
                0x000000000800fdc2                vClearInterruptMaskFromISR
 .text.PendSV_Handler
                0x000000000800fdc8       0x44 Thirdparty/Middleware/FreeRTOS/Source/portable/GCC/ARM_CM0/port.o
                0x000000000800fdc8                PendSV_Handler
 .text.xPortSysTickHandler
                0x000000000800fe0c       0x24 Thirdparty/Middleware/FreeRTOS/Source/portable/GCC/ARM_CM0/port.o
                0x000000000800fe0c                xPortSysTickHandler
 .text.prvInsertBlockIntoFreeList
                0x000000000800fe30       0x54 Thirdparty/Middleware/FreeRTOS/Source/portable/MemMang/heap_4.o
 .text.pvPortMalloc
                0x000000000800fe84      0x124 Thirdparty/Middleware/FreeRTOS/Source/portable/MemMang/heap_4.o
                0x000000000800fe84                pvPortMalloc
 .text.vPortFree
                0x000000000800ffa8       0x54 Thirdparty/Middleware/FreeRTOS/Source/portable/MemMang/heap_4.o
                0x000000000800ffa8                vPortFree
 .text.HAL_InitTick
                0x000000000800fffc       0x24 Thirdparty/STM32F0xx_HAL_Driver/Src/stm32f0xx_hal.o
                0x000000000800fffc                HAL_InitTick
 .text.HAL_Init
                0x0000000008010020       0x20 Thirdparty/STM32F0xx_HAL_Driver/Src/stm32f0xx_hal.o
                0x0000000008010020                HAL_Init
 .text.HAL_IncTick
                0x0000000008010040       0x10 Thirdparty/STM32F0xx_HAL_Driver/Src/stm32f0xx_hal.o
                0x0000000008010040                HAL_IncTick
 .text.HAL_GetTick
                0x0000000008010050        0xc Thirdparty/STM32F0xx_HAL_Driver/Src/stm32f0xx_hal.o
                0x0000000008010050                HAL_GetTick
 .text.HAL_Delay
                0x000000000801005c       0x1c Thirdparty/STM32F0xx_HAL_Driver/Src/stm32f0xx_hal.o
                0x000000000801005c                HAL_Delay
 .text.HAL_GetREVID
                0x0000000008010078        0xc Thirdparty/STM32F0xx_HAL_Driver/Src/stm32f0xx_hal.o
                0x0000000008010078                HAL_GetREVID
 .text.HAL_GetDEVID
                0x0000000008010084       0x10 Thirdparty/STM32F0xx_HAL_Driver/Src/stm32f0xx_hal.o
                0x0000000008010084                HAL_GetDEVID
 .text.HAL_NVIC_SetPriority
                0x0000000008010094       0x64 Thirdparty/STM32F0xx_HAL_Driver/Src/stm32f0xx_hal_cortex.o
                0x0000000008010094                HAL_NVIC_SetPriority
 .text.HAL_NVIC_EnableIRQ
                0x00000000080100f8       0x14 Thirdparty/STM32F0xx_HAL_Driver/Src/stm32f0xx_hal_cortex.o
                0x00000000080100f8                HAL_NVIC_EnableIRQ
 .text.HAL_NVIC_DisableIRQ
                0x000000000801010c       0x14 Thirdparty/STM32F0xx_HAL_Driver/Src/stm32f0xx_hal_cortex.o
                0x000000000801010c                HAL_NVIC_DisableIRQ
 .text.HAL_SYSTICK_Config
                0x0000000008010120       0x38 Thirdparty/STM32F0xx_HAL_Driver/Src/stm32f0xx_hal_cortex.o
                0x0000000008010120                HAL_SYSTICK_Config
 .text.HAL_SYSTICK_CLKSourceConfig
                0x0000000008010158       0x20 Thirdparty/STM32F0xx_HAL_Driver/Src/stm32f0xx_hal_cortex.o
                0x0000000008010158                HAL_SYSTICK_CLKSourceConfig
 .text.CRC_Handle_8
                0x0000000008010178       0x88 Thirdparty/STM32F0xx_HAL_Driver/Src/stm32f0xx_hal_crc.o
 .text.CRC_Handle_16
                0x0000000008010200       0x40 Thirdparty/STM32F0xx_HAL_Driver/Src/stm32f0xx_hal_crc.o
 .text.HAL_CRC_Init
                0x0000000008010240       0x62 Thirdparty/STM32F0xx_HAL_Driver/Src/stm32f0xx_hal_crc.o
                0x0000000008010240                HAL_CRC_Init
 .text.HAL_CRC_Accumulate
                0x00000000080102a2       0x56 Thirdparty/STM32F0xx_HAL_Driver/Src/stm32f0xx_hal_crc.o
                0x00000000080102a2                HAL_CRC_Accumulate
 .text.HAL_CRC_Calculate
                0x00000000080102f8       0x62 Thirdparty/STM32F0xx_HAL_Driver/Src/stm32f0xx_hal_crc.o
                0x00000000080102f8                HAL_CRC_Calculate
 .text.HAL_CRCEx_Polynomial_Set
                0x000000000801035a       0x52 Thirdparty/STM32F0xx_HAL_Driver/Src/stm32f0xx_hal_crc_ex.o
                0x000000000801035a                HAL_CRCEx_Polynomial_Set
 .text.HAL_CRCEx_Init
                0x00000000080103ac       0x34 Thirdparty/STM32F0xx_HAL_Driver/Src/stm32f0xx_hal_crc_ex.o
                0x00000000080103ac                HAL_CRCEx_Init
 .text.HAL_DMA_Init
                0x00000000080103e0       0x54 Thirdparty/STM32F0xx_HAL_Driver/Src/stm32f0xx_hal_dma.o
                0x00000000080103e0                HAL_DMA_Init
 .text.HAL_DMA_Start_IT
                0x0000000008010434       0x6a Thirdparty/STM32F0xx_HAL_Driver/Src/stm32f0xx_hal_dma.o
                0x0000000008010434                HAL_DMA_Start_IT
 .text.HAL_DMA_Abort
                0x000000000801049e       0x52 Thirdparty/STM32F0xx_HAL_Driver/Src/stm32f0xx_hal_dma.o
                0x000000000801049e                HAL_DMA_Abort
 .text.HAL_DMA_IRQHandler
                0x00000000080104f0      0x8ac Thirdparty/STM32F0xx_HAL_Driver/Src/stm32f0xx_hal_dma.o
                0x00000000080104f0                HAL_DMA_IRQHandler
 .text.FLASH_SetErrorCode
                0x0000000008010d9c       0x34 Thirdparty/STM32F0xx_HAL_Driver/Src/stm32f0xx_hal_flash.o
 .text.HAL_FLASH_Unlock
                0x0000000008010dd0       0x28 Thirdparty/STM32F0xx_HAL_Driver/Src/stm32f0xx_hal_flash.o
                0x0000000008010dd0                HAL_FLASH_Unlock
 .text.HAL_FLASH_Lock
                0x0000000008010df8       0x14 Thirdparty/STM32F0xx_HAL_Driver/Src/stm32f0xx_hal_flash.o
                0x0000000008010df8                HAL_FLASH_Lock
 .text.FLASH_WaitForLastOperation
                0x0000000008010e0c       0x5c Thirdparty/STM32F0xx_HAL_Driver/Src/stm32f0xx_hal_flash.o
                0x0000000008010e0c                FLASH_WaitForLastOperation
 .text.HAL_FLASH_Program
                0x0000000008010e68       0xcc Thirdparty/STM32F0xx_HAL_Driver/Src/stm32f0xx_hal_flash.o
                0x0000000008010e68                HAL_FLASH_Program
 .text.FLASH_MassErase
                0x0000000008010f34       0x24 Thirdparty/STM32F0xx_HAL_Driver/Src/stm32f0xx_hal_flash_ex.o
 .text.FLASH_PageErase
                0x0000000008010f58       0x24 Thirdparty/STM32F0xx_HAL_Driver/Src/stm32f0xx_hal_flash_ex.o
                0x0000000008010f58                FLASH_PageErase
 .text.HAL_FLASHEx_Erase
                0x0000000008010f7c       0xc4 Thirdparty/STM32F0xx_HAL_Driver/Src/stm32f0xx_hal_flash_ex.o
                0x0000000008010f7c                HAL_FLASHEx_Erase
 .text.HAL_GPIO_Init
                0x0000000008011040      0x1d4 Thirdparty/STM32F0xx_HAL_Driver/Src/stm32f0xx_hal_gpio.o
                0x0000000008011040                HAL_GPIO_Init
 .text.HAL_GPIO_ReadPin
                0x0000000008011214        0xc Thirdparty/STM32F0xx_HAL_Driver/Src/stm32f0xx_hal_gpio.o
                0x0000000008011214                HAL_GPIO_ReadPin
 .text.HAL_GPIO_WritePin
                0x0000000008011220        0xc Thirdparty/STM32F0xx_HAL_Driver/Src/stm32f0xx_hal_gpio.o
                0x0000000008011220                HAL_GPIO_WritePin
 .text.HAL_GPIO_TogglePin
                0x000000000801122c        0x8 Thirdparty/STM32F0xx_HAL_Driver/Src/stm32f0xx_hal_gpio.o
                0x000000000801122c                HAL_GPIO_TogglePin
 .text.HAL_GPIO_EXTI_Callback
                0x0000000008011234        0x2 Thirdparty/STM32F0xx_HAL_Driver/Src/stm32f0xx_hal_gpio.o
                0x0000000008011234                HAL_GPIO_EXTI_Callback
 *fill*         0x0000000008011236        0x2 
 .text.HAL_GPIO_EXTI_IRQHandler
                0x0000000008011238       0x1c Thirdparty/STM32F0xx_HAL_Driver/Src/stm32f0xx_hal_gpio.o
                0x0000000008011238                HAL_GPIO_EXTI_IRQHandler
 .text.I2C_TransferConfig
                0x0000000008011254       0x24 Thirdparty/STM32F0xx_HAL_Driver/Src/stm32f0xx_hal_i2c.o
 .text.I2C_IsAcknowledgeFailed
                0x0000000008011278       0x98 Thirdparty/STM32F0xx_HAL_Driver/Src/stm32f0xx_hal_i2c.o
 .text.I2C_WaitOnTXISFlagUntilTimeout
                0x0000000008011310       0x54 Thirdparty/STM32F0xx_HAL_Driver/Src/stm32f0xx_hal_i2c.o
 .text.I2C_WaitOnFlagUntilTimeout
                0x0000000008011364       0x8a Thirdparty/STM32F0xx_HAL_Driver/Src/stm32f0xx_hal_i2c.o
 .text.I2C_WaitOnSTOPFlagUntilTimeout
                0x00000000080113ee       0x50 Thirdparty/STM32F0xx_HAL_Driver/Src/stm32f0xx_hal_i2c.o
 .text.HAL_I2C_MspInit
                0x000000000801143e        0x2 Thirdparty/STM32F0xx_HAL_Driver/Src/stm32f0xx_hal_i2c.o
                0x000000000801143e                HAL_I2C_MspInit
 .text.HAL_I2C_Init
                0x0000000008011440       0xbc Thirdparty/STM32F0xx_HAL_Driver/Src/stm32f0xx_hal_i2c.o
                0x0000000008011440                HAL_I2C_Init
 .text.HAL_I2C_Master_Transmit
                0x00000000080114fc      0x15c Thirdparty/STM32F0xx_HAL_Driver/Src/stm32f0xx_hal_i2c.o
                0x00000000080114fc                HAL_I2C_Master_Transmit
 .text.HAL_I2C_Master_Receive
                0x0000000008011658      0x158 Thirdparty/STM32F0xx_HAL_Driver/Src/stm32f0xx_hal_i2c.o
                0x0000000008011658                HAL_I2C_Master_Receive
 .text.HAL_I2C_MasterTxCpltCallback
                0x00000000080117b0        0x2 Thirdparty/STM32F0xx_HAL_Driver/Src/stm32f0xx_hal_i2c.o
                0x00000000080117b0                HAL_I2C_MasterTxCpltCallback
 .text.HAL_I2C_SlaveTxCpltCallback
                0x00000000080117b2        0x2 Thirdparty/STM32F0xx_HAL_Driver/Src/stm32f0xx_hal_i2c.o
                0x00000000080117b2                HAL_I2C_SlaveTxCpltCallback
 .text.HAL_I2C_SlaveRxCpltCallback
                0x00000000080117b4        0x2 Thirdparty/STM32F0xx_HAL_Driver/Src/stm32f0xx_hal_i2c.o
                0x00000000080117b4                HAL_I2C_SlaveRxCpltCallback
 .text.HAL_I2C_MemTxCpltCallback
                0x00000000080117b6        0x2 Thirdparty/STM32F0xx_HAL_Driver/Src/stm32f0xx_hal_i2c.o
                0x00000000080117b6                HAL_I2C_MemTxCpltCallback
 .text.HAL_I2C_MemRxCpltCallback
                0x00000000080117b8        0x2 Thirdparty/STM32F0xx_HAL_Driver/Src/stm32f0xx_hal_i2c.o
                0x00000000080117b8                HAL_I2C_MemRxCpltCallback
 .text.HAL_I2C_ErrorCallback
                0x00000000080117ba        0x2 Thirdparty/STM32F0xx_HAL_Driver/Src/stm32f0xx_hal_i2c.o
                0x00000000080117ba                HAL_I2C_ErrorCallback
 .text.HAL_I2C_EV_IRQHandler
                0x00000000080117bc      0x490 Thirdparty/STM32F0xx_HAL_Driver/Src/stm32f0xx_hal_i2c.o
                0x00000000080117bc                HAL_I2C_EV_IRQHandler
 .text.HAL_I2C_ER_IRQHandler
                0x0000000008011c4c       0x6c Thirdparty/STM32F0xx_HAL_Driver/Src/stm32f0xx_hal_i2c.o
                0x0000000008011c4c                HAL_I2C_ER_IRQHandler
 .text.HAL_I2CEx_ConfigAnalogFilter
                0x0000000008011cb8       0x88 Thirdparty/STM32F0xx_HAL_Driver/Src/stm32f0xx_hal_i2c_ex.o
                0x0000000008011cb8                HAL_I2CEx_ConfigAnalogFilter
 .text.HAL_I2CEx_ConfigDigitalFilter
                0x0000000008011d40       0x84 Thirdparty/STM32F0xx_HAL_Driver/Src/stm32f0xx_hal_i2c_ex.o
                0x0000000008011d40                HAL_I2CEx_ConfigDigitalFilter
 .text.HAL_MspInit
                0x0000000008011dc4        0x2 Thirdparty/STM32F0xx_HAL_Driver/Src/stm32f0xx_hal_msp_template.o
                0x0000000008011dc4                HAL_MspInit
 *fill*         0x0000000008011dc6        0x2 
 .text.HAL_PWR_EnableBkUpAccess
                0x0000000008011dc8       0x14 Thirdparty/STM32F0xx_HAL_Driver/Src/stm32f0xx_hal_pwr.o
                0x0000000008011dc8                HAL_PWR_EnableBkUpAccess
 .text.HAL_RCC_OscConfig
                0x0000000008011ddc      0x588 Thirdparty/STM32F0xx_HAL_Driver/Src/stm32f0xx_hal_rcc.o
                0x0000000008011ddc                HAL_RCC_OscConfig
 .text.HAL_RCC_ClockConfig
                0x0000000008012364      0x278 Thirdparty/STM32F0xx_HAL_Driver/Src/stm32f0xx_hal_rcc.o
                0x0000000008012364                HAL_RCC_ClockConfig
 .text.HAL_RCC_GetSysClockFreq
                0x00000000080125dc       0xa0 Thirdparty/STM32F0xx_HAL_Driver/Src/stm32f0xx_hal_rcc.o
                0x00000000080125dc                HAL_RCC_GetSysClockFreq
 .text.HAL_RCC_GetHCLKFreq
                0x000000000801267c       0x28 Thirdparty/STM32F0xx_HAL_Driver/Src/stm32f0xx_hal_rcc.o
                0x000000000801267c                HAL_RCC_GetHCLKFreq
 .text.HAL_RCC_GetPCLK1Freq
                0x00000000080126a4       0x20 Thirdparty/STM32F0xx_HAL_Driver/Src/stm32f0xx_hal_rcc.o
                0x00000000080126a4                HAL_RCC_GetPCLK1Freq
 .text.HAL_RCCEx_PeriphCLKConfig
                0x00000000080126c4      0x13c Thirdparty/STM32F0xx_HAL_Driver/Src/stm32f0xx_hal_rcc_ex.o
                0x00000000080126c4                HAL_RCCEx_PeriphCLKConfig
 .text.HAL_RTC_MspInit
                0x0000000008012800        0x2 Thirdparty/STM32F0xx_HAL_Driver/Src/stm32f0xx_hal_rtc.o
                0x0000000008012800                HAL_RTC_MspInit
 .text.HAL_RTC_WaitForSynchro
                0x0000000008012802       0x34 Thirdparty/STM32F0xx_HAL_Driver/Src/stm32f0xx_hal_rtc.o
                0x0000000008012802                HAL_RTC_WaitForSynchro
 .text.RTC_EnterInitMode
                0x0000000008012836       0x3c Thirdparty/STM32F0xx_HAL_Driver/Src/stm32f0xx_hal_rtc.o
                0x0000000008012836                RTC_EnterInitMode
 *fill*         0x0000000008012872        0x2 
 .text.HAL_RTC_Init
                0x0000000008012874       0xa0 Thirdparty/STM32F0xx_HAL_Driver/Src/stm32f0xx_hal_rtc.o
                0x0000000008012874                HAL_RTC_Init
 .text.RTC_ByteToBcd2
                0x0000000008012914       0x1c Thirdparty/STM32F0xx_HAL_Driver/Src/stm32f0xx_hal_rtc.o
                0x0000000008012914                RTC_ByteToBcd2
 .text.HAL_RTC_SetTime
                0x0000000008012930      0x100 Thirdparty/STM32F0xx_HAL_Driver/Src/stm32f0xx_hal_rtc.o
                0x0000000008012930                HAL_RTC_SetTime
 .text.HAL_RTC_SetDate
                0x0000000008012a30       0xe4 Thirdparty/STM32F0xx_HAL_Driver/Src/stm32f0xx_hal_rtc.o
                0x0000000008012a30                HAL_RTC_SetDate
 .text.RTC_Bcd2ToByte
                0x0000000008012b14       0x14 Thirdparty/STM32F0xx_HAL_Driver/Src/stm32f0xx_hal_rtc.o
                0x0000000008012b14                RTC_Bcd2ToByte
 .text.HAL_RTC_GetTime
                0x0000000008012b28       0x4c Thirdparty/STM32F0xx_HAL_Driver/Src/stm32f0xx_hal_rtc.o
                0x0000000008012b28                HAL_RTC_GetTime
 .text.HAL_RTC_GetDate
                0x0000000008012b74       0x44 Thirdparty/STM32F0xx_HAL_Driver/Src/stm32f0xx_hal_rtc.o
                0x0000000008012b74                HAL_RTC_GetDate
 .text.HAL_RTCEx_BKUPWrite
                0x0000000008012bb8        0xc Thirdparty/STM32F0xx_HAL_Driver/Src/stm32f0xx_hal_rtc_ex.o
                0x0000000008012bb8                HAL_RTCEx_BKUPWrite
 .text.HAL_RTCEx_BKUPRead
                0x0000000008012bc4        0xc Thirdparty/STM32F0xx_HAL_Driver/Src/stm32f0xx_hal_rtc_ex.o
                0x0000000008012bc4                HAL_RTCEx_BKUPRead
 .text.HAL_TIM_Base_MspInit
                0x0000000008012bd0        0x2 Thirdparty/STM32F0xx_HAL_Driver/Src/stm32f0xx_hal_tim.o
                0x0000000008012bd0                HAL_TIM_Base_MspInit
 .text.HAL_TIM_Base_Start
                0x0000000008012bd2       0x18 Thirdparty/STM32F0xx_HAL_Driver/Src/stm32f0xx_hal_tim.o
                0x0000000008012bd2                HAL_TIM_Base_Start
 *fill*         0x0000000008012bea        0x2 
 .text.TIM_Base_SetConfig
                0x0000000008012bec       0xdc Thirdparty/STM32F0xx_HAL_Driver/Src/stm32f0xx_hal_tim.o
                0x0000000008012bec                TIM_Base_SetConfig
 .text.HAL_TIM_Base_Init
                0x0000000008012cc8       0x34 Thirdparty/STM32F0xx_HAL_Driver/Src/stm32f0xx_hal_tim.o
                0x0000000008012cc8                HAL_TIM_Base_Init
 .text.HAL_TIMEx_MasterConfigSynchronization
                0x0000000008012cfc       0x4c Thirdparty/STM32F0xx_HAL_Driver/Src/stm32f0xx_hal_tim_ex.o
                0x0000000008012cfc                HAL_TIMEx_MasterConfigSynchronization
 .text.HAL_UART_MspDeInit
                0x0000000008012d48        0x2 Thirdparty/STM32F0xx_HAL_Driver/Src/stm32f0xx_hal_uart.o
                0x0000000008012d48                HAL_UART_MspDeInit
 .text.HAL_UART_DeInit
                0x0000000008012d4a       0x38 Thirdparty/STM32F0xx_HAL_Driver/Src/stm32f0xx_hal_uart.o
                0x0000000008012d4a                HAL_UART_DeInit
 .text.HAL_UART_Transmit_IT
                0x0000000008012d82       0x7a Thirdparty/STM32F0xx_HAL_Driver/Src/stm32f0xx_hal_uart.o
                0x0000000008012d82                HAL_UART_Transmit_IT
 .text.HAL_UART_Receive_IT
                0x0000000008012dfc       0xe4 Thirdparty/STM32F0xx_HAL_Driver/Src/stm32f0xx_hal_uart.o
                0x0000000008012dfc                HAL_UART_Receive_IT
 .text.HAL_UART_Transmit_DMA
                0x0000000008012ee0       0xa4 Thirdparty/STM32F0xx_HAL_Driver/Src/stm32f0xx_hal_uart.o
                0x0000000008012ee0                HAL_UART_Transmit_DMA
 .text.HAL_UART_Receive_DMA
                0x0000000008012f84       0x9c Thirdparty/STM32F0xx_HAL_Driver/Src/stm32f0xx_hal_uart.o
                0x0000000008012f84                HAL_UART_Receive_DMA
 .text.UART_DMATransmitCplt
                0x0000000008013020       0x30 Thirdparty/STM32F0xx_HAL_Driver/Src/stm32f0xx_hal_uart.o
 .text.HAL_UART_TxHalfCpltCallback
                0x0000000008013050        0x2 Thirdparty/STM32F0xx_HAL_Driver/Src/stm32f0xx_hal_uart.o
                0x0000000008013050                HAL_UART_TxHalfCpltCallback
 .text.UART_DMATxHalfCplt
                0x0000000008013052        0xa Thirdparty/STM32F0xx_HAL_Driver/Src/stm32f0xx_hal_uart.o
 .text.UART_DMAReceiveCplt
                0x000000000801305c       0x3a Thirdparty/STM32F0xx_HAL_Driver/Src/stm32f0xx_hal_uart.o
 .text.HAL_UART_RxHalfCpltCallback
                0x0000000008013096        0x2 Thirdparty/STM32F0xx_HAL_Driver/Src/stm32f0xx_hal_uart.o
                0x0000000008013096                HAL_UART_RxHalfCpltCallback
 .text.UART_DMARxHalfCplt
                0x0000000008013098        0xa Thirdparty/STM32F0xx_HAL_Driver/Src/stm32f0xx_hal_uart.o
 .text.UART_DMAError
                0x00000000080130a2       0x22 Thirdparty/STM32F0xx_HAL_Driver/Src/stm32f0xx_hal_uart.o
 .text.UART_SetConfig
                0x00000000080130c4      0x238 Thirdparty/STM32F0xx_HAL_Driver/Src/stm32f0xx_hal_uart.o
                0x00000000080130c4                UART_SetConfig
 .text.UART_AdvFeatureConfig
                0x00000000080132fc       0xe0 Thirdparty/STM32F0xx_HAL_Driver/Src/stm32f0xx_hal_uart.o
                0x00000000080132fc                UART_AdvFeatureConfig
 .text.UART_WaitOnFlagUntilTimeout
                0x00000000080133dc       0xd0 Thirdparty/STM32F0xx_HAL_Driver/Src/stm32f0xx_hal_uart.o
                0x00000000080133dc                UART_WaitOnFlagUntilTimeout
 .text.HAL_UART_Transmit
                0x00000000080134ac       0xde Thirdparty/STM32F0xx_HAL_Driver/Src/stm32f0xx_hal_uart.o
                0x00000000080134ac                HAL_UART_Transmit
 *fill*         0x000000000801358a        0x2 
 .text.UART_CheckIdleState
                0x000000000801358c       0x78 Thirdparty/STM32F0xx_HAL_Driver/Src/stm32f0xx_hal_uart.o
                0x000000000801358c                UART_CheckIdleState
 .text.HAL_UART_Init
                0x0000000008013604       0x70 Thirdparty/STM32F0xx_HAL_Driver/Src/stm32f0xx_hal_uart.o
                0x0000000008013604                HAL_UART_Init
 .text.UART_Transmit_IT
                0x0000000008013674       0x70 Thirdparty/STM32F0xx_HAL_Driver/Src/stm32f0xx_hal_uart.o
                0x0000000008013674                UART_Transmit_IT
 .text.UART_EndTransmit_IT
                0x00000000080136e4       0x32 Thirdparty/STM32F0xx_HAL_Driver/Src/stm32f0xx_hal_uart.o
                0x00000000080136e4                UART_EndTransmit_IT
 *fill*         0x0000000008013716        0x2 
 .text.UART_Receive_IT
                0x0000000008013718       0x9c Thirdparty/STM32F0xx_HAL_Driver/Src/stm32f0xx_hal_uart.o
                0x0000000008013718                UART_Receive_IT
 .text.HAL_UARTEx_WakeupCallback
                0x00000000080137b4        0x2 Thirdparty/STM32F0xx_HAL_Driver/Src/stm32f0xx_hal_uart_ex.o
                0x00000000080137b4                HAL_UARTEx_WakeupCallback
 .text.HAL_UART_IRQHandler
                0x00000000080137b6       0xfc Thirdparty/STM32F0xx_HAL_Driver/Src/stm32f0xx_hal_uart_ex.o
                0x00000000080137b6                HAL_UART_IRQHandler
 *fill*         0x00000000080138b2        0x2 
 .text.VL53L0X_SetDeviceMode
                0x00000000080138b4       0x24 Thirdparty/VL53L0X_1.0.2/Api/core/src/vl53l0x_api.o
                0x00000000080138b4                VL53L0X_SetDeviceMode
 .text.VL53L0X_GetFractionEnable
                0x00000000080138d8       0x1a Thirdparty/VL53L0X_1.0.2/Api/core/src/vl53l0x_api.o
                0x00000000080138d8                VL53L0X_GetFractionEnable
 .text.VL53L0X_SetMeasurementTimingBudgetMicroSeconds
                0x00000000080138f2        0x8 Thirdparty/VL53L0X_1.0.2/Api/core/src/vl53l0x_api.o
                0x00000000080138f2                VL53L0X_SetMeasurementTimingBudgetMicroSeconds
 .text.VL53L0X_GetVcselPulsePeriod
                0x00000000080138fa        0x8 Thirdparty/VL53L0X_1.0.2/Api/core/src/vl53l0x_api.o
                0x00000000080138fa                VL53L0X_GetVcselPulsePeriod
 *fill*         0x0000000008013902        0x2 
 .text.VL53L0X_SetSequenceStepEnable
                0x0000000008013904       0xb8 Thirdparty/VL53L0X_1.0.2/Api/core/src/vl53l0x_api.o
                0x0000000008013904                VL53L0X_SetSequenceStepEnable
 .text.sequence_step_enabled
                0x00000000080139bc       0x4c Thirdparty/VL53L0X_1.0.2/Api/core/src/vl53l0x_api.o
                0x00000000080139bc                sequence_step_enabled
 .text.VL53L0X_GetSequenceStepEnables
                0x0000000008013a08       0x7e Thirdparty/VL53L0X_1.0.2/Api/core/src/vl53l0x_api.o
                0x0000000008013a08                VL53L0X_GetSequenceStepEnables
 .text.VL53L0X_SetInterMeasurementPeriodMilliSeconds
                0x0000000008013a86       0x38 Thirdparty/VL53L0X_1.0.2/Api/core/src/vl53l0x_api.o
                0x0000000008013a86                VL53L0X_SetInterMeasurementPeriodMilliSeconds
 .text.VL53L0X_GetInterMeasurementPeriodMilliSeconds
                0x0000000008013abe       0x40 Thirdparty/VL53L0X_1.0.2/Api/core/src/vl53l0x_api.o
                0x0000000008013abe                VL53L0X_GetInterMeasurementPeriodMilliSeconds
 .text.VL53L0X_GetXTalkCompensationEnable
                0x0000000008013afe        0x8 Thirdparty/VL53L0X_1.0.2/Api/core/src/vl53l0x_api.o
                0x0000000008013afe                VL53L0X_GetXTalkCompensationEnable
 .text.VL53L0X_GetXTalkCompensationRateMegaCps
                0x0000000008013b06       0x38 Thirdparty/VL53L0X_1.0.2/Api/core/src/vl53l0x_api.o
                0x0000000008013b06                VL53L0X_GetXTalkCompensationRateMegaCps
 *fill*         0x0000000008013b3e        0x2 
 .text.VL53L0X_SetLimitCheckEnable
                0x0000000008013b40       0x9c Thirdparty/VL53L0X_1.0.2/Api/core/src/vl53l0x_api.o
                0x0000000008013b40                VL53L0X_SetLimitCheckEnable
 .text.VL53L0X_GetLimitCheckEnable
                0x0000000008013bdc       0x18 Thirdparty/VL53L0X_1.0.2/Api/core/src/vl53l0x_api.o
                0x0000000008013bdc                VL53L0X_GetLimitCheckEnable
 .text.VL53L0X_SetLimitCheckValue
                0x0000000008013bf4       0x68 Thirdparty/VL53L0X_1.0.2/Api/core/src/vl53l0x_api.o
                0x0000000008013bf4                VL53L0X_SetLimitCheckValue
 .text.VL53L0X_GetLimitCheckValue
                0x0000000008013c5c       0x7c Thirdparty/VL53L0X_1.0.2/Api/core/src/vl53l0x_api.o
                0x0000000008013c5c                VL53L0X_GetLimitCheckValue
 .text.VL53L0X_GetWrapAroundCheckEnable
                0x0000000008013cd8       0x3c Thirdparty/VL53L0X_1.0.2/Api/core/src/vl53l0x_api.o
                0x0000000008013cd8                VL53L0X_GetWrapAroundCheckEnable
 .text.VL53L0X_GetDeviceParameters
                0x0000000008013d14       0x88 Thirdparty/VL53L0X_1.0.2/Api/core/src/vl53l0x_api.o
                0x0000000008013d14                VL53L0X_GetDeviceParameters
 .text.VL53L0X_DataInit
                0x0000000008013d9c      0x1c8 Thirdparty/VL53L0X_1.0.2/Api/core/src/vl53l0x_api.o
                0x0000000008013d9c                VL53L0X_DataInit
 .text.VL53L0X_PerformRefCalibration
                0x0000000008013f64        0xa Thirdparty/VL53L0X_1.0.2/Api/core/src/vl53l0x_api.o
                0x0000000008013f64                VL53L0X_PerformRefCalibration
 *fill*         0x0000000008013f6e        0x2 
 .text.VL53L0X_GetRangingMeasurementData
                0x0000000008013f70      0x158 Thirdparty/VL53L0X_1.0.2/Api/core/src/vl53l0x_api.o
                0x0000000008013f70                VL53L0X_GetRangingMeasurementData
 .text.VL53L0X_SetInterruptThresholds
                0x00000000080140c8       0x24 Thirdparty/VL53L0X_1.0.2/Api/core/src/vl53l0x_api.o
                0x00000000080140c8                VL53L0X_SetInterruptThresholds
 .text.VL53L0X_GetInterruptThresholds
                0x00000000080140ec       0x48 Thirdparty/VL53L0X_1.0.2/Api/core/src/vl53l0x_api.o
                0x00000000080140ec                VL53L0X_GetInterruptThresholds
 .text.VL53L0X_CheckAndLoadInterruptSettings
                0x0000000008014134       0x84 Thirdparty/VL53L0X_1.0.2/Api/core/src/vl53l0x_api.o
                0x0000000008014134                VL53L0X_CheckAndLoadInterruptSettings
 .text.VL53L0X_StartMeasurement
                0x00000000080141b8      0x10e Thirdparty/VL53L0X_1.0.2/Api/core/src/vl53l0x_api.o
                0x00000000080141b8                VL53L0X_StartMeasurement
 .text.VL53L0X_PerformSingleMeasurement
                0x00000000080142c6       0x32 Thirdparty/VL53L0X_1.0.2/Api/core/src/vl53l0x_api.o
                0x00000000080142c6                VL53L0X_PerformSingleMeasurement
 .text.VL53L0X_StopMeasurement
                0x00000000080142f8       0x54 Thirdparty/VL53L0X_1.0.2/Api/core/src/vl53l0x_api.o
                0x00000000080142f8                VL53L0X_StopMeasurement
 .text.VL53L0X_GetStopCompletedStatus