H08R6.c:691:14:ConvertCurrentUnit	8	static
H08R6.c:1338:22:rangeModParamCommand	8	static,ignoring_inline_asm
H08R6.c:881:13:CheckForEnterKey	16	static
H08R6.c:715:13:SendMeasurementResult	48	static
H08R6.c:1256:22:Vl53l0xUnitsCommand	24	static,ignoring_inline_asm
H08R6.c:480:13:Vl53l0xInit	24	static
H08R6.c:671:14:GetMeasurementResult	40	static
H08R6.c:437:6:ToFTask	16	static
H08R6.c:621:22:SetMeasurementMode	24	static
H08R6.c:604:13:HandleTimeout	8	static
H08R6.c:169:6:SystemClock_Config	128	static
H08R6.c:215:6:Module_Init	24	static
H08R6.c:246:9:SaveToRO	48	static
H08R6.c:342:9:ClearROtopology	8	static
H08R6.c:400:6:RegisterModuleCLICommands	8	static
H08R6.c:415:9:GetPort	0	static
H08R6.c:905:7:Sample_ToF	8	static
H08R6.c:1095:22:Vl53l0xSampleCommand	16	static,ignoring_inline_asm
H08R6.c:1303:22:Vl53l0xMaxCommand	24	static,ignoring_inline_asm
H08R6.c:926:6:Stream_ToF_Port	16	static
H08R6.c:1067:15:demoCommand	16	static,ignoring_inline_asm
H08R6.c:958:6:Stream_ToF_Memory	8	static
H08R6.c:1116:22:Vl53l0xStreamCommand	56	static,ignoring_inline_asm
H08R6.c:985:15:Stop_ToF	48	static
H08R6.c:1225:22:Vl53l0xStopCommand	8	static,ignoring_inline_asm
H08R6.c:1034:15:SetRangeUnit	0	static
H08R6.c:353:15:Module_MessagingTask	32	static
H08R6.c:1057:9:GetRangeUnit	0	static
