H08R6_uart.c:168:6:MX_USART1_UART_Init	8	static
H08R6_uart.c:191:6:MX_USART2_UART_Init	8	static
H08R6_uart.c:214:6:MX_USART3_UART_Init	8	static
H08R6_uart.c:237:6:MX_USART4_UART_Init	8	static
H08R6_uart.c:260:6:MX_USART5_UART_Init	8	static
H08R6_uart.c:283:6:MX_USART6_UART_Init	8	static
H08R6_uart.c:304:6:HAL_UART_MspInit	72	static
H08R6_uart.c:573:21:GetUart	0	static
H08R6_uart.c:468:19:readPxMutex	32	static
H08R6_uart.c:488:19:writePxMutex	32	static
H08R6_uart.c:508:19:readPxITMutex	32	static
H08R6_uart.c:524:19:writePxITMutex	32	static
H08R6_uart.c:540:19:writePxDMAMutex	32	static
H08R6_uart.c:560:12:UpdateBaudrate	8	static
H08R6_uart.c:626:6:SwapUartPins	16	static
