H08R6.c:1340:22:rangeModParamCommand	8	static,ignoring_inline_asm
H08R6.c:883:13:CheckForEnterKey	16	static
H08R6.c:717:13:SendMeasurementResult	48	static
H08R6.c:1258:22:Vl53l0xUnitsCommand	24	static,ignoring_inline_asm
H08R6.c:673:14:GetMeasurementResult	40	static
H08R6.c:439:6:ToFTask	24	static
H08R6.c:623:22:SetMeasurementMode	24	static
H08R6.c:606:13:HandleTimeout	8	static
H08R6.c:169:6:SystemClock_Config	128	static
H08R6.c:216:6:Module_Init	32	static
H08R6.c:247:9:SaveToRO	72	static
H08R6.c:343:9:ClearROtopology	8	static
H08R6.c:402:6:RegisterModuleCLICommands	8	static
H08R6.c:417:9:GetPort	0	static
H08R6.c:907:7:Sample_ToF	8	static
H08R6.c:1097:22:Vl53l0xSampleCommand	16	static,ignoring_inline_asm
H08R6.c:1305:22:Vl53l0xMaxCommand	32	static,ignoring_inline_asm
H08R6.c:928:6:Stream_ToF_Port	16	static
H08R6.c:1069:15:demoCommand	24	static,ignoring_inline_asm
H08R6.c:960:6:Stream_ToF_Memory	8	static
H08R6.c:1118:22:Vl53l0xStreamCommand	56	static,ignoring_inline_asm
H08R6.c:987:15:Stop_ToF	48	static
H08R6.c:1227:22:Vl53l0xStopCommand	8	static,ignoring_inline_asm
H08R6.c:1036:15:SetRangeUnit	0	static
H08R6.c:354:15:Module_MessagingTask	40	static
H08R6.c:1059:9:GetRangeUnit	0	static
